
> frontend@0.0.0 test
> vitest run src/tests/Dashboard.test.jsx


[7m[1m[36m RUN [39m[22m[27m [36mv1.6.1[39m [90mC:/Users/Dinil Dilmith/Desktop/SDGP-Project/frontend[39m

node.exe : [90mstderr[2m | 
src/tests/Dashboard.test.jsx[2m > 
[22m[2mDashboard Page Tests[2m > 
[22m[2mLoading State[2m > [22m[2mshould show 
loading indicator while fetching data[22m[39m
At line:1 char:1
+ & "C:\Program Files\nodejs/node.exe" "C:\Program 
Files\nodejs/node_mo ...
+ ~~~~~~~~~~~~~~~~~~~~~~~~~~~~~~~~~~~~~~~~~~~~~~~~~~
~~~~~~~~~~~~~~~~~~~
    + CategoryInfo          : NotSpecified: ([90ms 
   tderr[2m... data[22m[39m:String) [], RemoteE  
  xception
    + FullyQualifiedErrorId : NativeCommandError
 
ΓÜá∩╕Å React Router Future Flag Warning: React 
Router will begin wrapping state updates in 
`React.startTransition` in v7. You can use the 
`v7_startTransition` future flag to opt-in early. 
For more information, see https://reactrouter.com/v6
/upgrading/future#v7_starttransition.
ΓÜá∩╕Å React Router Future Flag Warning: Relative 
route resolution within Splat routes is changing in 
v7. You can use the `v7_relativeSplatPath` future 
flag to opt-in early. For more information, see http
s://reactrouter.com/v6/upgrading/future#v7_relatives
platpath.

[90mstderr[2m | src/tests/Dashboard.test.jsx[2m 
> [22m[2mDashboard Page Tests[2m > 
[22m[2mSuccess State[2m > [22m[2mshould 
display page title after loading[22m[39m
The width(-1) and height(-1) of chart should be 
greater than 0,
       please check the style of container, or the 
props width(100%) and height(100%),
       or add a minWidth(0) or minHeight(undefined) 
or use aspect(undefined) to control the
       height and width.

[90mstderr[2m | src/tests/Dashboard.test.jsx[2m 
> [22m[2mDashboard Page Tests[2m > 
[22m[2mSuccess State[2m > [22m[2mshould 
display stats cards[22m[39m
The width(-1) and height(-1) of chart should be 
greater than 0,
       please check the style of container, or the 
props width(100%) and height(100%),
       or add a minWidth(0) or minHeight(undefined) 
or use aspect(undefined) to control the
       height and width.

[90mstderr[2m | src/tests/Dashboard.test.jsx[2m 
> [22m[2mDashboard Page Tests[2m > 
[22m[2mSuccess State[2m > [22m[2mshould 
display correct surgery count[22m[39m
The width(-1) and height(-1) of chart should be 
greater than 0,
       please check the style of container, or the 
props width(100%) and height(100%),
       or add a minWidth(0) or minHeight(undefined) 
or use aspect(undefined) to control the
       height and width.

[90mstderr[2m | src/tests/Dashboard.test.jsx[2m 
> [22m[2mDashboard Page Tests[2m > 
[22m[2mSuccess State[2m > [22m[2mshould 
display staff comparison data when 
available[22m[39m
The width(-1) and height(-1) of chart should be 
greater than 0,
       please check the style of container, or the 
props width(100%) and height(100%),
       or add a minWidth(0) or minHeight(undefined) 
or use aspect(undefined) to control the
       height and width.

[90mstderr[2m | src/tests/Dashboard.test.jsx[2m 
> [22m[2mDashboard Page Tests[2m > 
[22m[2mSuccess State[2m > [22m[2mshould 
display upcoming surgeries table[22m[39m
The width(-1) and height(-1) of chart should be 
greater than 0,
       please check the style of container, or the 
props width(100%) and height(100%),
       or add a minWidth(0) or minHeight(undefined) 
or use aspect(undefined) to control the
       height and width.

[90mstderr[2m | src/tests/Dashboard.test.jsx[2m 
> [22m[2mDashboard Page Tests[2m > 
[22m[2mSuccess State[2m > [22m[2mshould not 
show in_progress surgeries in upcoming 
table[22m[39m
The width(-1) and height(-1) of chart should be 
greater than 0,
       please check the style of container, or the 
props width(100%) and height(100%),
       or add a minWidth(0) or minHeight(undefined) 
or use aspect(undefined) to control the
       height and width.

[90mstderr[2m | src/tests/Dashboard.test.jsx[2m 
> [22m[2mDashboard Page Tests[2m > 
[22m[2mSuccess State[2m > [22m[2mshould 
display live theatre status section[22m[39m
The width(-1) and height(-1) of chart should be 
greater than 0,
       please check the style of container, or the 
props width(100%) and height(100%),
       or add a minWidth(0) or minHeight(undefined) 
or use aspect(undefined) to control the
       height and width.

[90mstderr[2m | src/tests/Dashboard.test.jsx[2m 
> [22m[2mDashboard Page Tests[2m > 
[22m[2mSuccess State[2m > [22m[2mshould 
display action buttons[22m[39m
The width(-1) and height(-1) of chart should be 
greater than 0,
       please check the style of container, or the 
props width(100%) and height(100%),
       or add a minWidth(0) or minHeight(undefined) 
or use aspect(undefined) to control the
       height and width.

[90mstderr[2m | src/tests/Dashboard.test.jsx[2m 
> [22m[2mDashboard Page Tests[2m > 
[22m[2mSuccess State[2m > [22m[2mshould 
display staff status section[22m[39m
The width(-1) and height(-1) of chart should be 
greater than 0,
       please check the style of container, or the 
props width(100%) and height(100%),
       or add a minWidth(0) or minHeight(undefined) 
or use aspect(undefined) to control the
       height and width.

[90mstderr[2m | src/tests/Dashboard.test.jsx[2m 
> [22m[2mDashboard Page Tests[2m > 
[22m[2mMissing Data State[2m > [22m[2mshould 
show -- for avgDuration when not provided[22m[39m
The width(-1) and height(-1) of chart should be 
greater than 0,
       please check the style of container, or the 
props width(100%) and height(100%),
       or add a minWidth(0) or minHeight(undefined) 
or use aspect(undefined) to control the
       height and width.

[90mstderr[2m | src/tests/Dashboard.test.jsx[2m 
> [22m[2mDashboard Page Tests[2m > 
[22m[2mMissing Data State[2m > [22m[2mshould 
show no comparison data when yesterdayComparison is 
null[22m[39m
The width(-1) and height(-1) of chart should be 
greater than 0,
       please check the style of container, or the 
props width(100%) and height(100%),
       or add a minWidth(0) or minHeight(undefined) 
or use aspect(undefined) to control the
       height and width.

[90mstderr[2m | src/tests/Dashboard.test.jsx[2m 
> [22m[2mDashboard Page Tests[2m > 
[22m[2mError State[2m > [22m[2mshould show 
error message when stats API fails[22m[39m
Dashboard stats/summary unavailable, using 
defaults: Network error
The width(-1) and height(-1) of chart should be 
greater than 0,
       please check the style of container, or the 
props width(100%) and height(100%),
       or add a minWidth(0) or minHeight(undefined) 
or use aspect(undefined) to control the
       height and width.

[90mstderr[2m | src/tests/Dashboard.test.jsx[2m 
> [22m[2mDashboard Page Tests[2m > 
[22m[2mError State[2m > [22m[2mshould show 
Retry button on error[22m[39m
Dashboard stats/summary unavailable, using 
defaults: Server error
The width(-1) and height(-1) of chart should be 
greater than 0,
       please check the style of container, or the 
props width(100%) and height(100%),
       or add a minWidth(0) or minHeight(undefined) 
or use aspect(undefined) to control the
       height and width.

[90mstderr[2m | src/tests/Dashboard.test.jsx[2m 
> [22m[2mDashboard Page Tests[2m > 
[22m[2mError State[2m > [22m[2mshould show 
empty surgeries when surgeries API fails[22m[39m
Surgeries data unavailable, using sample data: 
Surgery API error
The width(-1) and height(-1) of chart should be 
greater than 0,
       please check the style of container, or the 
props width(100%) and height(100%),
       or add a minWidth(0) or minHeight(undefined) 
or use aspect(undefined) to control the
       height and width.

[90mstderr[2m | src/tests/Dashboard.test.jsx[2m 
> [22m[2mDashboard Page Tests[2m > 
[22m[2mNavigation[2m > [22m[2mshould navigate 
to /surgeries/new when Add New Surgery is 
clicked[22m[39m
The width(-1) and height(-1) of chart should be 
greater than 0,
       please check the style of container, or the 
props width(100%) and height(100%),
       or add a minWidth(0) or minHeight(undefined) 
or use aspect(undefined) to control the
       height and width.

[90mstderr[2m | src/tests/Dashboard.test.jsx[2m 
> [22m[2mDashboard Page Tests[2m > 
[22m[2mNavigation[2m > [22m[2mshould navigate 
to /calendar when Calendar View is clicked[22m[39m
The width(-1) and height(-1) of chart should be 
greater than 0,
       please check the style of container, or the 
props width(100%) and height(100%),
       or add a minWidth(0) or minHeight(undefined) 
or use aspect(undefined) to control the
       height and width.

[90mstderr[2m | src/tests/Dashboard.test.jsx[2m 
> [22m[2mDashboard Page Tests[2m > 
[22m[2mNavigation[2m > [22m[2mshould navigate 
to surgery detail when view button is 
clicked[22m[39m
The width(-1) and height(-1) of chart should be 
greater than 0,
       please check the style of container, or the 
props width(100%) and height(100%),
       or add a minWidth(0) or minHeight(undefined) 
or use aspect(undefined) to control the
       height and width.

[90mstderr[2m | src/tests/Dashboard.test.jsx[2m 
> [22m[2mDashboard Page Tests[2m > 
[22m[2mDelete Surgery[2m > [22m[2mshould call 
deleteSurgery and remove surgery on 
confirm[22m[39m
The width(-1) and height(-1) of chart should be 
greater than 0,
       please check the style of container, or the 
props width(100%) and height(100%),
       or add a minWidth(0) or minHeight(undefined) 
or use aspect(undefined) to control the
       height and width.

[90mstderr[2m | src/tests/Dashboard.test.jsx[2m 
> [22m[2mDashboard Page Tests[2m > 
[22m[2mDelete Surgery[2m > [22m[2mshould call 
deleteSurgery and remove surgery on 
confirm[22m[39m
The width(-1) and height(-1) of chart should be 
greater than 0,
       please check the style of container, or the 
props width(100%) and height(100%),
       or add a minWidth(0) or minHeight(undefined) 
or use aspect(undefined) to control the
       height and width.

[90mstderr[2m | src/tests/Dashboard.test.jsx[2m 
> [22m[2mDashboard Page Tests[2m > 
[22m[2mDelete Surgery[2m > [22m[2mshould not 
call deleteSurgery when confirmation is 
cancelled[22m[39m
The width(-1) and height(-1) of chart should be 
greater than 0,
       please check the style of container, or the 
props width(100%) and height(100%),
       or add a minWidth(0) or minHeight(undefined) 
or use aspect(undefined) to control the
       height and width.

[90mstderr[2m | src/tests/Dashboard.test.jsx[2m 
> [22m[2mDashboard Page Tests[2m > 
[22m[2mAccessibility[2m > [22m[2mshould have 
aria-labels on icon buttons[22m[39m
The width(-1) and height(-1) of chart should be 
greater than 0,
       please check the style of container, or the 
props width(100%) and height(100%),
       or add a minWidth(0) or minHeight(undefined) 
or use aspect(undefined) to control the
       height and width.

 [33mΓ¥»[39m src/tests/Dashboard.test.jsx [2m ([22m[2m21 tests[22m [2m|[22m [31m7 failed[39m[2m)[22m[33m 7731[2mms[22m[39m
[31m   [33mΓ¥»[31m src/tests/Dashboard.test.jsx[2m > [22mDashboard Page Tests[2m > [22mSuccess State[2m > [22mshould display action buttons[39m
[31m     ΓåÆ Unable to find an element with the text: + Add New Surgery. This could be because the text is broken up by multiple elements. In this case, you can provide a function for your text matcher to make your matcher more flexible.

Ignored nodes: comments, script, style
[36m<body>[31m
  [36m<div>[31m
    [36m<div[31m
      [33mclass[31m=[32m"min-h-screen bg-gray-50 dark:bg-slate-950 transition-colors duration-300"[31m
    [36m>[31m
      [36m<header[31m
        [33mclass[31m=[32m"bg-white dark:bg-slate-900 border-b border-gray-200 dark:border-slate-700 sticky top-0 z-50 h-16 flex items-center transition-colors duration-300"[31m
      [36m>[31m
        [36m<div[31m
          [33mclass[31m=[32m"flex items-center w-full h-full"[31m
        [36m>[31m
          [36m<div[31m
            [33mclass[31m=[32m"flex items-center gap-2.5 px-5 h-full shrink-0 w-56"[31m
          [36m>[31m
            [36m<div[31m
              [33mclass[31m=[32m"w-8 h-8 rounded-lg bg-gradient-to-br from-blue-500 to-indigo-600 flex items-center justify-center shadow-md"[31m
            [36m>[31m
              [36m<img[31m
                [33malt[31m=[32m"TheatreX Logo"[31m
                [33mclass[31m=[32m"w-5 h-5 brightness-0 invert"[31m
                [33msrc[31m=[32m"/src/assets/theatrex-logo.svg"[31m
              [36m/>[31m
            [36m</div>[31m
            [36m<span[31m
              [33mclass[31m=[32m"text-xl font-bold bg-gradient-to-r from-blue-600 to-indigo-500 bg-clip-text text-transparent tracking-tight select-none"[31m
            [36m>[31m
              [0mTheatreX[0m
            [36m</span>[31m
          [36m</div>[31m
          [36m<div[31m
            [33mclass[31m=[32m"h-8 w-px bg-gray-200 dark:bg-slate-700 shrink-0"[31m
          [36m/>[31m
          [36m<div[31m
            [33mclass[31m=[32m"flex-1 px-6"[31m
          [36m>[31m
            [36m<h1[31m
              [33mclass[31m=[32m"text-lg font-bold text-gray-900 dark:text-slate-100 leading-tight"[31m
            [36m>[31m
              [0mTheatre Management Dashboard[0m
            [36m</h1>[31m
            [36m<p[31m
              [33mclass[31m=[32m"text-xs text-gray-400 dark:text-slate-500 leading-tight mt-0.5"[31m
            [36m>[31m
              [0mReal - time monitoring and scheduling overview[0m
            [36m</p>[31m
          [36m</div>[31m
          [36m<div[31m
            [33mclass[31m=[32m"flex items-center gap-1 px-4 shrink-0"[31m
          [36m>[31m
            [36m<button[31m
              [33maria-label[31m=[32m"Search"[31m
              [33mclass[31m=[32m"p-2 rounded-lg text-gray-400 dark:text-slate-400 hover:text-blue-600 hover:bg-blue-50 dark:hover:bg-blue-900/30 dark:hover:text-blue-400 transition-all duration-200"[31m
              [33mid[31m=[32m"header-search-btn"[31m
            [36m>[31m
              [36m<svg[31m
                [33mclass[31m=[32m"w-5 h-5"[31m
                [33mfill[31m=[32m"none"[31m
                [33mstroke[31m=[32m"currentColor"[31m
                [33mviewBox[31m=[32m"0 0 24 24"[31m
              [36m>[31m
                [36m<path[31m
                  [33md[31m=[32m"M21 21l-6-6m2-5a7 7 0 11-14 0 7 7 0 0114 0z"[31m
                  [33mstroke-linecap[31m=[32m"round"[31m
                  [33mstroke-linejoin[31m=[32m"round"[31m
                  [33mstroke-width[31m=[32m"2"[31m
                [36m/>[31m
              [36m</svg>[31m
            [36m</button>[31m
            [36m<div[31m
              [33mclass[31m=[32m"relative"[31m
            [36m>[31m
              [36m<button[31m
                [33maria-expanded[31m=[32m"false"[31m
                [33maria-label[31m=[32m"Notifications"[31m
                [33mclass[31m=[32m"relative p-2 rounded-lg text-gray-400 dark:text-slate-400 hover:text-blue-600 hover:bg-blue-50 dark:hover:bg-blue-900/30 dark:hover:text-blue-400 transition-all duration-200 "[31m
                [33mid[31m=[32m"header-notifications-btn"[31m
              [36m>[31m
                [36m<svg[31m
                  [33mclass[31m=[32m"w-5 h-5"[31m
                  [33mfill[31m=[32m"none"[31m
                  [33mstroke[31m=[32m"currentColor"[31m
                  [33mviewBox[31m=[32m"0 0 24 24"[31m
                [36m>[31m
                  [36m<path[31m
                    [33md[31m=[32m"M15 17h5l-1.405-1.405A2.032 2.032 0 0118 14.158V11a6.002 6.002 0 00-4-5.659V5a2 2 0 10-4 0v.341C7.67 6.165 6 8.388 6 11v3.159c0 .538-.214 1.055-.595 1.436L4 17h5m6 0v1a3 3 0 11-6 0v-1m6 0H9"[31m
                    [33mstroke-linecap[31m=[32m"round"[31m
                    [33mstroke-linejoin[31m=[32m"round"[31m
                    [33mstroke-width[31m=[32m"2"[31m
                  [36m/>[31m
                [36m</svg>[31m
              [36m</button>[31m
            [36m</div>[31m
            [36m<div[31m
              [33mclass[31m=[32m"relative mx-1"[31m
            [36m>[31m
              [36m<button[31m
                [33maria-label[31m=[32m"User menu"[31m
                [33mclass[31m=[32m"w-8 h-8 rounded-full bg-gradient-to-br from-blue-500 to-indigo-600 flex items-center justify-center text-white font-semibold text-sm shadow-sm hover:shadow-md transition-all duration-200 ring-2 ring-white hover:ring-blue-200"[31m
                [33mid[31m=[32m"header-user-menu-btn"[31m
              [36m>[31m
                [0mT[0m
              [36m</button>[31m
            [36m</div>[31m
            [36m<div[31m
              [33mclass[31m=[32m"h-8 w-px bg-gray-200 dark:bg-slate-700 mx-2 shrink-0"[31m
            [36m/>[31m
            [36m<div[31m
              [33mclass[31m=[32m"flex flex-col items-end leading-tight select-none mr-2"[31m
            [36m>[31m
              [36m<span[31m
                [33mclass[31m=[32m"text-sm font-bold text-gray-800 dark:text-slate-200 tabular-nums"[31m
              [36m>[31m
                [0m09:42 PM[0m
              [36m</span>[31m
              [36m<span[31m
                [33mclass[31m=[32m"text-xs text-gray-400 dark:text-slate-500"[31m
              [36m>[31m
                [0mToday - 11 Mar 2026[0m
              [36m</span>[31m
            [36m</div>[31m
            [36m<button[31m
              [33maria-label[31m=[32m"Toggle dark mode"[31m
              [33mclass[31m=[32m"p-2 rounded-lg text-gray-400 dark:text-slate-400 hover:text-indigo-600 dark:hover:text-indigo-400 hover:bg-indigo-50 dark:hover:bg-indigo-900/30 transition-all duration-200"[31m
              [33mid[31m=[32m"header-dark-mode-btn"[31m
              [33mtitle[31m=[32m"Switch to Dark Mode"[31m
            [36m>[31m
              [36m<svg[31m
                [33mclass[31m=[32m"w-5 h-5"[31m
                [33mfill[31m=[32m"none"[31m
                [33mstroke[31m=[32m"currentColor"[31m
                [33mviewBox[31m=[32m"0 0 24 24"[31m
              [36m>[31m
                [36m<path[31m
                  [33md[31m=[32m"M20.354 15.354A9 9 0 0...

Ignored nodes: comments, script, style
[36m<html>[31m
  [36m<head />[31m
  [36m<body>[31m
    [36m<div>[31m
      [36m<div[31m
        [33mclass[31m=[32m"min-h-screen bg-gray-50 dark:bg-slate-950 transition-colors duration-300"[31m
      [36m>[31m
        [36m<header[31m
          [33mclass[31m=[32m"bg-white dark:bg-slate-900 border-b border-gray-200 dark:border-slate-700 sticky top-0 z-50 h-16 flex items-center transition-colors duration-300"[31m
        [36m>[31m
          [36m<div[31m
            [33mclass[31m=[32m"flex items-center w-full h-full"[31m
          [36m>[31m
            [36m<div[31m
              [33mclass[31m=[32m"flex items-center gap-2.5 px-5 h-full shrink-0 w-56"[31m
            [36m>[31m
              [36m<div[31m
                [33mclass[31m=[32m"w-8 h-8 rounded-lg bg-gradient-to-br from-blue-500 to-indigo-600 flex items-center justify-center shadow-md"[31m
              [36m>[31m
                [36m<img[31m
                  [33malt[31m=[32m"TheatreX Logo"[31m
                  [33mclass[31m=[32m"w-5 h-5 brightness-0 invert"[31m
                  [33msrc[31m=[32m"/src/assets/theatrex-logo.svg"[31m
                [36m/>[31m
              [36m</div>[31m
              [36m<span[31m
                [33mclass[31m=[32m"text-xl font-bold bg-gradient-to-r from-blue-600 to-indigo-500 bg-clip-text text-transparent tracking-tight select-none"[31m
              [36m>[31m
                [0mTheatreX[0m
              [36m</span>[31m
            [36m</div>[31m
            [36m<div[31m
              [33mclass[31m=[32m"h-8 w-px bg-gray-200 dark:bg-slate-700 shrink-0"[31m
            [36m/>[31m
            [36m<div[31m
              [33mclass[31m=[32m"flex-1 px-6"[31m
            [36m>[31m
              [36m<h1[31m
                [33mclass[31m=[32m"text-lg font-bold text-gray-900 dark:text-slate-100 leading-tight"[31m
              [36m>[31m
                [0mTheatre Management Dashboard[0m
              [36m</h1>[31m
              [36m<p[31m
                [33mclass[31m=[32m"text-xs text-gray-400 dark:text-slate-500 leading-tight mt-0.5"[31m
              [36m>[31m
                [0mReal - time monitoring and scheduling overview[0m
              [36m</p>[31m
            [36m</div>[31m
            [36m<div[31m
              [33mclass[31m=[32m"flex items-center gap-1 px-4 shrink-0"[31m
            [36m>[31m
              [36m<button[31m
                [33maria-label[31m=[32m"Search"[31m
                [33mclass[31m=[32m"p-2 rounded-lg text-gray-400 dark:text-slate-400 hover:text-blue-600 hover:bg-blue-50 dark:hover:bg-blue-900/30 dark:hover:text-blue-400 transition-all duration-200"[31m
                [33mid[31m=[32m"header-search-btn"[31m
              [36m>[31m
                [36m<svg[31m
                  [33mclass[31m=[32m"w-5 h-5"[31m
                  [33mfill[31m=[32m"none"[31m
                  [33mstroke[31m=[32m"currentColor"[31m
                  [33mviewBox[31m=[32m"0 0 24 24"[31m
                [36m>[31m
                  [36m<path[31m
                    [33md[31m=[32m"M21 21l-6-6m2-5a7 7 0 11-14 0 7 7 0 0114 0z"[31m
                    [33mstroke-linecap[31m=[32m"round"[31m
                    [33mstroke-linejoin[31m=[32m"round"[31m
                    [33mstroke-width[31m=[32m"2"[31m
                  [36m/>[31m
                [36m</svg>[31m
              [36m</button>[31m
              [36m<div[31m
                [33mclass[31m=[32m"relative"[31m
              [36m>[31m
                [36m<button[31m
                  [33maria-expanded[31m=[32m"false"[31m
                  [33maria-label[31m=[32m"Notifications"[31m
                  [33mclass[31m=[32m"relative p-2 rounded-lg text-gray-400 dark:text-slate-400 hover:text-blue-600 hover:bg-blue-50 dark:hover:bg-blue-900/30 dark:hover:text-blue-400 transition-all duration-200 "[31m
                  [33mid[31m=[32m"header-notifications-btn"[31m
                [36m>[31m
                  [36m<svg[31m
                    [33mclass[31m=[32m"w-5 h-5"[31m
                    [33mfill[31m=[32m"none"[31m
                    [33mstroke[31m=[32m"currentColor"[31m
                    [33mviewBox[31m=[32m"0 0 24 24"[31m
                  [36m>[31m
                    [36m<path[31m
                      [33md[31m=[32m"M15 17h5l-1.405-1.405A2.032 2.032 0 0118 14.158V11a6.002 6.002 0 00-4-5.659V5a2 2 0 10-4 0v.341C7.67 6.165 6 8.388 6 11v3.159c0 .538-.214 1.055-.595 1.436L4 17h5m6 0v1a3 3 0 11-6 0v-1m6 0H9"[31m
                      [33mstroke-linecap[31m=[32m"round"[31m
                      [33mstroke-linejoin[31m=[32m"round"[31m
                      [33mstroke-width[31m=[32m"2"[31m
                    [36m/>[31m
                  [36m</svg>[31m
                [36m</button>[31m
              [36m</div>[31m
              [36m<div[31m
                [33mclass[31m=[32m"relative mx-1"[31m
              [36m>[31m
                [36m<button[31m
                  [33maria-label[31m=[32m"User menu"[31m
                  [33mclass[31m=[32m"w-8 h-8 rounded-full bg-gradient-to-br from-blue-500 to-indigo-600 flex items-center justify-center text-white font-semibold text-sm shadow-sm hover:shadow-md transition-all duration-200 ring-2 ring-white hover:ring-blue-200"[31m
                  [33mid[31m=[32m"header-user-menu-btn"[31m
                [36m>[31m
                  [0mT[0m
                [36m</button>[31m
              [36m</div>[31m
              [36m<div[31m
                [33mclass[31m=[32m"h-8 w-px bg-gray-200 dark:bg-slate-700 mx-2 shrink-0"[31m
              [36m/>[31m
              [36m<div[31m
                [33mclass[31m=[32m"flex flex-col items-end leading-tight select-none mr-2"[31m
              [36m>[31m
                [36m<span[31m
                  [33mclass[31m=[32m"text-sm font-bold text-gray-800 dark:text-slate-200 tabular-nums"[31m
                [36m>[31m
                  [0m09:42 PM[0m
                [36m</span>[31m
                [36m<span[31m
                  [33mclass[31m=[32m"text-xs text-gray-400 dark:text-slate-500"[31m
                [36m>[31m
                  [0mToday - 11 Mar 2026[0m
                [36m</span>[31m
              [36m</div>[31m
              [36m<button[31m
                [33maria-label[31m=[32m"Toggle dark mode"[31m
                [33mclass[31m=[32m"p-2 rounded-lg text-gray-400 dark:text-slate-400 hover:text-indigo-600 dark:hover:text-indigo-400 hover:bg-indigo-50 dark:hover:bg-indigo-900/30 transition-all duration-200"[31m
                [33mid[31m=[32m"header-dark-mode-btn"[31m
                [33mtitle[31m=[32m"Switch to Dark Mode"[31m
              [36m>[31m
                [36m<svg[31m
                  [33mclass[31m=[32...[39m
[31m   [33mΓ¥»[31m src/tests/Dashboard.test.jsx[2m > [22mDashboard Page Tests[2m > [22mMissing Data State[2m > [22mshould show -- for avgDuration when not provided[39m
[31m     ΓåÆ Unable to find an element with the text: --. This could be because the text is broken up by multiple elements. In this case, you can provide a function for your text matcher to make your matcher more flexible.

Ignored nodes: comments, script, style
[36m<body>[31m
  [36m<div>[31m
    [36m<div[31m
      [33mclass[31m=[32m"min-h-screen bg-gray-50 dark:bg-slate-950 transition-colors duration-300"[31m
    [36m>[31m
      [36m<header[31m
        [33mclass[31m=[32m"bg-white dark:bg-slate-900 border-b border-gray-200 dark:border-slate-700 sticky top-0 z-50 h-16 flex items-center transition-colors duration-300"[31m
      [36m>[31m
        [36m<div[31m
          [33mclass[31m=[32m"flex items-center w-full h-full"[31m
        [36m>[31m
          [36m<div[31m
            [33mclass[31m=[32m"flex items-center gap-2.5 px-5 h-full shrink-0 w-56"[31m
          [36m>[31m
            [36m<div[31m
              [33mclass[31m=[32m"w-8 h-8 rounded-lg bg-gradient-to-br from-blue-500 to-indigo-600 flex items-center justify-center shadow-md"[31m
            [36m>[31m
              [36m<img[31m
                [33malt[31m=[32m"TheatreX Logo"[31m
                [33mclass[31m=[32m"w-5 h-5 brightness-0 invert"[31m
                [33msrc[31m=[32m"/src/assets/theatrex-logo.svg"[31m
              [36m/>[31m
            [36m</div>[31m
            [36m<span[31m
              [33mclass[31m=[32m"text-xl font-bold bg-gradient-to-r from-blue-600 to-indigo-500 bg-clip-text text-transparent tracking-tight select-none"[31m
            [36m>[31m
              [0mTheatreX[0m
            [36m</span>[31m
          [36m</div>[31m
          [36m<div[31m
            [33mclass[31m=[32m"h-8 w-px bg-gray-200 dark:bg-slate-700 shrink-0"[31m
          [36m/>[31m
          [36m<div[31m
            [33mclass[31m=[32m"flex-1 px-6"[31m
          [36m>[31m
            [36m<h1[31m
              [33mclass[31m=[32m"text-lg font-bold text-gray-900 dark:text-slate-100 leading-tight"[31m
            [36m>[31m
              [0mTheatre Management Dashboard[0m
            [36m</h1>[31m
            [36m<p[31m
              [33mclass[31m=[32m"text-xs text-gray-400 dark:text-slate-500 leading-tight mt-0.5"[31m
            [36m>[31m
              [0mReal - time monitoring and scheduling overview[0m
            [36m</p>[31m
          [36m</div>[31m
          [36m<div[31m
            [33mclass[31m=[32m"flex items-center gap-1 px-4 shrink-0"[31m
          [36m>[31m
            [36m<button[31m
              [33maria-label[31m=[32m"Search"[31m
              [33mclass[31m=[32m"p-2 rounded-lg text-gray-400 dark:text-slate-400 hover:text-blue-600 hover:bg-blue-50 dark:hover:bg-blue-900/30 dark:hover:text-blue-400 transition-all duration-200"[31m
              [33mid[31m=[32m"header-search-btn"[31m
            [36m>[31m
              [36m<svg[31m
                [33mclass[31m=[32m"w-5 h-5"[31m
                [33mfill[31m=[32m"none"[31m
                [33mstroke[31m=[32m"currentColor"[31m
                [33mviewBox[31m=[32m"0 0 24 24"[31m
              [36m>[31m
                [36m<path[31m
                  [33md[31m=[32m"M21 21l-6-6m2-5a7 7 0 11-14 0 7 7 0 0114 0z"[31m
                  [33mstroke-linecap[31m=[32m"round"[31m
                  [33mstroke-linejoin[31m=[32m"round"[31m
                  [33mstroke-width[31m=[32m"2"[31m
                [36m/>[31m
              [36m</svg>[31m
            [36m</button>[31m
            [36m<div[31m
              [33mclass[31m=[32m"relative"[31m
            [36m>[31m
              [36m<button[31m
                [33maria-expanded[31m=[32m"false"[31m
                [33maria-label[31m=[32m"Notifications"[31m
                [33mclass[31m=[32m"relative p-2 rounded-lg text-gray-400 dark:text-slate-400 hover:text-blue-600 hover:bg-blue-50 dark:hover:bg-blue-900/30 dark:hover:text-blue-400 transition-all duration-200 "[31m
                [33mid[31m=[32m"header-notifications-btn"[31m
              [36m>[31m
                [36m<svg[31m
                  [33mclass[31m=[32m"w-5 h-5"[31m
                  [33mfill[31m=[32m"none"[31m
                  [33mstroke[31m=[32m"currentColor"[31m
                  [33mviewBox[31m=[32m"0 0 24 24"[31m
                [36m>[31m
                  [36m<path[31m
                    [33md[31m=[32m"M15 17h5l-1.405-1.405A2.032 2.032 0 0118 14.158V11a6.002 6.002 0 00-4-5.659V5a2 2 0 10-4 0v.341C7.67 6.165 6 8.388 6 11v3.159c0 .538-.214 1.055-.595 1.436L4 17h5m6 0v1a3 3 0 11-6 0v-1m6 0H9"[31m
                    [33mstroke-linecap[31m=[32m"round"[31m
                    [33mstroke-linejoin[31m=[32m"round"[31m
                    [33mstroke-width[31m=[32m"2"[31m
                  [36m/>[31m
                [36m</svg>[31m
              [36m</button>[31m
            [36m</div>[31m
            [36m<div[31m
              [33mclass[31m=[32m"relative mx-1"[31m
            [36m>[31m
              [36m<button[31m
                [33maria-label[31m=[32m"User menu"[31m
                [33mclass[31m=[32m"w-8 h-8 rounded-full bg-gradient-to-br from-blue-500 to-indigo-600 flex items-center justify-center text-white font-semibold text-sm shadow-sm hover:shadow-md transition-all duration-200 ring-2 ring-white hover:ring-blue-200"[31m
                [33mid[31m=[32m"header-user-menu-btn"[31m
              [36m>[31m
                [0mT[0m
              [36m</button>[31m
            [36m</div>[31m
            [36m<div[31m
              [33mclass[31m=[32m"h-8 w-px bg-gray-200 dark:bg-slate-700 mx-2 shrink-0"[31m
            [36m/>[31m
            [36m<div[31m
              [33mclass[31m=[32m"flex flex-col items-end leading-tight select-none mr-2"[31m
            [36m>[31m
              [36m<span[31m
                [33mclass[31m=[32m"text-sm font-bold text-gray-800 dark:text-slate-200 tabular-nums"[31m
              [36m>[31m
                [0m09:42 PM[0m
              [36m</span>[31m
              [36m<span[31m
                [33mclass[31m=[32m"text-xs text-gray-400 dark:text-slate-500"[31m
              [36m>[31m
                [0mToday - 11 Mar 2026[0m
              [36m</span>[31m
            [36m</div>[31m
            [36m<button[31m
              [33maria-label[31m=[32m"Toggle dark mode"[31m
              [33mclass[31m=[32m"p-2 rounded-lg text-gray-400 dark:text-slate-400 hover:text-indigo-600 dark:hover:text-indigo-400 hover:bg-indigo-50 dark:hover:bg-indigo-900/30 transition-all duration-200"[31m
              [33mid[31m=[32m"header-dark-mode-btn"[31m
              [33mtitle[31m=[32m"Switch to Dark Mode"[31m
            [36m>[31m
              [36m<svg[31m
                [33mclass[31m=[32m"w-5 h-5"[31m
                [33mfill[31m=[32m"none"[31m
                [33mstroke[31m=[32m"currentColor"[31m
                [33mviewBox[31m=[32m"0 0 24 24"[31m
              [36m>[31m
                [36m<path[31m
                  [33md[31m=[32m"M20.354 15.354A9 9 0 0...

Ignored nodes: comments, script, style
[36m<html>[31m
  [36m<head />[31m
  [36m<body>[31m
    [36m<div>[31m
      [36m<div[31m
        [33mclass[31m=[32m"min-h-screen bg-gray-50 dark:bg-slate-950 transition-colors duration-300"[31m
      [36m>[31m
        [36m<header[31m
          [33mclass[31m=[32m"bg-white dark:bg-slate-900 border-b border-gray-200 dark:border-slate-700 sticky top-0 z-50 h-16 flex items-center transition-colors duration-300"[31m
        [36m>[31m
          [36m<div[31m
            [33mclass[31m=[32m"flex items-center w-full h-full"[31m
          [36m>[31m
            [36m<div[31m
              [33mclass[31m=[32m"flex items-center gap-2.5 px-5 h-full shrink-0 w-56"[31m
            [36m>[31m
              [36m<div[31m
                [33mclass[31m=[32m"w-8 h-8 rounded-lg bg-gradient-to-br from-blue-500 to-indigo-600 flex items-center justify-center shadow-md"[31m
              [36m>[31m
                [36m<img[31m
                  [33malt[31m=[32m"TheatreX Logo"[31m
                  [33mclass[31m=[32m"w-5 h-5 brightness-0 invert"[31m
                  [33msrc[31m=[32m"/src/assets/theatrex-logo.svg"[31m
                [36m/>[31m
              [36m</div>[31m
              [36m<span[31m
                [33mclass[31m=[32m"text-xl font-bold bg-gradient-to-r from-blue-600 to-indigo-500 bg-clip-text text-transparent tracking-tight select-none"[31m
              [36m>[31m
                [0mTheatreX[0m
              [36m</span>[31m
            [36m</div>[31m
            [36m<div[31m
              [33mclass[31m=[32m"h-8 w-px bg-gray-200 dark:bg-slate-700 shrink-0"[31m
            [36m/>[31m
            [36m<div[31m
              [33mclass[31m=[32m"flex-1 px-6"[31m
            [36m>[31m
              [36m<h1[31m
                [33mclass[31m=[32m"text-lg font-bold text-gray-900 dark:text-slate-100 leading-tight"[31m
              [36m>[31m
                [0mTheatre Management Dashboard[0m
              [36m</h1>[31m
              [36m<p[31m
                [33mclass[31m=[32m"text-xs text-gray-400 dark:text-slate-500 leading-tight mt-0.5"[31m
              [36m>[31m
                [0mReal - time monitoring and scheduling overview[0m
              [36m</p>[31m
            [36m</div>[31m
            [36m<div[31m
              [33mclass[31m=[32m"flex items-center gap-1 px-4 shrink-0"[31m
            [36m>[31m
              [36m<button[31m
                [33maria-label[31m=[32m"Search"[31m
                [33mclass[31m=[32m"p-2 rounded-lg text-gray-400 dark:text-slate-400 hover:text-blue-600 hover:bg-blue-50 dark:hover:bg-blue-900/30 dark:hover:text-blue-400 transition-all duration-200"[31m
                [33mid[31m=[32m"header-search-btn"[31m
              [36m>[31m
                [36m<svg[31m
                  [33mclass[31m=[32m"w-5 h-5"[31m
                  [33mfill[31m=[32m"none"[31m
                  [33mstroke[31m=[32m"currentColor"[31m
                  [33mviewBox[31m=[32m"0 0 24 24"[31m
                [36m>[31m
                  [36m<path[31m
                    [33md[31m=[32m"M21 21l-6-6m2-5a7 7 0 11-14 0 7 7 0 0114 0z"[31m
                    [33mstroke-linecap[31m=[32m"round"[31m
                    [33mstroke-linejoin[31m=[32m"round"[31m
                    [33mstroke-width[31m=[32m"2"[31m
                  [36m/>[31m
                [36m</svg>[31m
              [36m</button>[31m
              [36m<div[31m
                [33mclass[31m=[32m"relative"[31m
              [36m>[31m
                [36m<button[31m
                  [33maria-expanded[31m=[32m"false"[31m
                  [33maria-label[31m=[32m"Notifications"[31m
                  [33mclass[31m=[32m"relative p-2 rounded-lg text-gray-400 dark:text-slate-400 hover:text-blue-600 hover:bg-blue-50 dark:hover:bg-blue-900/30 dark:hover:text-blue-400 transition-all duration-200 "[31m
                  [33mid[31m=[32m"header-notifications-btn"[31m
                [36m>[31m
                  [36m<svg[31m
                    [33mclass[31m=[32m"w-5 h-5"[31m
                    [33mfill[31m=[32m"none"[31m
                    [33mstroke[31m=[32m"currentColor"[31m
                    [33mviewBox[31m=[32m"0 0 24 24"[31m
                  [36m>[31m
                    [36m<path[31m
                      [33md[31m=[32m"M15 17h5l-1.405-1.405A2.032 2.032 0 0118 14.158V11a6.002 6.002 0 00-4-5.659V5a2 2 0 10-4 0v.341C7.67 6.165 6 8.388 6 11v3.159c0 .538-.214 1.055-.595 1.436L4 17h5m6 0v1a3 3 0 11-6 0v-1m6 0H9"[31m
                      [33mstroke-linecap[31m=[32m"round"[31m
                      [33mstroke-linejoin[31m=[32m"round"[31m
                      [33mstroke-width[31m=[32m"2"[31m
                    [36m/>[31m
                  [36m</svg>[31m
                [36m</button>[31m
              [36m</div>[31m
              [36m<div[31m
                [33mclass[31m=[32m"relative mx-1"[31m
              [36m>[31m
                [36m<button[31m
                  [33maria-label[31m=[32m"User menu"[31m
                  [33mclass[31m=[32m"w-8 h-8 rounded-full bg-gradient-to-br from-blue-500 to-indigo-600 flex items-center justify-center text-white font-semibold text-sm shadow-sm hover:shadow-md transition-all duration-200 ring-2 ring-white hover:ring-blue-200"[31m
                  [33mid[31m=[32m"header-user-menu-btn"[31m
                [36m>[31m
                  [0mT[0m
                [36m</button>[31m
              [36m</div>[31m
              [36m<div[31m
                [33mclass[31m=[32m"h-8 w-px bg-gray-200 dark:bg-slate-700 mx-2 shrink-0"[31m
              [36m/>[31m
              [36m<div[31m
                [33mclass[31m=[32m"flex flex-col items-end leading-tight select-none mr-2"[31m
              [36m>[31m
                [36m<span[31m
                  [33mclass[31m=[32m"text-sm font-bold text-gray-800 dark:text-slate-200 tabular-nums"[31m
                [36m>[31m
                  [0m09:42 PM[0m
                [36m</span>[31m
                [36m<span[31m
                  [33mclass[31m=[32m"text-xs text-gray-400 dark:text-slate-500"[31m
                [36m>[31m
                  [0mToday - 11 Mar 2026[0m
                [36m</span>[31m
              [36m</div>[31m
              [36m<button[31m
                [33maria-label[31m=[32m"Toggle dark mode"[31m
                [33mclass[31m=[32m"p-2 rounded-lg text-gray-400 dark:text-slate-400 hover:text-indigo-600 dark:hover:text-indigo-400 hover:bg-indigo-50 dark:hover:bg-indigo-900/30 transition-all duration-200"[31m
                [33mid[31m=[32m"header-dark-mode-btn"[31m
                [33mtitle[31m=[32m"Switch to Dark Mode"[31m
              [36m>[31m
                [36m<svg[31m
                  [33mclass[31m=[32...[39m
[31m   [33mΓ¥»[31m src/tests/Dashboard.test.jsx[2m > [22mDashboard Page Tests[2m > [22mMissing Data State[2m > [22mshould show no comparison data when yesterdayComparison is null[39m
[31m     ΓåÆ Unable to find an element with the text: No comparison data. This could be because the text is broken up by multiple elements. In this case, you can provide a function for your text matcher to make your matcher more flexible.

Ignored nodes: comments, script, style
[36m<body>[31m
  [36m<div>[31m
    [36m<div[31m
      [33mclass[31m=[32m"min-h-screen bg-gray-50 dark:bg-slate-950 transition-colors duration-300"[31m
    [36m>[31m
      [36m<header[31m
        [33mclass[31m=[32m"bg-white dark:bg-slate-900 border-b border-gray-200 dark:border-slate-700 sticky top-0 z-50 h-16 flex items-center transition-colors duration-300"[31m
      [36m>[31m
        [36m<div[31m
          [33mclass[31m=[32m"flex items-center w-full h-full"[31m
        [36m>[31m
          [36m<div[31m
            [33mclass[31m=[32m"flex items-center gap-2.5 px-5 h-full shrink-0 w-56"[31m
          [36m>[31m
            [36m<div[31m
              [33mclass[31m=[32m"w-8 h-8 rounded-lg bg-gradient-to-br from-blue-500 to-indigo-600 flex items-center justify-center shadow-md"[31m
            [36m>[31m
              [36m<img[31m
                [33malt[31m=[32m"TheatreX Logo"[31m
                [33mclass[31m=[32m"w-5 h-5 brightness-0 invert"[31m
                [33msrc[31m=[32m"/src/assets/theatrex-logo.svg"[31m
              [36m/>[31m
            [36m</div>[31m
            [36m<span[31m
              [33mclass[31m=[32m"text-xl font-bold bg-gradient-to-r from-blue-600 to-indigo-500 bg-clip-text text-transparent tracking-tight select-none"[31m
            [36m>[31m
              [0mTheatreX[0m
            [36m</span>[31m
          [36m</div>[31m
          [36m<div[31m
            [33mclass[31m=[32m"h-8 w-px bg-gray-200 dark:bg-slate-700 shrink-0"[31m
          [36m/>[31m
          [36m<div[31m
            [33mclass[31m=[32m"flex-1 px-6"[31m
          [36m>[31m
            [36m<h1[31m
              [33mclass[31m=[32m"text-lg font-bold text-gray-900 dark:text-slate-100 leading-tight"[31m
            [36m>[31m
              [0mTheatre Management Dashboard[0m
            [36m</h1>[31m
            [36m<p[31m
              [33mclass[31m=[32m"text-xs text-gray-400 dark:text-slate-500 leading-tight mt-0.5"[31m
            [36m>[31m
              [0mReal - time monitoring and scheduling overview[0m
            [36m</p>[31m
          [36m</div>[31m
          [36m<div[31m
            [33mclass[31m=[32m"flex items-center gap-1 px-4 shrink-0"[31m
          [36m>[31m
            [36m<button[31m
              [33maria-label[31m=[32m"Search"[31m
              [33mclass[31m=[32m"p-2 rounded-lg text-gray-400 dark:text-slate-400 hover:text-blue-600 hover:bg-blue-50 dark:hover:bg-blue-900/30 dark:hover:text-blue-400 transition-all duration-200"[31m
              [33mid[31m=[32m"header-search-btn"[31m
            [36m>[31m
              [36m<svg[31m
                [33mclass[31m=[32m"w-5 h-5"[31m
                [33mfill[31m=[32m"none"[31m
                [33mstroke[31m=[32m"currentColor"[31m
                [33mviewBox[31m=[32m"0 0 24 24"[31m
              [36m>[31m
                [36m<path[31m
                  [33md[31m=[32m"M21 21l-6-6m2-5a7 7 0 11-14 0 7 7 0 0114 0z"[31m
                  [33mstroke-linecap[31m=[32m"round"[31m
                  [33mstroke-linejoin[31m=[32m"round"[31m
                  [33mstroke-width[31m=[32m"2"[31m
                [36m/>[31m
              [36m</svg>[31m
            [36m</button>[31m
            [36m<div[31m
              [33mclass[31m=[32m"relative"[31m
            [36m>[31m
              [36m<button[31m
                [33maria-expanded[31m=[32m"false"[31m
                [33maria-label[31m=[32m"Notifications"[31m
                [33mclass[31m=[32m"relative p-2 rounded-lg text-gray-400 dark:text-slate-400 hover:text-blue-600 hover:bg-blue-50 dark:hover:bg-blue-900/30 dark:hover:text-blue-400 transition-all duration-200 "[31m
                [33mid[31m=[32m"header-notifications-btn"[31m
              [36m>[31m
                [36m<svg[31m
                  [33mclass[31m=[32m"w-5 h-5"[31m
                  [33mfill[31m=[32m"none"[31m
                  [33mstroke[31m=[32m"currentColor"[31m
                  [33mviewBox[31m=[32m"0 0 24 24"[31m
                [36m>[31m
                  [36m<path[31m
                    [33md[31m=[32m"M15 17h5l-1.405-1.405A2.032 2.032 0 0118 14.158V11a6.002 6.002 0 00-4-5.659V5a2 2 0 10-4 0v.341C7.67 6.165 6 8.388 6 11v3.159c0 .538-.214 1.055-.595 1.436L4 17h5m6 0v1a3 3 0 11-6 0v-1m6 0H9"[31m
                    [33mstroke-linecap[31m=[32m"round"[31m
                    [33mstroke-linejoin[31m=[32m"round"[31m
                    [33mstroke-width[31m=[32m"2"[31m
                  [36m/>[31m
                [36m</svg>[31m
              [36m</button>[31m
            [36m</div>[31m
            [36m<div[31m
              [33mclass[31m=[32m"relative mx-1"[31m
            [36m>[31m
              [36m<button[31m
                [33maria-label[31m=[32m"User menu"[31m
                [33mclass[31m=[32m"w-8 h-8 rounded-full bg-gradient-to-br from-blue-500 to-indigo-600 flex items-center justify-center text-white font-semibold text-sm shadow-sm hover:shadow-md transition-all duration-200 ring-2 ring-white hover:ring-blue-200"[31m
                [33mid[31m=[32m"header-user-menu-btn"[31m
              [36m>[31m
                [0mT[0m
              [36m</button>[31m
            [36m</div>[31m
            [36m<div[31m
              [33mclass[31m=[32m"h-8 w-px bg-gray-200 dark:bg-slate-700 mx-2 shrink-0"[31m
            [36m/>[31m
            [36m<div[31m
              [33mclass[31m=[32m"flex flex-col items-end leading-tight select-none mr-2"[31m
            [36m>[31m
              [36m<span[31m
                [33mclass[31m=[32m"text-sm font-bold text-gray-800 dark:text-slate-200 tabular-nums"[31m
              [36m>[31m
                [0m09:42 PM[0m
              [36m</span>[31m
              [36m<span[31m
                [33mclass[31m=[32m"text-xs text-gray-400 dark:text-slate-500"[31m
              [36m>[31m
                [0mToday - 11 Mar 2026[0m
              [36m</span>[31m
            [36m</div>[31m
            [36m<button[31m
              [33maria-label[31m=[32m"Toggle dark mode"[31m
              [33mclass[31m=[32m"p-2 rounded-lg text-gray-400 dark:text-slate-400 hover:text-indigo-600 dark:hover:text-indigo-400 hover:bg-indigo-50 dark:hover:bg-indigo-900/30 transition-all duration-200"[31m
              [33mid[31m=[32m"header-dark-mode-btn"[31m
              [33mtitle[31m=[32m"Switch to Dark Mode"[31m
            [36m>[31m
              [36m<svg[31m
                [33mclass[31m=[32m"w-5 h-5"[31m
                [33mfill[31m=[32m"none"[31m
                [33mstroke[31m=[32m"currentColor"[31m
                [33mviewBox[31m=[32m"0 0 24 24"[31m
              [36m>[31m
                [36m<path[31m
                  [33md[31m=[32m"M20.354 15.354A9 9 0 0...

Ignored nodes: comments, script, style
[36m<html>[31m
  [36m<head />[31m
  [36m<body>[31m
    [36m<div>[31m
      [36m<div[31m
        [33mclass[31m=[32m"min-h-screen bg-gray-50 dark:bg-slate-950 transition-colors duration-300"[31m
      [36m>[31m
        [36m<header[31m
          [33mclass[31m=[32m"bg-white dark:bg-slate-900 border-b border-gray-200 dark:border-slate-700 sticky top-0 z-50 h-16 flex items-center transition-colors duration-300"[31m
        [36m>[31m
          [36m<div[31m
            [33mclass[31m=[32m"flex items-center w-full h-full"[31m
          [36m>[31m
            [36m<div[31m
              [33mclass[31m=[32m"flex items-center gap-2.5 px-5 h-full shrink-0 w-56"[31m
            [36m>[31m
              [36m<div[31m
                [33mclass[31m=[32m"w-8 h-8 rounded-lg bg-gradient-to-br from-blue-500 to-indigo-600 flex items-center justify-center shadow-md"[31m
              [36m>[31m
                [36m<img[31m
                  [33malt[31m=[32m"TheatreX Logo"[31m
                  [33mclass[31m=[32m"w-5 h-5 brightness-0 invert"[31m
                  [33msrc[31m=[32m"/src/assets/theatrex-logo.svg"[31m
                [36m/>[31m
              [36m</div>[31m
              [36m<span[31m
                [33mclass[31m=[32m"text-xl font-bold bg-gradient-to-r from-blue-600 to-indigo-500 bg-clip-text text-transparent tracking-tight select-none"[31m
              [36m>[31m
                [0mTheatreX[0m
              [36m</span>[31m
            [36m</div>[31m
            [36m<div[31m
              [33mclass[31m=[32m"h-8 w-px bg-gray-200 dark:bg-slate-700 shrink-0"[31m
            [36m/>[31m
            [36m<div[31m
              [33mclass[31m=[32m"flex-1 px-6"[31m
            [36m>[31m
              [36m<h1[31m
                [33mclass[31m=[32m"text-lg font-bold text-gray-900 dark:text-slate-100 leading-tight"[31m
              [36m>[31m
                [0mTheatre Management Dashboard[0m
              [36m</h1>[31m
              [36m<p[31m
                [33mclass[31m=[32m"text-xs text-gray-400 dark:text-slate-500 leading-tight mt-0.5"[31m
              [36m>[31m
                [0mReal - time monitoring and scheduling overview[0m
              [36m</p>[31m
            [36m</div>[31m
            [36m<div[31m
              [33mclass[31m=[32m"flex items-center gap-1 px-4 shrink-0"[31m
            [36m>[31m
              [36m<button[31m
                [33maria-label[31m=[32m"Search"[31m
                [33mclass[31m=[32m"p-2 rounded-lg text-gray-400 dark:text-slate-400 hover:text-blue-600 hover:bg-blue-50 dark:hover:bg-blue-900/30 dark:hover:text-blue-400 transition-all duration-200"[31m
                [33mid[31m=[32m"header-search-btn"[31m
              [36m>[31m
                [36m<svg[31m
                  [33mclass[31m=[32m"w-5 h-5"[31m
                  [33mfill[31m=[32m"none"[31m
                  [33mstroke[31m=[32m"currentColor"[31m
                  [33mviewBox[31m=[32m"0 0 24 24"[31m
                [36m>[31m
                  [36m<path[31m
                    [33md[31m=[32m"M21 21l-6-6m2-5a7 7 0 11-14 0 7 7 0 0114 0z"[31m
                    [33mstroke-linecap[31m=[32m"round"[31m
                    [33mstroke-linejoin[31m=[32m"round"[31m
                    [33mstroke-width[31m=[32m"2"[31m
                  [36m/>[31m
                [36m</svg>[31m
              [36m</button>[31m
              [36m<div[31m
                [33mclass[31m=[32m"relative"[31m
              [36m>[31m
                [36m<button[31m
                  [33maria-expanded[31m=[32m"false"[31m
                  [33maria-label[31m=[32m"Notifications"[31m
                  [33mclass[31m=[32m"relative p-2 rounded-lg text-gray-400 dark:text-slate-400 hover:text-blue-600 hover:bg-blue-50 dark:hover:bg-blue-900/30 dark:hover:text-blue-400 transition-all duration-200 "[31m
                  [33mid[31m=[32m"header-notifications-btn"[31m
                [36m>[31m
                  [36m<svg[31m
                    [33mclass[31m=[32m"w-5 h-5"[31m
                    [33mfill[31m=[32m"none"[31m
                    [33mstroke[31m=[32m"currentColor"[31m
                    [33mviewBox[31m=[32m"0 0 24 24"[31m
                  [36m>[31m
                    [36m<path[31m
                      [33md[31m=[32m"M15 17h5l-1.405-1.405A2.032 2.032 0 0118 14.158V11a6.002 6.002 0 00-4-5.659V5a2 2 0 10-4 0v.341C7.67 6.165 6 8.388 6 11v3.159c0 .538-.214 1.055-.595 1.436L4 17h5m6 0v1a3 3 0 11-6 0v-1m6 0H9"[31m
                      [33mstroke-linecap[31m=[32m"round"[31m
                      [33mstroke-linejoin[31m=[32m"round"[31m
                      [33mstroke-width[31m=[32m"2"[31m
                    [36m/>[31m
                  [36m</svg>[31m
                [36m</button>[31m
              [36m</div>[31m
              [36m<div[31m
                [33mclass[31m=[32m"relative mx-1"[31m
              [36m>[31m
                [36m<button[31m
                  [33maria-label[31m=[32m"User menu"[31m
                  [33mclass[31m=[32m"w-8 h-8 rounded-full bg-gradient-to-br from-blue-500 to-indigo-600 flex items-center justify-center text-white font-semibold text-sm shadow-sm hover:shadow-md transition-all duration-200 ring-2 ring-white hover:ring-blue-200"[31m
                  [33mid[31m=[32m"header-user-menu-btn"[31m
                [36m>[31m
                  [0mT[0m
                [36m</button>[31m
              [36m</div>[31m
              [36m<div[31m
                [33mclass[31m=[32m"h-8 w-px bg-gray-200 dark:bg-slate-700 mx-2 shrink-0"[31m
              [36m/>[31m
              [36m<div[31m
                [33mclass[31m=[32m"flex flex-col items-end leading-tight select-none mr-2"[31m
              [36m>[31m
                [36m<span[31m
                  [33mclass[31m=[32m"text-sm font-bold text-gray-800 dark:text-slate-200 tabular-nums"[31m
                [36m>[31m
                  [0m09:42 PM[0m
                [36m</span>[31m
                [36m<span[31m
                  [33mclass[31m=[32m"text-xs text-gray-400 dark:text-slate-500"[31m
                [36m>[31m
                  [0mToday - 11 Mar 2026[0m
                [36m</span>[31m
              [36m</div>[31m
              [36m<button[31m
                [33maria-label[31m=[32m"Toggle dark mode"[31m
                [33mclass[31m=[32m"p-2 rounded-lg text-gray-400 dark:text-slate-400 hover:text-indigo-600 dark:hover:text-indigo-400 hover:bg-indigo-50 dark:hover:bg-indigo-900/30 transition-all duration-200"[31m
                [33mid[31m=[32m"header-dark-mode-btn"[31m
                [33mtitle[31m=[32m"Switch to Dark Mode"[31m
              [36m>[31m
                [36m<svg[31m
                  [33mclass[31m=[32...[39m
[31m   [33mΓ¥»[31m src/tests/Dashboard.test.jsx[2m > [22mDashboard Page Tests[2m > [22mError State[2m > [22mshould show error message when stats API fails[39m
[31m     ΓåÆ Unable to find an element with the text: Error Loading Dashboard. This could be because the text is broken up by multiple elements. In this case, you can provide a function for your text matcher to make your matcher more flexible.

Ignored nodes: comments, script, style
[36m<body>[31m
  [36m<div>[31m
    [36m<div[31m
      [33mclass[31m=[32m"min-h-screen bg-gray-50 dark:bg-slate-950 transition-colors duration-300"[31m
    [36m>[31m
      [36m<header[31m
        [33mclass[31m=[32m"bg-white dark:bg-slate-900 border-b border-gray-200 dark:border-slate-700 sticky top-0 z-50 h-16 flex items-center transition-colors duration-300"[31m
      [36m>[31m
        [36m<div[31m
          [33mclass[31m=[32m"flex items-center w-full h-full"[31m
        [36m>[31m
          [36m<div[31m
            [33mclass[31m=[32m"flex items-center gap-2.5 px-5 h-full shrink-0 w-56"[31m
          [36m>[31m
            [36m<div[31m
              [33mclass[31m=[32m"w-8 h-8 rounded-lg bg-gradient-to-br from-blue-500 to-indigo-600 flex items-center justify-center shadow-md"[31m
            [36m>[31m
              [36m<img[31m
                [33malt[31m=[32m"TheatreX Logo"[31m
                [33mclass[31m=[32m"w-5 h-5 brightness-0 invert"[31m
                [33msrc[31m=[32m"/src/assets/theatrex-logo.svg"[31m
              [36m/>[31m
            [36m</div>[31m
            [36m<span[31m
              [33mclass[31m=[32m"text-xl font-bold bg-gradient-to-r from-blue-600 to-indigo-500 bg-clip-text text-transparent tracking-tight select-none"[31m
            [36m>[31m
              [0mTheatreX[0m
            [36m</span>[31m
          [36m</div>[31m
          [36m<div[31m
            [33mclass[31m=[32m"h-8 w-px bg-gray-200 dark:bg-slate-700 shrink-0"[31m
          [36m/>[31m
          [36m<div[31m
            [33mclass[31m=[32m"flex-1 px-6"[31m
          [36m>[31m
            [36m<h1[31m
              [33mclass[31m=[32m"text-lg font-bold text-gray-900 dark:text-slate-100 leading-tight"[31m
            [36m>[31m
              [0mTheatre Management Dashboard[0m
            [36m</h1>[31m
            [36m<p[31m
              [33mclass[31m=[32m"text-xs text-gray-400 dark:text-slate-500 leading-tight mt-0.5"[31m
            [36m>[31m
              [0mReal - time monitoring and scheduling overview[0m
            [36m</p>[31m
          [36m</div>[31m
          [36m<div[31m
            [33mclass[31m=[32m"flex items-center gap-1 px-4 shrink-0"[31m
          [36m>[31m
            [36m<button[31m
              [33maria-label[31m=[32m"Search"[31m
              [33mclass[31m=[32m"p-2 rounded-lg text-gray-400 dark:text-slate-400 hover:text-blue-600 hover:bg-blue-50 dark:hover:bg-blue-900/30 dark:hover:text-blue-400 transition-all duration-200"[31m
              [33mid[31m=[32m"header-search-btn"[31m
            [36m>[31m
              [36m<svg[31m
                [33mclass[31m=[32m"w-5 h-5"[31m
                [33mfill[31m=[32m"none"[31m
                [33mstroke[31m=[32m"currentColor"[31m
                [33mviewBox[31m=[32m"0 0 24 24"[31m
              [36m>[31m
                [36m<path[31m
                  [33md[31m=[32m"M21 21l-6-6m2-5a7 7 0 11-14 0 7 7 0 0114 0z"[31m
                  [33mstroke-linecap[31m=[32m"round"[31m
                  [33mstroke-linejoin[31m=[32m"round"[31m
                  [33mstroke-width[31m=[32m"2"[31m
                [36m/>[31m
              [36m</svg>[31m
            [36m</button>[31m
            [36m<div[31m
              [33mclass[31m=[32m"relative"[31m
            [36m>[31m
              [36m<button[31m
                [33maria-expanded[31m=[32m"false"[31m
                [33maria-label[31m=[32m"Notifications"[31m
                [33mclass[31m=[32m"relative p-2 rounded-lg text-gray-400 dark:text-slate-400 hover:text-blue-600 hover:bg-blue-50 dark:hover:bg-blue-900/30 dark:hover:text-blue-400 transition-all duration-200 "[31m
                [33mid[31m=[32m"header-notifications-btn"[31m
              [36m>[31m
                [36m<svg[31m
                  [33mclass[31m=[32m"w-5 h-5"[31m
                  [33mfill[31m=[32m"none"[31m
                  [33mstroke[31m=[32m"currentColor"[31m
                  [33mviewBox[31m=[32m"0 0 24 24"[31m
                [36m>[31m
                  [36m<path[31m
                    [33md[31m=[32m"M15 17h5l-1.405-1.405A2.032 2.032 0 0118 14.158V11a6.002 6.002 0 00-4-5.659V5a2 2 0 10-4 0v.341C7.67 6.165 6 8.388 6 11v3.159c0 .538-.214 1.055-.595 1.436L4 17h5m6 0v1a3 3 0 11-6 0v-1m6 0H9"[31m
                    [33mstroke-linecap[31m=[32m"round"[31m
                    [33mstroke-linejoin[31m=[32m"round"[31m
                    [33mstroke-width[31m=[32m"2"[31m
                  [36m/>[31m
                [36m</svg>[31m
              [36m</button>[31m
            [36m</div>[31m
            [36m<div[31m
              [33mclass[31m=[32m"relative mx-1"[31m
            [36m>[31m
              [36m<button[31m
                [33maria-label[31m=[32m"User menu"[31m
                [33mclass[31m=[32m"w-8 h-8 rounded-full bg-gradient-to-br from-blue-500 to-indigo-600 flex items-center justify-center text-white font-semibold text-sm shadow-sm hover:shadow-md transition-all duration-200 ring-2 ring-white hover:ring-blue-200"[31m
                [33mid[31m=[32m"header-user-menu-btn"[31m
              [36m>[31m
                [0mT[0m
              [36m</button>[31m
            [36m</div>[31m
            [36m<div[31m
              [33mclass[31m=[32m"h-8 w-px bg-gray-200 dark:bg-slate-700 mx-2 shrink-0"[31m
            [36m/>[31m
            [36m<div[31m
              [33mclass[31m=[32m"flex flex-col items-end leading-tight select-none mr-2"[31m
            [36m>[31m
              [36m<span[31m
                [33mclass[31m=[32m"text-sm font-bold text-gray-800 dark:text-slate-200 tabular-nums"[31m
              [36m>[31m
                [0m09:42 PM[0m
              [36m</span>[31m
              [36m<span[31m
                [33mclass[31m=[32m"text-xs text-gray-400 dark:text-slate-500"[31m
              [36m>[31m
                [0mToday - 11 Mar 2026[0m
              [36m</span>[31m
            [36m</div>[31m
            [36m<button[31m
              [33maria-label[31m=[32m"Toggle dark mode"[31m
              [33mclass[31m=[32m"p-2 rounded-lg text-gray-400 dark:text-slate-400 hover:text-indigo-600 dark:hover:text-indigo-400 hover:bg-indigo-50 dark:hover:bg-indigo-900/30 transition-all duration-200"[31m
              [33mid[31m=[32m"header-dark-mode-btn"[31m
              [33mtitle[31m=[32m"Switch to Dark Mode"[31m
            [36m>[31m
              [36m<svg[31m
                [33mclass[31m=[32m"w-5 h-5"[31m
                [33mfill[31m=[32m"none"[31m
                [33mstroke[31m=[32m"currentColor"[31m
                [33mviewBox[31m=[32m"0 0 24 24"[31m
              [36m>[31m
                [36m<path[31m
                  [33md[31m=[32m"M20.354 15.354A9 9 0 0...

Ignored nodes: comments, script, style
[36m<html>[31m
  [36m<head />[31m
  [36m<body>[31m
    [36m<div>[31m
      [36m<div[31m
        [33mclass[31m=[32m"min-h-screen bg-gray-50 dark:bg-slate-950 transition-colors duration-300"[31m
      [36m>[31m
        [36m<header[31m
          [33mclass[31m=[32m"bg-white dark:bg-slate-900 border-b border-gray-200 dark:border-slate-700 sticky top-0 z-50 h-16 flex items-center transition-colors duration-300"[31m
        [36m>[31m
          [36m<div[31m
            [33mclass[31m=[32m"flex items-center w-full h-full"[31m
          [36m>[31m
            [36m<div[31m
              [33mclass[31m=[32m"flex items-center gap-2.5 px-5 h-full shrink-0 w-56"[31m
            [36m>[31m
              [36m<div[31m
                [33mclass[31m=[32m"w-8 h-8 rounded-lg bg-gradient-to-br from-blue-500 to-indigo-600 flex items-center justify-center shadow-md"[31m
              [36m>[31m
                [36m<img[31m
                  [33malt[31m=[32m"TheatreX Logo"[31m
                  [33mclass[31m=[32m"w-5 h-5 brightness-0 invert"[31m
                  [33msrc[31m=[32m"/src/assets/theatrex-logo.svg"[31m
                [36m/>[31m
              [36m</div>[31m
              [36m<span[31m
                [33mclass[31m=[32m"text-xl font-bold bg-gradient-to-r from-blue-600 to-indigo-500 bg-clip-text text-transparent tracking-tight select-none"[31m
              [36m>[31m
                [0mTheatreX[0m
              [36m</span>[31m
            [36m</div>[31m
            [36m<div[31m
              [33mclass[31m=[32m"h-8 w-px bg-gray-200 dark:bg-slate-700 shrink-0"[31m
            [36m/>[31m
            [36m<div[31m
              [33mclass[31m=[32m"flex-1 px-6"[31m
            [36m>[31m
              [36m<h1[31m
                [33mclass[31m=[32m"text-lg font-bold text-gray-900 dark:text-slate-100 leading-tight"[31m
              [36m>[31m
                [0mTheatre Management Dashboard[0m
              [36m</h1>[31m
              [36m<p[31m
                [33mclass[31m=[32m"text-xs text-gray-400 dark:text-slate-500 leading-tight mt-0.5"[31m
              [36m>[31m
                [0mReal - time monitoring and scheduling overview[0m
              [36m</p>[31m
            [36m</div>[31m
            [36m<div[31m
              [33mclass[31m=[32m"flex items-center gap-1 px-4 shrink-0"[31m
            [36m>[31m
              [36m<button[31m
                [33maria-label[31m=[32m"Search"[31m
                [33mclass[31m=[32m"p-2 rounded-lg text-gray-400 dark:text-slate-400 hover:text-blue-600 hover:bg-blue-50 dark:hover:bg-blue-900/30 dark:hover:text-blue-400 transition-all duration-200"[31m
                [33mid[31m=[32m"header-search-btn"[31m
              [36m>[31m
                [36m<svg[31m
                  [33mclass[31m=[32m"w-5 h-5"[31m
                  [33mfill[31m=[32m"none"[31m
                  [33mstroke[31m=[32m"currentColor"[31m
                  [33mviewBox[31m=[32m"0 0 24 24"[31m
                [36m>[31m
                  [36m<path[31m
                    [33md[31m=[32m"M21 21l-6-6m2-5a7 7 0 11-14 0 7 7 0 0114 0z"[31m
                    [33mstroke-linecap[31m=[32m"round"[31m
                    [33mstroke-linejoin[31m=[32m"round"[31m
                    [33mstroke-width[31m=[32m"2"[31m
                  [36m/>[31m
                [36m</svg>[31m
              [36m</button>[31m
              [36m<div[31m
                [33mclass[31m=[32m"relative"[31m
              [36m>[31m
                [36m<button[31m
                  [33maria-expanded[31m=[32m"false"[31m
                  [33maria-label[31m=[32m"Notifications"[31m
                  [33mclass[31m=[32m"relative p-2 rounded-lg text-gray-400 dark:text-slate-400 hover:text-blue-600 hover:bg-blue-50 dark:hover:bg-blue-900/30 dark:hover:text-blue-400 transition-all duration-200 "[31m
                  [33mid[31m=[32m"header-notifications-btn"[31m
                [36m>[31m
                  [36m<svg[31m
                    [33mclass[31m=[32m"w-5 h-5"[31m
                    [33mfill[31m=[32m"none"[31m
                    [33mstroke[31m=[32m"currentColor"[31m
                    [33mviewBox[31m=[32m"0 0 24 24"[31m
                  [36m>[31m
                    [36m<path[31m
                      [33md[31m=[32m"M15 17h5l-1.405-1.405A2.032 2.032 0 0118 14.158V11a6.002 6.002 0 00-4-5.659V5a2 2 0 10-4 0v.341C7.67 6.165 6 8.388 6 11v3.159c0 .538-.214 1.055-.595 1.436L4 17h5m6 0v1a3 3 0 11-6 0v-1m6 0H9"[31m
                      [33mstroke-linecap[31m=[32m"round"[31m
                      [33mstroke-linejoin[31m=[32m"round"[31m
                      [33mstroke-width[31m=[32m"2"[31m
                    [36m/>[31m
                  [36m</svg>[31m
                [36m</button>[31m
              [36m</div>[31m
              [36m<div[31m
                [33mclass[31m=[32m"relative mx-1"[31m
              [36m>[31m
                [36m<button[31m
                  [33maria-label[31m=[32m"User menu"[31m
                  [33mclass[31m=[32m"w-8 h-8 rounded-full bg-gradient-to-br from-blue-500 to-indigo-600 flex items-center justify-center text-white font-semibold text-sm shadow-sm hover:shadow-md transition-all duration-200 ring-2 ring-white hover:ring-blue-200"[31m
                  [33mid[31m=[32m"header-user-menu-btn"[31m
                [36m>[31m
                  [0mT[0m
                [36m</button>[31m
              [36m</div>[31m
              [36m<div[31m
                [33mclass[31m=[32m"h-8 w-px bg-gray-200 dark:bg-slate-700 mx-2 shrink-0"[31m
              [36m/>[31m
              [36m<div[31m
                [33mclass[31m=[32m"flex flex-col items-end leading-tight select-none mr-2"[31m
              [36m>[31m
                [36m<span[31m
                  [33mclass[31m=[32m"text-sm font-bold text-gray-800 dark:text-slate-200 tabular-nums"[31m
                [36m>[31m
                  [0m09:42 PM[0m
                [36m</span>[31m
                [36m<span[31m
                  [33mclass[31m=[32m"text-xs text-gray-400 dark:text-slate-500"[31m
                [36m>[31m
                  [0mToday - 11 Mar 2026[0m
                [36m</span>[31m
              [36m</div>[31m
              [36m<button[31m
                [33maria-label[31m=[32m"Toggle dark mode"[31m
                [33mclass[31m=[32m"p-2 rounded-lg text-gray-400 dark:text-slate-400 hover:text-indigo-600 dark:hover:text-indigo-400 hover:bg-indigo-50 dark:hover:bg-indigo-900/30 transition-all duration-200"[31m
                [33mid[31m=[32m"header-dark-mode-btn"[31m
                [33mtitle[31m=[32m"Switch to Dark Mode"[31m
              [36m>[31m
                [36m<svg[31m
                  [33mclass[31m=[32...[39m
[31m   [33mΓ¥»[31m src/tests/Dashboard.test.jsx[2m > [22mDashboard Page Tests[2m > [22mError State[2m > [22mshould show Retry button on error[39m
[31m     ΓåÆ Unable to find an element with the text: Retry. This could be because the text is broken up by multiple elements. In this case, you can provide a function for your text matcher to make your matcher more flexible.

Ignored nodes: comments, script, style
[36m<body>[31m
  [36m<div>[31m
    [36m<div[31m
      [33mclass[31m=[32m"min-h-screen bg-gray-50 dark:bg-slate-950 transition-colors duration-300"[31m
    [36m>[31m
      [36m<header[31m
        [33mclass[31m=[32m"bg-white dark:bg-slate-900 border-b border-gray-200 dark:border-slate-700 sticky top-0 z-50 h-16 flex items-center transition-colors duration-300"[31m
      [36m>[31m
        [36m<div[31m
          [33mclass[31m=[32m"flex items-center w-full h-full"[31m
        [36m>[31m
          [36m<div[31m
            [33mclass[31m=[32m"flex items-center gap-2.5 px-5 h-full shrink-0 w-56"[31m
          [36m>[31m
            [36m<div[31m
              [33mclass[31m=[32m"w-8 h-8 rounded-lg bg-gradient-to-br from-blue-500 to-indigo-600 flex items-center justify-center shadow-md"[31m
            [36m>[31m
              [36m<img[31m
                [33malt[31m=[32m"TheatreX Logo"[31m
                [33mclass[31m=[32m"w-5 h-5 brightness-0 invert"[31m
                [33msrc[31m=[32m"/src/assets/theatrex-logo.svg"[31m
              [36m/>[31m
            [36m</div>[31m
            [36m<span[31m
              [33mclass[31m=[32m"text-xl font-bold bg-gradient-to-r from-blue-600 to-indigo-500 bg-clip-text text-transparent tracking-tight select-none"[31m
            [36m>[31m
              [0mTheatreX[0m
            [36m</span>[31m
          [36m</div>[31m
          [36m<div[31m
            [33mclass[31m=[32m"h-8 w-px bg-gray-200 dark:bg-slate-700 shrink-0"[31m
          [36m/>[31m
          [36m<div[31m
            [33mclass[31m=[32m"flex-1 px-6"[31m
          [36m>[31m
            [36m<h1[31m
              [33mclass[31m=[32m"text-lg font-bold text-gray-900 dark:text-slate-100 leading-tight"[31m
            [36m>[31m
              [0mTheatre Management Dashboard[0m
            [36m</h1>[31m
            [36m<p[31m
              [33mclass[31m=[32m"text-xs text-gray-400 dark:text-slate-500 leading-tight mt-0.5"[31m
            [36m>[31m
              [0mReal - time monitoring and scheduling overview[0m
            [36m</p>[31m
          [36m</div>[31m
          [36m<div[31m
            [33mclass[31m=[32m"flex items-center gap-1 px-4 shrink-0"[31m
          [36m>[31m
            [36m<button[31m
              [33maria-label[31m=[32m"Search"[31m
              [33mclass[31m=[32m"p-2 rounded-lg text-gray-400 dark:text-slate-400 hover:text-blue-600 hover:bg-blue-50 dark:hover:bg-blue-900/30 dark:hover:text-blue-400 transition-all duration-200"[31m
              [33mid[31m=[32m"header-search-btn"[31m
            [36m>[31m
              [36m<svg[31m
                [33mclass[31m=[32m"w-5 h-5"[31m
                [33mfill[31m=[32m"none"[31m
                [33mstroke[31m=[32m"currentColor"[31m
                [33mviewBox[31m=[32m"0 0 24 24"[31m
              [36m>[31m
                [36m<path[31m
                  [33md[31m=[32m"M21 21l-6-6m2-5a7 7 0 11-14 0 7 7 0 0114 0z"[31m
                  [33mstroke-linecap[31m=[32m"round"[31m
                  [33mstroke-linejoin[31m=[32m"round"[31m
                  [33mstroke-width[31m=[32m"2"[31m
                [36m/>[31m
              [36m</svg>[31m
            [36m</button>[31m
            [36m<div[31m
              [33mclass[31m=[32m"relative"[31m
            [36m>[31m
              [36m<button[31m
                [33maria-expanded[31m=[32m"false"[31m
                [33maria-label[31m=[32m"Notifications"[31m
                [33mclass[31m=[32m"relative p-2 rounded-lg text-gray-400 dark:text-slate-400 hover:text-blue-600 hover:bg-blue-50 dark:hover:bg-blue-900/30 dark:hover:text-blue-400 transition-all duration-200 "[31m
                [33mid[31m=[32m"header-notifications-btn"[31m
              [36m>[31m
                [36m<svg[31m
                  [33mclass[31m=[32m"w-5 h-5"[31m
                  [33mfill[31m=[32m"none"[31m
                  [33mstroke[31m=[32m"currentColor"[31m
                  [33mviewBox[31m=[32m"0 0 24 24"[31m
                [36m>[31m
                  [36m<path[31m
                    [33md[31m=[32m"M15 17h5l-1.405-1.405A2.032 2.032 0 0118 14.158V11a6.002 6.002 0 00-4-5.659V5a2 2 0 10-4 0v.341C7.67 6.165 6 8.388 6 11v3.159c0 .538-.214 1.055-.595 1.436L4 17h5m6 0v1a3 3 0 11-6 0v-1m6 0H9"[31m
                    [33mstroke-linecap[31m=[32m"round"[31m
                    [33mstroke-linejoin[31m=[32m"round"[31m
                    [33mstroke-width[31m=[32m"2"[31m
                  [36m/>[31m
                [36m</svg>[31m
              [36m</button>[31m
            [36m</div>[31m
            [36m<div[31m
              [33mclass[31m=[32m"relative mx-1"[31m
            [36m>[31m
              [36m<button[31m
                [33maria-label[31m=[32m"User menu"[31m
                [33mclass[31m=[32m"w-8 h-8 rounded-full bg-gradient-to-br from-blue-500 to-indigo-600 flex items-center justify-center text-white font-semibold text-sm shadow-sm hover:shadow-md transition-all duration-200 ring-2 ring-white hover:ring-blue-200"[31m
                [33mid[31m=[32m"header-user-menu-btn"[31m
              [36m>[31m
                [0mT[0m
              [36m</button>[31m
            [36m</div>[31m
            [36m<div[31m
              [33mclass[31m=[32m"h-8 w-px bg-gray-200 dark:bg-slate-700 mx-2 shrink-0"[31m
            [36m/>[31m
            [36m<div[31m
              [33mclass[31m=[32m"flex flex-col items-end leading-tight select-none mr-2"[31m
            [36m>[31m
              [36m<span[31m
                [33mclass[31m=[32m"text-sm font-bold text-gray-800 dark:text-slate-200 tabular-nums"[31m
              [36m>[31m
                [0m09:42 PM[0m
              [36m</span>[31m
              [36m<span[31m
                [33mclass[31m=[32m"text-xs text-gray-400 dark:text-slate-500"[31m
              [36m>[31m
                [0mToday - 11 Mar 2026[0m
              [36m</span>[31m
            [36m</div>[31m
            [36m<button[31m
              [33maria-label[31m=[32m"Toggle dark mode"[31m
              [33mclass[31m=[32m"p-2 rounded-lg text-gray-400 dark:text-slate-400 hover:text-indigo-600 dark:hover:text-indigo-400 hover:bg-indigo-50 dark:hover:bg-indigo-900/30 transition-all duration-200"[31m
              [33mid[31m=[32m"header-dark-mode-btn"[31m
              [33mtitle[31m=[32m"Switch to Dark Mode"[31m
            [36m>[31m
              [36m<svg[31m
                [33mclass[31m=[32m"w-5 h-5"[31m
                [33mfill[31m=[32m"none"[31m
                [33mstroke[31m=[32m"currentColor"[31m
                [33mviewBox[31m=[32m"0 0 24 24"[31m
              [36m>[31m
                [36m<path[31m
                  [33md[31m=[32m"M20.354 15.354A9 9 0 0...

Ignored nodes: comments, script, style
[36m<html>[31m
  [36m<head />[31m
  [36m<body>[31m
    [36m<div>[31m
      [36m<div[31m
        [33mclass[31m=[32m"min-h-screen bg-gray-50 dark:bg-slate-950 transition-colors duration-300"[31m
      [36m>[31m
        [36m<header[31m
          [33mclass[31m=[32m"bg-white dark:bg-slate-900 border-b border-gray-200 dark:border-slate-700 sticky top-0 z-50 h-16 flex items-center transition-colors duration-300"[31m
        [36m>[31m
          [36m<div[31m
            [33mclass[31m=[32m"flex items-center w-full h-full"[31m
          [36m>[31m
            [36m<div[31m
              [33mclass[31m=[32m"flex items-center gap-2.5 px-5 h-full shrink-0 w-56"[31m
            [36m>[31m
              [36m<div[31m
                [33mclass[31m=[32m"w-8 h-8 rounded-lg bg-gradient-to-br from-blue-500 to-indigo-600 flex items-center justify-center shadow-md"[31m
              [36m>[31m
                [36m<img[31m
                  [33malt[31m=[32m"TheatreX Logo"[31m
                  [33mclass[31m=[32m"w-5 h-5 brightness-0 invert"[31m
                  [33msrc[31m=[32m"/src/assets/theatrex-logo.svg"[31m
                [36m/>[31m
              [36m</div>[31m
              [36m<span[31m
                [33mclass[31m=[32m"text-xl font-bold bg-gradient-to-r from-blue-600 to-indigo-500 bg-clip-text text-transparent tracking-tight select-none"[31m
              [36m>[31m
                [0mTheatreX[0m
              [36m</span>[31m
            [36m</div>[31m
            [36m<div[31m
              [33mclass[31m=[32m"h-8 w-px bg-gray-200 dark:bg-slate-700 shrink-0"[31m
            [36m/>[31m
            [36m<div[31m
              [33mclass[31m=[32m"flex-1 px-6"[31m
            [36m>[31m
              [36m<h1[31m
                [33mclass[31m=[32m"text-lg font-bold text-gray-900 dark:text-slate-100 leading-tight"[31m
              [36m>[31m
                [0mTheatre Management Dashboard[0m
              [36m</h1>[31m
              [36m<p[31m
                [33mclass[31m=[32m"text-xs text-gray-400 dark:text-slate-500 leading-tight mt-0.5"[31m
              [36m>[31m
                [0mReal - time monitoring and scheduling overview[0m
              [36m</p>[31m
            [36m</div>[31m
            [36m<div[31m
              [33mclass[31m=[32m"flex items-center gap-1 px-4 shrink-0"[31m
            [36m>[31m
              [36m<button[31m
                [33maria-label[31m=[32m"Search"[31m
                [33mclass[31m=[32m"p-2 rounded-lg text-gray-400 dark:text-slate-400 hover:text-blue-600 hover:bg-blue-50 dark:hover:bg-blue-900/30 dark:hover:text-blue-400 transition-all duration-200"[31m
                [33mid[31m=[32m"header-search-btn"[31m
              [36m>[31m
                [36m<svg[31m
                  [33mclass[31m=[32m"w-5 h-5"[31m
                  [33mfill[31m=[32m"none"[31m
                  [33mstroke[31m=[32m"currentColor"[31m
                  [33mviewBox[31m=[32m"0 0 24 24"[31m
                [36m>[31m
                  [36m<path[31m
                    [33md[31m=[32m"M21 21l-6-6m2-5a7 7 0 11-14 0 7 7 0 0114 0z"[31m
                    [33mstroke-linecap[31m=[32m"round"[31m
                    [33mstroke-linejoin[31m=[32m"round"[31m
                    [33mstroke-width[31m=[32m"2"[31m
                  [36m/>[31m
                [36m</svg>[31m
              [36m</button>[31m
              [36m<div[31m
                [33mclass[31m=[32m"relative"[31m
              [36m>[31m
                [36m<button[31m
                  [33maria-expanded[31m=[32m"false"[31m
                  [33maria-label[31m=[32m"Notifications"[31m
                  [33mclass[31m=[32m"relative p-2 rounded-lg text-gray-400 dark:text-slate-400 hover:text-blue-600 hover:bg-blue-50 dark:hover:bg-blue-900/30 dark:hover:text-blue-400 transition-all duration-200 "[31m
                  [33mid[31m=[32m"header-notifications-btn"[31m
                [36m>[31m
                  [36m<svg[31m
                    [33mclass[31m=[32m"w-5 h-5"[31m
                    [33mfill[31m=[32m"none"[31m
                    [33mstroke[31m=[32m"currentColor"[31m
                    [33mviewBox[31m=[32m"0 0 24 24"[31m
                  [36m>[31m
                    [36m<path[31m
                      [33md[31m=[32m"M15 17h5l-1.405-1.405A2.032 2.032 0 0118 14.158V11a6.002 6.002 0 00-4-5.659V5a2 2 0 10-4 0v.341C7.67 6.165 6 8.388 6 11v3.159c0 .538-.214 1.055-.595 1.436L4 17h5m6 0v1a3 3 0 11-6 0v-1m6 0H9"[31m
                      [33mstroke-linecap[31m=[32m"round"[31m
                      [33mstroke-linejoin[31m=[32m"round"[31m
                      [33mstroke-width[31m=[32m"2"[31m
                    [36m/>[31m
                  [36m</svg>[31m
                [36m</button>[31m
              [36m</div>[31m
              [36m<div[31m
                [33mclass[31m=[32m"relative mx-1"[31m
              [36m>[31m
                [36m<button[31m
                  [33maria-label[31m=[32m"User menu"[31m
                  [33mclass[31m=[32m"w-8 h-8 rounded-full bg-gradient-to-br from-blue-500 to-indigo-600 flex items-center justify-center text-white font-semibold text-sm shadow-sm hover:shadow-md transition-all duration-200 ring-2 ring-white hover:ring-blue-200"[31m
                  [33mid[31m=[32m"header-user-menu-btn"[31m
                [36m>[31m
                  [0mT[0m
                [36m</button>[31m
              [36m</div>[31m
              [36m<div[31m
                [33mclass[31m=[32m"h-8 w-px bg-gray-200 dark:bg-slate-700 mx-2 shrink-0"[31m
              [36m/>[31m
              [36m<div[31m
                [33mclass[31m=[32m"flex flex-col items-end leading-tight select-none mr-2"[31m
              [36m>[31m
                [36m<span[31m
                  [33mclass[31m=[32m"text-sm font-bold text-gray-800 dark:text-slate-200 tabular-nums"[31m
                [36m>[31m
                  [0m09:42 PM[0m
                [36m</span>[31m
                [36m<span[31m
                  [33mclass[31m=[32m"text-xs text-gray-400 dark:text-slate-500"[31m
                [36m>[31m
                  [0mToday - 11 Mar 2026[0m
                [36m</span>[31m
              [36m</div>[31m
              [36m<button[31m
                [33maria-label[31m=[32m"Toggle dark mode"[31m
                [33mclass[31m=[32m"p-2 rounded-lg text-gray-400 dark:text-slate-400 hover:text-indigo-600 dark:hover:text-indigo-400 hover:bg-indigo-50 dark:hover:bg-indigo-900/30 transition-all duration-200"[31m
                [33mid[31m=[32m"header-dark-mode-btn"[31m
                [33mtitle[31m=[32m"Switch to Dark Mode"[31m
              [36m>[31m
                [36m<svg[31m
                  [33mclass[31m=[32...[39m
[31m   [33mΓ¥»[31m src/tests/Dashboard.test.jsx[2m > [22mDashboard Page Tests[2m > [22mError State[2m > [22mshould show empty surgeries when surgeries API fails[39m
[31m     ΓåÆ Unable to find an element with the text: Error Loading Dashboard. This could be because the text is broken up by multiple elements. In this case, you can provide a function for your text matcher to make your matcher more flexible.

Ignored nodes: comments, script, style
[36m<body>[31m
  [36m<div>[31m
    [36m<div[31m
      [33mclass[31m=[32m"min-h-screen bg-gray-50 dark:bg-slate-950 transition-colors duration-300"[31m
    [36m>[31m
      [36m<header[31m
        [33mclass[31m=[32m"bg-white dark:bg-slate-900 border-b border-gray-200 dark:border-slate-700 sticky top-0 z-50 h-16 flex items-center transition-colors duration-300"[31m
      [36m>[31m
        [36m<div[31m
          [33mclass[31m=[32m"flex items-center w-full h-full"[31m
        [36m>[31m
          [36m<div[31m
            [33mclass[31m=[32m"flex items-center gap-2.5 px-5 h-full shrink-0 w-56"[31m
          [36m>[31m
            [36m<div[31m
              [33mclass[31m=[32m"w-8 h-8 rounded-lg bg-gradient-to-br from-blue-500 to-indigo-600 flex items-center justify-center shadow-md"[31m
            [36m>[31m
              [36m<img[31m
                [33malt[31m=[32m"TheatreX Logo"[31m
                [33mclass[31m=[32m"w-5 h-5 brightness-0 invert"[31m
                [33msrc[31m=[32m"/src/assets/theatrex-logo.svg"[31m
              [36m/>[31m
            [36m</div>[31m
            [36m<span[31m
              [33mclass[31m=[32m"text-xl font-bold bg-gradient-to-r from-blue-600 to-indigo-500 bg-clip-text text-transparent tracking-tight select-none"[31m
            [36m>[31m
              [0mTheatreX[0m
            [36m</span>[31m
          [36m</div>[31m
          [36m<div[31m
            [33mclass[31m=[32m"h-8 w-px bg-gray-200 dark:bg-slate-700 shrink-0"[31m
          [36m/>[31m
          [36m<div[31m
            [33mclass[31m=[32m"flex-1 px-6"[31m
          [36m>[31m
            [36m<h1[31m
              [33mclass[31m=[32m"text-lg font-bold text-gray-900 dark:text-slate-100 leading-tight"[31m
            [36m>[31m
              [0mTheatre Management Dashboard[0m
            [36m</h1>[31m
            [36m<p[31m
              [33mclass[31m=[32m"text-xs text-gray-400 dark:text-slate-500 leading-tight mt-0.5"[31m
            [36m>[31m
              [0mReal - time monitoring and scheduling overview[0m
            [36m</p>[31m
          [36m</div>[31m
          [36m<div[31m
            [33mclass[31m=[32m"flex items-center gap-1 px-4 shrink-0"[31m
          [36m>[31m
            [36m<button[31m
              [33maria-label[31m=[32m"Search"[31m
              [33mclass[31m=[32m"p-2 rounded-lg text-gray-400 dark:text-slate-400 hover:text-blue-600 hover:bg-blue-50 dark:hover:bg-blue-900/30 dark:hover:text-blue-400 transition-all duration-200"[31m
              [33mid[31m=[32m"header-search-btn"[31m
            [36m>[31m
              [36m<svg[31m
                [33mclass[31m=[32m"w-5 h-5"[31m
                [33mfill[31m=[32m"none"[31m
                [33mstroke[31m=[32m"currentColor"[31m
                [33mviewBox[31m=[32m"0 0 24 24"[31m
              [36m>[31m
                [36m<path[31m
                  [33md[31m=[32m"M21 21l-6-6m2-5a7 7 0 11-14 0 7 7 0 0114 0z"[31m
                  [33mstroke-linecap[31m=[32m"round"[31m
                  [33mstroke-linejoin[31m=[32m"round"[31m
                  [33mstroke-width[31m=[32m"2"[31m
                [36m/>[31m
              [36m</svg>[31m
            [36m</button>[31m
            [36m<div[31m
              [33mclass[31m=[32m"relative"[31m
            [36m>[31m
              [36m<button[31m
                [33maria-expanded[31m=[32m"false"[31m
                [33maria-label[31m=[32m"Notifications"[31m
                [33mclass[31m=[32m"relative p-2 rounded-lg text-gray-400 dark:text-slate-400 hover:text-blue-600 hover:bg-blue-50 dark:hover:bg-blue-900/30 dark:hover:text-blue-400 transition-all duration-200 "[31m
                [33mid[31m=[32m"header-notifications-btn"[31m
              [36m>[31m
                [36m<svg[31m
                  [33mclass[31m=[32m"w-5 h-5"[31m
                  [33mfill[31m=[32m"none"[31m
                  [33mstroke[31m=[32m"currentColor"[31m
                  [33mviewBox[31m=[32m"0 0 24 24"[31m
                [36m>[31m
                  [36m<path[31m
                    [33md[31m=[32m"M15 17h5l-1.405-1.405A2.032 2.032 0 0118 14.158V11a6.002 6.002 0 00-4-5.659V5a2 2 0 10-4 0v.341C7.67 6.165 6 8.388 6 11v3.159c0 .538-.214 1.055-.595 1.436L4 17h5m6 0v1a3 3 0 11-6 0v-1m6 0H9"[31m
                    [33mstroke-linecap[31m=[32m"round"[31m
                    [33mstroke-linejoin[31m=[32m"round"[31m
                    [33mstroke-width[31m=[32m"2"[31m
                  [36m/>[31m
                [36m</svg>[31m
              [36m</button>[31m
            [36m</div>[31m
            [36m<div[31m
              [33mclass[31m=[32m"relative mx-1"[31m
            [36m>[31m
              [36m<button[31m
                [33maria-label[31m=[32m"User menu"[31m
                [33mclass[31m=[32m"w-8 h-8 rounded-full bg-gradient-to-br from-blue-500 to-indigo-600 flex items-center justify-center text-white font-semibold text-sm shadow-sm hover:shadow-md transition-all duration-200 ring-2 ring-white hover:ring-blue-200"[31m
                [33mid[31m=[32m"header-user-menu-btn"[31m
              [36m>[31m
                [0mT[0m
              [36m</button>[31m
            [36m</div>[31m
            [36m<div[31m
              [33mclass[31m=[32m"h-8 w-px bg-gray-200 dark:bg-slate-700 mx-2 shrink-0"[31m
            [36m/>[31m
            [36m<div[31m
              [33mclass[31m=[32m"flex flex-col items-end leading-tight select-none mr-2"[31m
            [36m>[31m
              [36m<span[31m
                [33mclass[31m=[32m"text-sm font-bold text-gray-800 dark:text-slate-200 tabular-nums"[31m
              [36m>[31m
                [0m09:42 PM[0m
              [36m</span>[31m
              [36m<span[31m
                [33mclass[31m=[32m"text-xs text-gray-400 dark:text-slate-500"[31m
              [36m>[31m
                [0mToday - 11 Mar 2026[0m
              [36m</span>[31m
            [36m</div>[31m
            [36m<button[31m
              [33maria-label[31m=[32m"Toggle dark mode"[31m
              [33mclass[31m=[32m"p-2 rounded-lg text-gray-400 dark:text-slate-400 hover:text-indigo-600 dark:hover:text-indigo-400 hover:bg-indigo-50 dark:hover:bg-indigo-900/30 transition-all duration-200"[31m
              [33mid[31m=[32m"header-dark-mode-btn"[31m
              [33mtitle[31m=[32m"Switch to Dark Mode"[31m
            [36m>[31m
              [36m<svg[31m
                [33mclass[31m=[32m"w-5 h-5"[31m
                [33mfill[31m=[32m"none"[31m
                [33mstroke[31m=[32m"currentColor"[31m
                [33mviewBox[31m=[32m"0 0 24 24"[31m
              [36m>[31m
                [36m<path[31m
                  [33md[31m=[32m"M20.354 15.354A9 9 0 0...

Ignored nodes: comments, script, style
[36m<html>[31m
  [36m<head />[31m
  [36m<body>[31m
    [36m<div>[31m
      [36m<div[31m
        [33mclass[31m=[32m"min-h-screen bg-gray-50 dark:bg-slate-950 transition-colors duration-300"[31m
      [36m>[31m
        [36m<header[31m
          [33mclass[31m=[32m"bg-white dark:bg-slate-900 border-b border-gray-200 dark:border-slate-700 sticky top-0 z-50 h-16 flex items-center transition-colors duration-300"[31m
        [36m>[31m
          [36m<div[31m
            [33mclass[31m=[32m"flex items-center w-full h-full"[31m
          [36m>[31m
            [36m<div[31m
              [33mclass[31m=[32m"flex items-center gap-2.5 px-5 h-full shrink-0 w-56"[31m
            [36m>[31m
              [36m<div[31m
                [33mclass[31m=[32m"w-8 h-8 rounded-lg bg-gradient-to-br from-blue-500 to-indigo-600 flex items-center justify-center shadow-md"[31m
              [36m>[31m
                [36m<img[31m
                  [33malt[31m=[32m"TheatreX Logo"[31m
                  [33mclass[31m=[32m"w-5 h-5 brightness-0 invert"[31m
                  [33msrc[31m=[32m"/src/assets/theatrex-logo.svg"[31m
                [36m/>[31m
              [36m</div>[31m
              [36m<span[31m
                [33mclass[31m=[32m"text-xl font-bold bg-gradient-to-r from-blue-600 to-indigo-500 bg-clip-text text-transparent tracking-tight select-none"[31m
              [36m>[31m
                [0mTheatreX[0m
              [36m</span>[31m
            [36m</div>[31m
            [36m<div[31m
              [33mclass[31m=[32m"h-8 w-px bg-gray-200 dark:bg-slate-700 shrink-0"[31m
            [36m/>[31m
            [36m<div[31m
              [33mclass[31m=[32m"flex-1 px-6"[31m
            [36m>[31m
              [36m<h1[31m
                [33mclass[31m=[32m"text-lg font-bold text-gray-900 dark:text-slate-100 leading-tight"[31m
              [36m>[31m
                [0mTheatre Management Dashboard[0m
              [36m</h1>[31m
              [36m<p[31m
                [33mclass[31m=[32m"text-xs text-gray-400 dark:text-slate-500 leading-tight mt-0.5"[31m
              [36m>[31m
                [0mReal - time monitoring and scheduling overview[0m
              [36m</p>[31m
            [36m</div>[31m
            [36m<div[31m
              [33mclass[31m=[32m"flex items-center gap-1 px-4 shrink-0"[31m
            [36m>[31m
              [36m<button[31m
                [33maria-label[31m=[32m"Search"[31m
                [33mclass[31m=[32m"p-2 rounded-lg text-gray-400 dark:text-slate-400 hover:text-blue-600 hover:bg-blue-50 dark:hover:bg-blue-900/30 dark:hover:text-blue-400 transition-all duration-200"[31m
                [33mid[31m=[32m"header-search-btn"[31m
              [36m>[31m
                [36m<svg[31m
                  [33mclass[31m=[32m"w-5 h-5"[31m
                  [33mfill[31m=[32m"none"[31m
                  [33mstroke[31m=[32m"currentColor"[31m
                  [33mviewBox[31m=[32m"0 0 24 24"[31m
                [36m>[31m
                  [36m<path[31m
                    [33md[31m=[32m"M21 21l-6-6m2-5a7 7 0 11-14 0 7 7 0 0114 0z"[31m
                    [33mstroke-linecap[31m=[32m"round"[31m
                    [33mstroke-linejoin[31m=[32m"round"[31m
                    [33mstroke-width[31m=[32m"2"[31m
                  [36m/>[31m
                [36m</svg>[31m
              [36m</button>[31m
              [36m<div[31m
                [33mclass[31m=[32m"relative"[31m
              [36m>[31m
                [36m<button[31m
                  [33maria-expanded[31m=[32m"false"[31m
                  [33maria-label[31m=[32m"Notifications"[31m
                  [33mclass[31m=[32m"relative p-2 rounded-lg text-gray-400 dark:text-slate-400 hover:text-blue-600 hover:bg-blue-50 dark:hover:bg-blue-900/30 dark:hover:text-blue-400 transition-all duration-200 "[31m
                  [33mid[31m=[32m"header-notifications-btn"[31m
                [36m>[31m
                  [36m<svg[31m
                    [33mclass[31m=[32m"w-5 h-5"[31m
                    [33mfill[31m=[32m"none"[31m
                    [33mstroke[31m=[32m"currentColor"[31m
                    [33mviewBox[31m=[32m"0 0 24 24"[31m
                  [36m>[31m
                    [36m<path[31m
                      [33md[31m=[32m"M15 17h5l-1.405-1.405A2.032 2.032 0 0118 14.158V11a6.002 6.002 0 00-4-5.659V5a2 2 0 10-4 0v.341C7.67 6.165 6 8.388 6 11v3.159c0 .538-.214 1.055-.595 1.436L4 17h5m6 0v1a3 3 0 11-6 0v-1m6 0H9"[31m
                      [33mstroke-linecap[31m=[32m"round"[31m
                      [33mstroke-linejoin[31m=[32m"round"[31m
                      [33mstroke-width[31m=[32m"2"[31m
                    [36m/>[31m
                  [36m</svg>[31m
                [36m</button>[31m
              [36m</div>[31m
              [36m<div[31m
                [33mclass[31m=[32m"relative mx-1"[31m
              [36m>[31m
                [36m<button[31m
                  [33maria-label[31m=[32m"User menu"[31m
                  [33mclass[31m=[32m"w-8 h-8 rounded-full bg-gradient-to-br from-blue-500 to-indigo-600 flex items-center justify-center text-white font-semibold text-sm shadow-sm hover:shadow-md transition-all duration-200 ring-2 ring-white hover:ring-blue-200"[31m
                  [33mid[31m=[32m"header-user-menu-btn"[31m
                [36m>[31m
                  [0mT[0m
                [36m</button>[31m
              [36m</div>[31m
              [36m<div[31m
                [33mclass[31m=[32m"h-8 w-px bg-gray-200 dark:bg-slate-700 mx-2 shrink-0"[31m
              [36m/>[31m
              [36m<div[31m
                [33mclass[31m=[32m"flex flex-col items-end leading-tight select-none mr-2"[31m
              [36m>[31m
                [36m<span[31m
                  [33mclass[31m=[32m"text-sm font-bold text-gray-800 dark:text-slate-200 tabular-nums"[31m
                [36m>[31m
                  [0m09:42 PM[0m
                [36m</span>[31m
                [36m<span[31m
                  [33mclass[31m=[32m"text-xs text-gray-400 dark:text-slate-500"[31m
                [36m>[31m
                  [0mToday - 11 Mar 2026[0m
                [36m</span>[31m
              [36m</div>[31m
              [36m<button[31m
                [33maria-label[31m=[32m"Toggle dark mode"[31m
                [33mclass[31m=[32m"p-2 rounded-lg text-gray-400 dark:text-slate-400 hover:text-indigo-600 dark:hover:text-indigo-400 hover:bg-indigo-50 dark:hover:bg-indigo-900/30 transition-all duration-200"[31m
                [33mid[31m=[32m"header-dark-mode-btn"[31m
                [33mtitle[31m=[32m"Switch to Dark Mode"[31m
              [36m>[31m
                [36m<svg[31m
                  [33mclass[31m=[32...[39m
[31m   [33mΓ¥»[31m src/tests/Dashboard.test.jsx[2m > [22mDashboard Page Tests[2m > [22mNavigation[2m > [22mshould navigate to /surgeries/new when Add New Surgery is clicked[39m
[31m     ΓåÆ Unable to find an element with the text: + Add New Surgery. This could be because the text is broken up by multiple elements. In this case, you can provide a function for your text matcher to make your matcher more flexible.

Ignored nodes: comments, script, style
[36m<body>[31m
  [36m<div>[31m
    [36m<div[31m
      [33mclass[31m=[32m"min-h-screen bg-gray-50 dark:bg-slate-950 transition-colors duration-300"[31m
    [36m>[31m
      [36m<header[31m
        [33mclass[31m=[32m"bg-white dark:bg-slate-900 border-b border-gray-200 dark:border-slate-700 sticky top-0 z-50 h-16 flex items-center transition-colors duration-300"[31m
      [36m>[31m
        [36m<div[31m
          [33mclass[31m=[32m"flex items-center w-full h-full"[31m
        [36m>[31m
          [36m<div[31m
            [33mclass[31m=[32m"flex items-center gap-2.5 px-5 h-full shrink-0 w-56"[31m
          [36m>[31m
            [36m<div[31m
              [33mclass[31m=[32m"w-8 h-8 rounded-lg bg-gradient-to-br from-blue-500 to-indigo-600 flex items-center justify-center shadow-md"[31m
            [36m>[31m
              [36m<img[31m
                [33malt[31m=[32m"TheatreX Logo"[31m
                [33mclass[31m=[32m"w-5 h-5 brightness-0 invert"[31m
                [33msrc[31m=[32m"/src/assets/theatrex-logo.svg"[31m
              [36m/>[31m
            [36m</div>[31m
            [36m<span[31m
              [33mclass[31m=[32m"text-xl font-bold bg-gradient-to-r from-blue-600 to-indigo-500 bg-clip-text text-transparent tracking-tight select-none"[31m
            [36m>[31m
              [0mTheatreX[0m
            [36m</span>[31m
          [36m</div>[31m
          [36m<div[31m
            [33mclass[31m=[32m"h-8 w-px bg-gray-200 dark:bg-slate-700 shrink-0"[31m
          [36m/>[31m
          [36m<div[31m
            [33mclass[31m=[32m"flex-1 px-6"[31m
          [36m>[31m
            [36m<h1[31m
              [33mclass[31m=[32m"text-lg font-bold text-gray-900 dark:text-slate-100 leading-tight"[31m
            [36m>[31m
              [0mTheatre Management Dashboard[0m
            [36m</h1>[31m
            [36m<p[31m
              [33mclass[31m=[32m"text-xs text-gray-400 dark:text-slate-500 leading-tight mt-0.5"[31m
            [36m>[31m
              [0mReal - time monitoring and scheduling overview[0m
            [36m</p>[31m
          [36m</div>[31m
          [36m<div[31m
            [33mclass[31m=[32m"flex items-center gap-1 px-4 shrink-0"[31m
          [36m>[31m
            [36m<button[31m
              [33maria-label[31m=[32m"Search"[31m
              [33mclass[31m=[32m"p-2 rounded-lg text-gray-400 dark:text-slate-400 hover:text-blue-600 hover:bg-blue-50 dark:hover:bg-blue-900/30 dark:hover:text-blue-400 transition-all duration-200"[31m
              [33mid[31m=[32m"header-search-btn"[31m
            [36m>[31m
              [36m<svg[31m
                [33mclass[31m=[32m"w-5 h-5"[31m
                [33mfill[31m=[32m"none"[31m
                [33mstroke[31m=[32m"currentColor"[31m
                [33mviewBox[31m=[32m"0 0 24 24"[31m
              [36m>[31m
                [36m<path[31m
                  [33md[31m=[32m"M21 21l-6-6m2-5a7 7 0 11-14 0 7 7 0 0114 0z"[31m
                  [33mstroke-linecap[31m=[32m"round"[31m
                  [33mstroke-linejoin[31m=[32m"round"[31m
                  [33mstroke-width[31m=[32m"2"[31m
                [36m/>[31m
              [36m</svg>[31m
            [36m</button>[31m
            [36m<div[31m
              [33mclass[31m=[32m"relative"[31m
            [36m>[31m
              [36m<button[31m
                [33maria-expanded[31m=[32m"false"[31m
                [33maria-label[31m=[32m"Notifications"[31m
                [33mclass[31m=[32m"relative p-2 rounded-lg text-gray-400 dark:text-slate-400 hover:text-blue-600 hover:bg-blue-50 dark:hover:bg-blue-900/30 dark:hover:text-blue-400 transition-all duration-200 "[31m
                [33mid[31m=[32m"header-notifications-btn"[31m
              [36m>[31m
                [36m<svg[31m
                  [33mclass[31m=[32m"w-5 h-5"[31m
                  [33mfill[31m=[32m"none"[31m
                  [33mstroke[31m=[32m"currentColor"[31m
                  [33mviewBox[31m=[32m"0 0 24 24"[31m
                [36m>[31m
                  [36m<path[31m
                    [33md[31m=[32m"M15 17h5l-1.405-1.405A2.032 2.032 0 0118 14.158V11a6.002 6.002 0 00-4-5.659V5a2 2 0 10-4 0v.341C7.67 6.165 6 8.388 6 11v3.159c0 .538-.214 1.055-.595 1.436L4 17h5m6 0v1a3 3 0 11-6 0v-1m6 0H9"[31m
                    [33mstroke-linecap[31m=[32m"round"[31m
                    [33mstroke-linejoin[31m=[32m"round"[31m
                    [33mstroke-width[31m=[32m"2"[31m
                  [36m/>[31m
                [36m</svg>[31m
              [36m</button>[31m
            [36m</div>[31m
            [36m<div[31m
              [33mclass[31m=[32m"relative mx-1"[31m
            [36m>[31m
              [36m<button[31m
                [33maria-label[31m=[32m"User menu"[31m
                [33mclass[31m=[32m"w-8 h-8 rounded-full bg-gradient-to-br from-blue-500 to-indigo-600 flex items-center justify-center text-white font-semibold text-sm shadow-sm hover:shadow-md transition-all duration-200 ring-2 ring-white hover:ring-blue-200"[31m
                [33mid[31m=[32m"header-user-menu-btn"[31m
              [36m>[31m
                [0mT[0m
              [36m</button>[31m
            [36m</div>[31m
            [36m<div[31m
              [33mclass[31m=[32m"h-8 w-px bg-gray-200 dark:bg-slate-700 mx-2 shrink-0"[31m
            [36m/>[31m
            [36m<div[31m
              [33mclass[31m=[32m"flex flex-col items-end leading-tight select-none mr-2"[31m
            [36m>[31m
              [36m<span[31m
                [33mclass[31m=[32m"text-sm font-bold text-gray-800 dark:text-slate-200 tabular-nums"[31m
              [36m>[31m
                [0m09:42 PM[0m
              [36m</span>[31m
              [36m<span[31m
                [33mclass[31m=[32m"text-xs text-gray-400 dark:text-slate-500"[31m
              [36m>[31m
                [0mToday - 11 Mar 2026[0m
              [36m</span>[31m
            [36m</div>[31m
            [36m<button[31m
              [33maria-label[31m=[32m"Toggle dark mode"[31m
              [33mclass[31m=[32m"p-2 rounded-lg text-gray-400 dark:text-slate-400 hover:text-indigo-600 dark:hover:text-indigo-400 hover:bg-indigo-50 dark:hover:bg-indigo-900/30 transition-all duration-200"[31m
              [33mid[31m=[32m"header-dark-mode-btn"[31m
              [33mtitle[31m=[32m"Switch to Dark Mode"[31m
            [36m>[31m
              [36m<svg[31m
                [33mclass[31m=[32m"w-5 h-5"[31m
                [33mfill[31m=[32m"none"[31m
                [33mstroke[31m=[32m"currentColor"[31m
                [33mviewBox[31m=[32m"0 0 24 24"[31m
              [36m>[31m
                [36m<path[31m
                  [33md[31m=[32m"M20.354 15.354A9 9 0 0...

Ignored nodes: comments, script, style
[36m<html>[31m
  [36m<head />[31m
  [36m<body>[31m
    [36m<div>[31m
      [36m<div[31m
        [33mclass[31m=[32m"min-h-screen bg-gray-50 dark:bg-slate-950 transition-colors duration-300"[31m
      [36m>[31m
        [36m<header[31m
          [33mclass[31m=[32m"bg-white dark:bg-slate-900 border-b border-gray-200 dark:border-slate-700 sticky top-0 z-50 h-16 flex items-center transition-colors duration-300"[31m
        [36m>[31m
          [36m<div[31m
            [33mclass[31m=[32m"flex items-center w-full h-full"[31m
          [36m>[31m
            [36m<div[31m
              [33mclass[31m=[32m"flex items-center gap-2.5 px-5 h-full shrink-0 w-56"[31m
            [36m>[31m
              [36m<div[31m
                [33mclass[31m=[32m"w-8 h-8 rounded-lg bg-gradient-to-br from-blue-500 to-indigo-600 flex items-center justify-center shadow-md"[31m
              [36m>[31m
                [36m<img[31m
                  [33malt[31m=[32m"TheatreX Logo"[31m
                  [33mclass[31m=[32m"w-5 h-5 brightness-0 invert"[31m
                  [33msrc[31m=[32m"/src/assets/theatrex-logo.svg"[31m
                [36m/>[31m
              [36m</div>[31m
              [36m<span[31m
                [33mclass[31m=[32m"text-xl font-bold bg-gradient-to-r from-blue-600 to-indigo-500 bg-clip-text text-transparent tracking-tight select-none"[31m
              [36m>[31m
                [0mTheatreX[0m
              [36m</span>[31m
            [36m</div>[31m
            [36m<div[31m
              [33mclass[31m=[32m"h-8 w-px bg-gray-200 dark:bg-slate-700 shrink-0"[31m
            [36m/>[31m
            [36m<div[31m
              [33mclass[31m=[32m"flex-1 px-6"[31m
            [36m>[31m
              [36m<h1[31m
                [33mclass[31m=[32m"text-lg font-bold text-gray-900 dark:text-slate-100 leading-tight"[31m
              [36m>[31m
                [0mTheatre Management Dashboard[0m
              [36m</h1>[31m
              [36m<p[31m
                [33mclass[31m=[32m"text-xs text-gray-400 dark:text-slate-500 leading-tight mt-0.5"[31m
              [36m>[31m
                [0mReal - time monitoring and scheduling overview[0m
              [36m</p>[31m
            [36m</div>[31m
            [36m<div[31m
              [33mclass[31m=[32m"flex items-center gap-1 px-4 shrink-0"[31m
            [36m>[31m
              [36m<button[31m
                [33maria-label[31m=[32m"Search"[31m
                [33mclass[31m=[32m"p-2 rounded-lg text-gray-400 dark:text-slate-400 hover:text-blue-600 hover:bg-blue-50 dark:hover:bg-blue-900/30 dark:hover:text-blue-400 transition-all duration-200"[31m
                [33mid[31m=[32m"header-search-btn"[31m
              [36m>[31m
                [36m<svg[31m
                  [33mclass[31m=[32m"w-5 h-5"[31m
                  [33mfill[31m=[32m"none"[31m
                  [33mstroke[31m=[32m"currentColor"[31m
                  [33mviewBox[31m=[32m"0 0 24 24"[31m
                [36m>[31m
                  [36m<path[31m
                    [33md[31m=[32m"M21 21l-6-6m2-5a7 7 0 11-14 0 7 7 0 0114 0z"[31m
                    [33mstroke-linecap[31m=[32m"round"[31m
                    [33mstroke-linejoin[31m=[32m"round"[31m
                    [33mstroke-width[31m=[32m"2"[31m
                  [36m/>[31m
                [36m</svg>[31m
              [36m</button>[31m
              [36m<div[31m
                [33mclass[31m=[32m"relative"[31m
              [36m>[31m
                [36m<button[31m
                  [33maria-expanded[31m=[32m"false"[31m
                  [33maria-label[31m=[32m"Notifications"[31m
                  [33mclass[31m=[32m"relative p-2 rounded-lg text-gray-400 dark:text-slate-400 hover:text-blue-600 hover:bg-blue-50 dark:hover:bg-blue-900/30 dark:hover:text-blue-400 transition-all duration-200 "[31m
                  [33mid[31m=[32m"header-notifications-btn"[31m
                [36m>[31m
                  [36m<svg[31m
                    [33mclass[31m=[32m"w-5 h-5"[31m
                    [33mfill[31m=[32m"none"[31m
                    [33mstroke[31m=[32m"currentColor"[31m
                    [33mviewBox[31m=[32m"0 0 24 24"[31m
                  [36m>[31m
                    [36m<path[31m
                      [33md[31m=[32m"M15 17h5l-1.405-1.405A2.032 2.032 0 0118 14.158V11a6.002 6.002 0 00-4-5.659V5a2 2 0 10-4 0v.341C7.67 6.165 6 8.388 6 11v3.159c0 .538-.214 1.055-.595 1.436L4 17h5m6 0v1a3 3 0 11-6 0v-1m6 0H9"[31m
                      [33mstroke-linecap[31m=[32m"round"[31m
                      [33mstroke-linejoin[31m=[32m"round"[31m
                      [33mstroke-width[31m=[32m"2"[31m
                    [36m/>[31m
                  [36m</svg>[31m
                [36m</button>[31m
              [36m</div>[31m
              [36m<div[31m
                [33mclass[31m=[32m"relative mx-1"[31m
              [36m>[31m
                [36m<button[31m
                  [33maria-label[31m=[32m"User menu"[31m
                  [33mclass[31m=[32m"w-8 h-8 rounded-full bg-gradient-to-br from-blue-500 to-indigo-600 flex items-center justify-center text-white font-semibold text-sm shadow-sm hover:shadow-md transition-all duration-200 ring-2 ring-white hover:ring-blue-200"[31m
                  [33mid[31m=[32m"header-user-menu-btn"[31m
                [36m>[31m
                  [0mT[0m
                [36m</button>[31m
              [36m</div>[31m
              [36m<div[31m
                [33mclass[31m=[32m"h-8 w-px bg-gray-200 dark:bg-slate-700 mx-2 shrink-0"[31m
              [36m/>[31m
              [36m<div[31m
                [33mclass[31m=[32m"flex flex-col items-end leading-tight select-none mr-2"[31m
              [36m>[31m
                [36m<span[31m
                  [33mclass[31m=[32m"text-sm font-bold text-gray-800 dark:text-slate-200 tabular-nums"[31m
                [36m>[31m
                  [0m09:42 PM[0m
                [36m</span>[31m
                [36m<span[31m
                  [33mclass[31m=[32m"text-xs text-gray-400 dark:text-slate-500"[31m
                [36m>[31m
                  [0mToday - 11 Mar 2026[0m
                [36m</span>[31m
              [36m</div>[31m
              [36m<button[31m
                [33maria-label[31m=[32m"Toggle dark mode"[31m
                [33mclass[31m=[32m"p-2 rounded-lg text-gray-400 dark:text-slate-400 hover:text-indigo-600 dark:hover:text-indigo-400 hover:bg-indigo-50 dark:hover:bg-indigo-900/30 transition-all duration-200"[31m
                [33mid[31m=[32m"header-dark-mode-btn"[31m
                [33mtitle[31m=[32m"Switch to Dark Mode"[31m
              [36m>[31m
                [36m<svg[31m
                  [33mclass[31m=[32...[39m

[31mΓÄ»ΓÄ»ΓÄ»ΓÄ»ΓÄ»ΓÄ»ΓÄ»[1m[7m Failed Tests 7 
[27m[22mΓÄ»ΓÄ»ΓÄ»ΓÄ»ΓÄ»ΓÄ»ΓÄ»[39m

[31m[1m[7m FAIL [27m[22m[39m 
src/tests/Dashboard.test.jsx[2m > [22mDashboard 
Page Tests[2m > [22mSuccess State[2m > 
[22mshould display action buttons
[31m[1mTestingLibraryElementError[22m[39m: 
Unable to find an element with the text: + Add New 
Surgery. This could be because the text is broken 
up by multiple elements. In this case, you can 
provide a function for your text matcher to make 
your matcher more flexible.

Ignored nodes: comments, script, style
[36m<body>[39m
  [36m<div>[39m
    [36m<div[39m
      [33mclass[39m=[32m"min-h-screen bg-gray-50 
dark:bg-slate-950 transition-colors 
duration-300"[39m
    [36m>[39m
      [36m<header[39m
        [33mclass[39m=[32m"bg-white 
dark:bg-slate-900 border-b border-gray-200 
dark:border-slate-700 sticky top-0 z-50 h-16 flex 
items-center transition-colors duration-300"[39m
      [36m>[39m
        [36m<div[39m
          [33mclass[39m=[32m"flex items-center 
w-full h-full"[39m
        [36m>[39m
          [36m<div[39m
            [33mclass[39m=[32m"flex items-center 
gap-2.5 px-5 h-full shrink-0 w-56"[39m
          [36m>[39m
            [36m<div[39m
              [33mclass[39m=[32m"w-8 h-8 
rounded-lg bg-gradient-to-br from-blue-500 
to-indigo-600 flex items-center justify-center 
shadow-md"[39m
            [36m>[39m
              [36m<img[39m
                [33malt[39m=[32m"TheatreX 
Logo"[39m
                [33mclass[39m=[32m"w-5 h-5 
brightness-0 invert"[39m
                [33msrc[39m=[32m"/src/assets/thea
trex-logo.svg"[39m
              [36m/>[39m
            [36m</div>[39m
            [36m<span[39m
              [33mclass[39m=[32m"text-xl 
font-bold bg-gradient-to-r from-blue-600 
to-indigo-500 bg-clip-text text-transparent 
tracking-tight select-none"[39m
            [36m>[39m
              [0mTheatreX[0m
            [36m</span>[39m
          [36m</div>[39m
          [36m<div[39m
            [33mclass[39m=[32m"h-8 w-px 
bg-gray-200 dark:bg-slate-700 shrink-0"[39m
          [36m/>[39m
          [36m<div[39m
            [33mclass[39m=[32m"flex-1 px-6"[39m
          [36m>[39m
            [36m<h1[39m
              [33mclass[39m=[32m"text-lg 
font-bold text-gray-900 dark:text-slate-100 
leading-tight"[39m
            [36m>[39m
              [0mTheatre Management Dashboard[0m
            [36m</h1>[39m
            [36m<p[39m
              [33mclass[39m=[32m"text-xs 
text-gray-400 dark:text-slate-500 leading-tight 
mt-0.5"[39m
            [36m>[39m
              [0mReal - time monitoring and 
scheduling overview[0m
            [36m</p>[39m
          [36m</div>[39m
          [36m<div[39m
            [33mclass[39m=[32m"flex items-center 
gap-1 px-4 shrink-0"[39m
          [36m>[39m
            [36m<button[39m
              
[33maria-label[39m=[32m"Search"[39m
              [33mclass[39m=[32m"p-2 rounded-lg 
text-gray-400 dark:text-slate-400 
hover:text-blue-600 hover:bg-blue-50 
dark:hover:bg-blue-900/30 dark:hover:text-blue-400 
transition-all duration-200"[39m
              
[33mid[39m=[32m"header-search-btn"[39m
            [36m>[39m
              [36m<svg[39m
                [33mclass[39m=[32m"w-5 h-5"[39m
                [33mfill[39m=[32m"none"[39m
                
[33mstroke[39m=[32m"currentColor"[39m
                [33mviewBox[39m=[32m"0 0 24 
24"[39m
              [36m>[39m
                [36m<path[39m
                  [33md[39m=[32m"M21 
21l-6-6m2-5a7 7 0 11-14 0 7 7 0 0114 0z"[39m
                  
[33mstroke-linecap[39m=[32m"round"[39m
                  
[33mstroke-linejoin[39m=[32m"round"[39m
                  
[33mstroke-width[39m=[32m"2"[39m
                [36m/>[39m
              [36m</svg>[39m
            [36m</button>[39m
            [36m<div[39m
              [33mclass[39m=[32m"relative"[39m
            [36m>[39m
              [36m<button[39m
                
[33maria-expanded[39m=[32m"false"[39m
                
[33maria-label[39m=[32m"Notifications"[39m
                [33mclass[39m=[32m"relative p-2 
rounded-lg text-gray-400 dark:text-slate-400 
hover:text-blue-600 hover:bg-blue-50 
dark:hover:bg-blue-900/30 dark:hover:text-blue-400 
transition-all duration-200 "[39m
                
[33mid[39m=[32m"header-notifications-btn"[39m
              [36m>[39m
                [36m<svg[39m
                  [33mclass[39m=[32m"w-5 
h-5"[39m
                  [33mfill[39m=[32m"none"[39m
                  
[33mstroke[39m=[32m"currentColor"[39m
                  [33mviewBox[39m=[32m"0 0 24 
24"[39m
                [36m>[39m
                  [36m<path[39m
                    [33md[39m=[32m"M15 
17h5l-1.405-1.405A2.032 2.032 0 0118 
14.158V11a6.002 6.002 0 00-4-5.659V5a2 2 0 10-4 
0v.341C7.67 6.165 6 8.388 6 11v3.159c0 .538-.214 
1.055-.595 1.436L4 17h5m6 0v1a3 3 0 11-6 0v-1m6 
0H9"[39m
                    
[33mstroke-linecap[39m=[32m"round"[39m
                    
[33mstroke-linejoin[39m=[32m"round"[39m
                    
[33mstroke-width[39m=[32m"2"[39m
                  [36m/>[39m
                [36m</svg>[39m
              [36m</button>[39m
            [36m</div>[39m
            [36m<div[39m
              [33mclass[39m=[32m"relative 
mx-1"[39m
            [36m>[39m
              [36m<button[39m
                [33maria-label[39m=[32m"User 
menu"[39m
                [33mclass[39m=[32m"w-8 h-8 
rounded-full bg-gradient-to-br from-blue-500 
to-indigo-600 flex items-center justify-center 
text-white font-semibold text-sm shadow-sm 
hover:shadow-md transition-all duration-200 ring-2 
ring-white hover:ring-blue-200"[39m
                
[33mid[39m=[32m"header-user-menu-btn"[39m
              [36m>[39m
                [0mT[0m
              [36m</button>[39m
            [36m</div>[39m
            [36m<div[39m
              [33mclass[39m=[32m"h-8 w-px 
bg-gray-200 dark:bg-slate-700 mx-2 shrink-0"[39m
            [36m/>[39m
            [36m<div[39m
              [33mclass[39m=[32m"flex flex-col 
items-end leading-tight select-none mr-2"[39m
            [36m>[39m
              [36m<span[39m
                [33mclass[39m=[32m"text-sm 
font-bold text-gray-800 dark:text-slate-200 
tabular-nums"[39m
              [36m>[39m
                [0m09:42 PM[0m
              [36m</span>[39m
              [36m<span[39m
                [33mclass[39m=[32m"text-xs 
text-gray-400 dark:text-slate-500"[39m
              [36m>[39m
                [0mToday - 11 Mar 2026[0m
              [36m</span>[39m
            [36m</div>[39m
            [36m<button[39m
              [33maria-label[39m=[32m"Toggle 
dark mode"[39m
              [33mclass[39m=[32m"p-2 rounded-lg 
text-gray-400 dark:text-slate-400 
hover:text-indigo-600 dark:hover:text-indigo-400 
hover:bg-indigo-50 dark:hover:bg-indigo-900/30 
transition-all duration-200"[39m
              
[33mid[39m=[32m"header-dark-mode-btn"[39m
              [33mtitle[39m=[32m"Switch to Dark 
Mode"[39m
            [36m>[39m
              [36m<svg[39m
                [33mclass[39m=[32m"w-5 h-5"[39m
                [33mfill[39m=[32m"none"[39m
                
[33mstroke[39m=[32m"currentColor"[39m
                [33mviewBox[39m=[32m"0 0 24 
24"[39m
              [36m>[39m
                [36m<path[39m
                  [33md[39m=[32m"M20.354 
15.354A9 9 0 0...

Ignored nodes: comments, script, style
[36m<html>[39m
  [36m<head />[39m
  [36m<body>[39m
    [36m<div>[39m
      [36m<div[39m
        [33mclass[39m=[32m"min-h-screen 
bg-gray-50 dark:bg-slate-950 transition-colors 
duration-300"[39m
      [36m>[39m
        [36m<header[39m
          [33mclass[39m=[32m"bg-white 
dark:bg-slate-900 border-b border-gray-200 
dark:border-slate-700 sticky top-0 z-50 h-16 flex 
items-center transition-colors duration-300"[39m
        [36m>[39m
          [36m<div[39m
            [33mclass[39m=[32m"flex items-center 
w-full h-full"[39m
          [36m>[39m
            [36m<div[39m
              [33mclass[39m=[32m"flex 
items-center gap-2.5 px-5 h-full shrink-0 w-56"[39m
            [36m>[39m
              [36m<div[39m
                [33mclass[39m=[32m"w-8 h-8 
rounded-lg bg-gradient-to-br from-blue-500 
to-indigo-600 flex items-center justify-center 
shadow-md"[39m
              [36m>[39m
                [36m<img[39m
                  [33malt[39m=[32m"TheatreX 
Logo"[39m
                  [33mclass[39m=[32m"w-5 h-5 
brightness-0 invert"[39m
                  [33msrc[39m=[32m"/src/assets/th
eatrex-logo.svg"[39m
                [36m/>[39m
              [36m</div>[39m
              [36m<span[39m
                [33mclass[39m=[32m"text-xl 
font-bold bg-gradient-to-r from-blue-600 
to-indigo-500 bg-clip-text text-transparent 
tracking-tight select-none"[39m
              [36m>[39m
                [0mTheatreX[0m
              [36m</span>[39m
            [36m</div>[39m
            [36m<div[39m
              [33mclass[39m=[32m"h-8 w-px 
bg-gray-200 dark:bg-slate-700 shrink-0"[39m
            [36m/>[39m
            [36m<div[39m
              [33mclass[39m=[32m"flex-1 
px-6"[39m
            [36m>[39m
              [36m<h1[39m
                [33mclass[39m=[32m"text-lg 
font-bold text-gray-900 dark:text-slate-100 
leading-tight"[39m
              [36m>[39m
                [0mTheatre Management Dashboard[0m
              [36m</h1>[39m
              [36m<p[39m
                [33mclass[39m=[32m"text-xs 
text-gray-400 dark:text-slate-500 leading-tight 
mt-0.5"[39m
              [36m>[39m
                [0mReal - time monitoring and 
scheduling overview[0m
              [36m</p>[39m
            [36m</div>[39m
            [36m<div[39m
              [33mclass[39m=[32m"flex 
items-center gap-1 px-4 shrink-0"[39m
            [36m>[39m
              [36m<button[39m
                
[33maria-label[39m=[32m"Search"[39m
                [33mclass[39m=[32m"p-2 
rounded-lg text-gray-400 dark:text-slate-400 
hover:text-blue-600 hover:bg-blue-50 
dark:hover:bg-blue-900/30 dark:hover:text-blue-400 
transition-all duration-200"[39m
                
[33mid[39m=[32m"header-search-btn"[39m
              [36m>[39m
                [36m<svg[39m
                  [33mclass[39m=[32m"w-5 
h-5"[39m
                  [33mfill[39m=[32m"none"[39m
                  
[33mstroke[39m=[32m"currentColor"[39m
                  [33mviewBox[39m=[32m"0 0 24 
24"[39m
                [36m>[39m
                  [36m<path[39m
                    [33md[39m=[32m"M21 
21l-6-6m2-5a7 7 0 11-14 0 7 7 0 0114 0z"[39m
                    
[33mstroke-linecap[39m=[32m"round"[39m
                    
[33mstroke-linejoin[39m=[32m"round"[39m
                    
[33mstroke-width[39m=[32m"2"[39m
                  [36m/>[39m
                [36m</svg>[39m
              [36m</button>[39m
              [36m<div[39m
                [33mclass[39m=[32m"relative"[39m
              [36m>[39m
                [36m<button[39m
                  
[33maria-expanded[39m=[32m"false"[39m
                  
[33maria-label[39m=[32m"Notifications"[39m
                  [33mclass[39m=[32m"relative 
p-2 rounded-lg text-gray-400 dark:text-slate-400 
hover:text-blue-600 hover:bg-blue-50 
dark:hover:bg-blue-900/30 dark:hover:text-blue-400 
transition-all duration-200 "[39m
                  
[33mid[39m=[32m"header-notifications-btn"[39m
                [36m>[39m
                  [36m<svg[39m
                    [33mclass[39m=[32m"w-5 
h-5"[39m
                    [33mfill[39m=[32m"none"[39m
                    
[33mstroke[39m=[32m"currentColor"[39m
                    [33mviewBox[39m=[32m"0 0 24 
24"[39m
                  [36m>[39m
                    [36m<path[39m
                      [33md[39m=[32m"M15 
17h5l-1.405-1.405A2.032 2.032 0 0118 
14.158V11a6.002 6.002 0 00-4-5.659V5a2 2 0 10-4 
0v.341C7.67 6.165 6 8.388 6 11v3.159c0 .538-.214 
1.055-.595 1.436L4 17h5m6 0v1a3 3 0 11-6 0v-1m6 
0H9"[39m
                      
[33mstroke-linecap[39m=[32m"round"[39m
                      
[33mstroke-linejoin[39m=[32m"round"[39m
                      
[33mstroke-width[39m=[32m"2"[39m
                    [36m/>[39m
                  [36m</svg>[39m
                [36m</button>[39m
              [36m</div>[39m
              [36m<div[39m
                [33mclass[39m=[32m"relative 
mx-1"[39m
              [36m>[39m
                [36m<button[39m
                  [33maria-label[39m=[32m"User 
menu"[39m
                  [33mclass[39m=[32m"w-8 h-8 
rounded-full bg-gradient-to-br from-blue-500 
to-indigo-600 flex items-center justify-center 
text-white font-semibold text-sm shadow-sm 
hover:shadow-md transition-all duration-200 ring-2 
ring-white hover:ring-blue-200"[39m
                  
[33mid[39m=[32m"header-user-menu-btn"[39m
                [36m>[39m
                  [0mT[0m
                [36m</button>[39m
              [36m</div>[39m
              [36m<div[39m
                [33mclass[39m=[32m"h-8 w-px 
bg-gray-200 dark:bg-slate-700 mx-2 shrink-0"[39m
              [36m/>[39m
              [36m<div[39m
                [33mclass[39m=[32m"flex flex-col 
items-end leading-tight select-none mr-2"[39m
              [36m>[39m
                [36m<span[39m
                  [33mclass[39m=[32m"text-sm 
font-bold text-gray-800 dark:text-slate-200 
tabular-nums"[39m
                [36m>[39m
                  [0m09:42 PM[0m
                [36m</span>[39m
                [36m<span[39m
                  [33mclass[39m=[32m"text-xs 
text-gray-400 dark:text-slate-500"[39m
                [36m>[39m
                  [0mToday - 11 Mar 2026[0m
                [36m</span>[39m
              [36m</div>[39m
              [36m<button[39m
                [33maria-label[39m=[32m"Toggle 
dark mode"[39m
                [33mclass[39m=[32m"p-2 
rounded-lg text-gray-400 dark:text-slate-400 
hover:text-indigo-600 dark:hover:text-indigo-400 
hover:bg-indigo-50 dark:hover:bg-indigo-900/30 
transition-all duration-200"[39m
                
[33mid[39m=[32m"header-dark-mode-btn"[39m
                [33mtitle[39m=[32m"Switch to 
Dark Mode"[39m
              [36m>[39m
                [36m<svg[39m
                  [33mclass[39m=[32...
[90m [2mΓ¥»[22m Proxy.waitForWrapper node_modules
/@testing-library/dom/dist/wait-for.js:[2m163:27[2
2m[39m
[36m [2mΓ¥»[22m 
src/tests/Dashboard.test.jsx:[2m220:19[22m[39m
    [90m218| [39m        
[34mit[39m([32m'should display action 
buttons'[39m[33m,[39m [35masync[39m () 
[33m=>[39m {
    [90m219| [39m            
[34mrenderDashboard[39m()[33m;[39m
    [90m220| [39m            [35mawait[39m 
[34mwaitFor[39m(() [33m=>[39m {
    [90m   | [39m                  [31m^[39m
    [90m221| [39m                [34mexpect[39m(
screen[33m.[39m[34mgetByText[39m([32m'+ Add 
New Surgery'[39m))[33m.[39m[34mtoBeInTh[39mΓÇª
    [90m222| [39m                [34mexpect[39m(
screen[33m.[39m[34mgetByText[39m([32m'Calendar 
View'[39m))[33m.[39m[34mtoBeInTheDoc[39mΓÇª

[31m[2mΓÄ»ΓÄ»ΓÄ»ΓÄ»ΓÄ»ΓÄ»ΓÄ»ΓÄ»ΓÄ»ΓÄ»ΓÄ»ΓÄ»ΓÄ»ΓÄ»Γ
Ä»ΓÄ»ΓÄ»ΓÄ»ΓÄ»ΓÄ»ΓÄ»ΓÄ»ΓÄ»ΓÄ»[1/7]ΓÄ»[22m[39m

[31m[1m[7m FAIL [27m[22m[39m 
src/tests/Dashboard.test.jsx[2m > [22mDashboard 
Page Tests[2m > [22mMissing Data State[2m > 
[22mshould show -- for avgDuration when not 
provided
[31m[1mTestingLibraryElementError[22m[39m: 
Unable to find an element with the text: --. This 
could be because the text is broken up by multiple 
elements. In this case, you can provide a function 
for your text matcher to make your matcher more 
flexible.

Ignored nodes: comments, script, style
[36m<body>[39m
  [36m<div>[39m
    [36m<div[39m
      [33mclass[39m=[32m"min-h-screen bg-gray-50 
dark:bg-slate-950 transition-colors 
duration-300"[39m
    [36m>[39m
      [36m<header[39m
        [33mclass[39m=[32m"bg-white 
dark:bg-slate-900 border-b border-gray-200 
dark:border-slate-700 sticky top-0 z-50 h-16 flex 
items-center transition-colors duration-300"[39m
      [36m>[39m
        [36m<div[39m
          [33mclass[39m=[32m"flex items-center 
w-full h-full"[39m
        [36m>[39m
          [36m<div[39m
            [33mclass[39m=[32m"flex items-center 
gap-2.5 px-5 h-full shrink-0 w-56"[39m
          [36m>[39m
            [36m<div[39m
              [33mclass[39m=[32m"w-8 h-8 
rounded-lg bg-gradient-to-br from-blue-500 
to-indigo-600 flex items-center justify-center 
shadow-md"[39m
            [36m>[39m
              [36m<img[39m
                [33malt[39m=[32m"TheatreX 
Logo"[39m
                [33mclass[39m=[32m"w-5 h-5 
brightness-0 invert"[39m
                [33msrc[39m=[32m"/src/assets/thea
trex-logo.svg"[39m
              [36m/>[39m
            [36m</div>[39m
            [36m<span[39m
              [33mclass[39m=[32m"text-xl 
font-bold bg-gradient-to-r from-blue-600 
to-indigo-500 bg-clip-text text-transparent 
tracking-tight select-none"[39m
            [36m>[39m
              [0mTheatreX[0m
            [36m</span>[39m
          [36m</div>[39m
          [36m<div[39m
            [33mclass[39m=[32m"h-8 w-px 
bg-gray-200 dark:bg-slate-700 shrink-0"[39m
          [36m/>[39m
          [36m<div[39m
            [33mclass[39m=[32m"flex-1 px-6"[39m
          [36m>[39m
            [36m<h1[39m
              [33mclass[39m=[32m"text-lg 
font-bold text-gray-900 dark:text-slate-100 
leading-tight"[39m
            [36m>[39m
              [0mTheatre Management Dashboard[0m
            [36m</h1>[39m
            [36m<p[39m
              [33mclass[39m=[32m"text-xs 
text-gray-400 dark:text-slate-500 leading-tight 
mt-0.5"[39m
            [36m>[39m
              [0mReal - time monitoring and 
scheduling overview[0m
            [36m</p>[39m
          [36m</div>[39m
          [36m<div[39m
            [33mclass[39m=[32m"flex items-center 
gap-1 px-4 shrink-0"[39m
          [36m>[39m
            [36m<button[39m
              
[33maria-label[39m=[32m"Search"[39m
              [33mclass[39m=[32m"p-2 rounded-lg 
text-gray-400 dark:text-slate-400 
hover:text-blue-600 hover:bg-blue-50 
dark:hover:bg-blue-900/30 dark:hover:text-blue-400 
transition-all duration-200"[39m
              
[33mid[39m=[32m"header-search-btn"[39m
            [36m>[39m
              [36m<svg[39m
                [33mclass[39m=[32m"w-5 h-5"[39m
                [33mfill[39m=[32m"none"[39m
                
[33mstroke[39m=[32m"currentColor"[39m
                [33mviewBox[39m=[32m"0 0 24 
24"[39m
              [36m>[39m
                [36m<path[39m
                  [33md[39m=[32m"M21 
21l-6-6m2-5a7 7 0 11-14 0 7 7 0 0114 0z"[39m
                  
[33mstroke-linecap[39m=[32m"round"[39m
                  
[33mstroke-linejoin[39m=[32m"round"[39m
                  
[33mstroke-width[39m=[32m"2"[39m
                [36m/>[39m
              [36m</svg>[39m
            [36m</button>[39m
            [36m<div[39m
              [33mclass[39m=[32m"relative"[39m
            [36m>[39m
              [36m<button[39m
                
[33maria-expanded[39m=[32m"false"[39m
                
[33maria-label[39m=[32m"Notifications"[39m
                [33mclass[39m=[32m"relative p-2 
rounded-lg text-gray-400 dark:text-slate-400 
hover:text-blue-600 hover:bg-blue-50 
dark:hover:bg-blue-900/30 dark:hover:text-blue-400 
transition-all duration-200 "[39m
                
[33mid[39m=[32m"header-notifications-btn"[39m
              [36m>[39m
                [36m<svg[39m
                  [33mclass[39m=[32m"w-5 
h-5"[39m
                  [33mfill[39m=[32m"none"[39m
                  
[33mstroke[39m=[32m"currentColor"[39m
                  [33mviewBox[39m=[32m"0 0 24 
24"[39m
                [36m>[39m
                  [36m<path[39m
                    [33md[39m=[32m"M15 
17h5l-1.405-1.405A2.032 2.032 0 0118 
14.158V11a6.002 6.002 0 00-4-5.659V5a2 2 0 10-4 
0v.341C7.67 6.165 6 8.388 6 11v3.159c0 .538-.214 
1.055-.595 1.436L4 17h5m6 0v1a3 3 0 11-6 0v-1m6 
0H9"[39m
                    
[33mstroke-linecap[39m=[32m"round"[39m
                    
[33mstroke-linejoin[39m=[32m"round"[39m
                    
[33mstroke-width[39m=[32m"2"[39m
                  [36m/>[39m
                [36m</svg>[39m
              [36m</button>[39m
            [36m</div>[39m
            [36m<div[39m
              [33mclass[39m=[32m"relative 
mx-1"[39m
            [36m>[39m
              [36m<button[39m
                [33maria-label[39m=[32m"User 
menu"[39m
                [33mclass[39m=[32m"w-8 h-8 
rounded-full bg-gradient-to-br from-blue-500 
to-indigo-600 flex items-center justify-center 
text-white font-semibold text-sm shadow-sm 
hover:shadow-md transition-all duration-200 ring-2 
ring-white hover:ring-blue-200"[39m
                
[33mid[39m=[32m"header-user-menu-btn"[39m
              [36m>[39m
                [0mT[0m
              [36m</button>[39m
            [36m</div>[39m
            [36m<div[39m
              [33mclass[39m=[32m"h-8 w-px 
bg-gray-200 dark:bg-slate-700 mx-2 shrink-0"[39m
            [36m/>[39m
            [36m<div[39m
              [33mclass[39m=[32m"flex flex-col 
items-end leading-tight select-none mr-2"[39m
            [36m>[39m
              [36m<span[39m
                [33mclass[39m=[32m"text-sm 
font-bold text-gray-800 dark:text-slate-200 
tabular-nums"[39m
              [36m>[39m
                [0m09:42 PM[0m
              [36m</span>[39m
              [36m<span[39m
                [33mclass[39m=[32m"text-xs 
text-gray-400 dark:text-slate-500"[39m
              [36m>[39m
                [0mToday - 11 Mar 2026[0m
              [36m</span>[39m
            [36m</div>[39m
            [36m<button[39m
              [33maria-label[39m=[32m"Toggle 
dark mode"[39m
              [33mclass[39m=[32m"p-2 rounded-lg 
text-gray-400 dark:text-slate-400 
hover:text-indigo-600 dark:hover:text-indigo-400 
hover:bg-indigo-50 dark:hover:bg-indigo-900/30 
transition-all duration-200"[39m
              
[33mid[39m=[32m"header-dark-mode-btn"[39m
              [33mtitle[39m=[32m"Switch to Dark 
Mode"[39m
            [36m>[39m
              [36m<svg[39m
                [33mclass[39m=[32m"w-5 h-5"[39m
                [33mfill[39m=[32m"none"[39m
                
[33mstroke[39m=[32m"currentColor"[39m
                [33mviewBox[39m=[32m"0 0 24 
24"[39m
              [36m>[39m
                [36m<path[39m
                  [33md[39m=[32m"M20.354 
15.354A9 9 0 0...

Ignored nodes: comments, script, style
[36m<html>[39m
  [36m<head />[39m
  [36m<body>[39m
    [36m<div>[39m
      [36m<div[39m
        [33mclass[39m=[32m"min-h-screen 
bg-gray-50 dark:bg-slate-950 transition-colors 
duration-300"[39m
      [36m>[39m
        [36m<header[39m
          [33mclass[39m=[32m"bg-white 
dark:bg-slate-900 border-b border-gray-200 
dark:border-slate-700 sticky top-0 z-50 h-16 flex 
items-center transition-colors duration-300"[39m
        [36m>[39m
          [36m<div[39m
            [33mclass[39m=[32m"flex items-center 
w-full h-full"[39m
          [36m>[39m
            [36m<div[39m
              [33mclass[39m=[32m"flex 
items-center gap-2.5 px-5 h-full shrink-0 w-56"[39m
            [36m>[39m
              [36m<div[39m
                [33mclass[39m=[32m"w-8 h-8 
rounded-lg bg-gradient-to-br from-blue-500 
to-indigo-600 flex items-center justify-center 
shadow-md"[39m
              [36m>[39m
                [36m<img[39m
                  [33malt[39m=[32m"TheatreX 
Logo"[39m
                  [33mclass[39m=[32m"w-5 h-5 
brightness-0 invert"[39m
                  [33msrc[39m=[32m"/src/assets/th
eatrex-logo.svg"[39m
                [36m/>[39m
              [36m</div>[39m
              [36m<span[39m
                [33mclass[39m=[32m"text-xl 
font-bold bg-gradient-to-r from-blue-600 
to-indigo-500 bg-clip-text text-transparent 
tracking-tight select-none"[39m
              [36m>[39m
                [0mTheatreX[0m
              [36m</span>[39m
            [36m</div>[39m
            [36m<div[39m
              [33mclass[39m=[32m"h-8 w-px 
bg-gray-200 dark:bg-slate-700 shrink-0"[39m
            [36m/>[39m
            [36m<div[39m
              [33mclass[39m=[32m"flex-1 
px-6"[39m
            [36m>[39m
              [36m<h1[39m
                [33mclass[39m=[32m"text-lg 
font-bold text-gray-900 dark:text-slate-100 
leading-tight"[39m
              [36m>[39m
                [0mTheatre Management Dashboard[0m
              [36m</h1>[39m
              [36m<p[39m
                [33mclass[39m=[32m"text-xs 
text-gray-400 dark:text-slate-500 leading-tight 
mt-0.5"[39m
              [36m>[39m
                [0mReal - time monitoring and 
scheduling overview[0m
              [36m</p>[39m
            [36m</div>[39m
            [36m<div[39m
              [33mclass[39m=[32m"flex 
items-center gap-1 px-4 shrink-0"[39m
            [36m>[39m
              [36m<button[39m
                
[33maria-label[39m=[32m"Search"[39m
                [33mclass[39m=[32m"p-2 
rounded-lg text-gray-400 dark:text-slate-400 
hover:text-blue-600 hover:bg-blue-50 
dark:hover:bg-blue-900/30 dark:hover:text-blue-400 
transition-all duration-200"[39m
                
[33mid[39m=[32m"header-search-btn"[39m
              [36m>[39m
                [36m<svg[39m
                  [33mclass[39m=[32m"w-5 
h-5"[39m
                  [33mfill[39m=[32m"none"[39m
                  
[33mstroke[39m=[32m"currentColor"[39m
                  [33mviewBox[39m=[32m"0 0 24 
24"[39m
                [36m>[39m
                  [36m<path[39m
                    [33md[39m=[32m"M21 
21l-6-6m2-5a7 7 0 11-14 0 7 7 0 0114 0z"[39m
                    
[33mstroke-linecap[39m=[32m"round"[39m
                    
[33mstroke-linejoin[39m=[32m"round"[39m
                    
[33mstroke-width[39m=[32m"2"[39m
                  [36m/>[39m
                [36m</svg>[39m
              [36m</button>[39m
              [36m<div[39m
                [33mclass[39m=[32m"relative"[39m
              [36m>[39m
                [36m<button[39m
                  
[33maria-expanded[39m=[32m"false"[39m
                  
[33maria-label[39m=[32m"Notifications"[39m
                  [33mclass[39m=[32m"relative 
p-2 rounded-lg text-gray-400 dark:text-slate-400 
hover:text-blue-600 hover:bg-blue-50 
dark:hover:bg-blue-900/30 dark:hover:text-blue-400 
transition-all duration-200 "[39m
                  
[33mid[39m=[32m"header-notifications-btn"[39m
                [36m>[39m
                  [36m<svg[39m
                    [33mclass[39m=[32m"w-5 
h-5"[39m
                    [33mfill[39m=[32m"none"[39m
                    
[33mstroke[39m=[32m"currentColor"[39m
                    [33mviewBox[39m=[32m"0 0 24 
24"[39m
                  [36m>[39m
                    [36m<path[39m
                      [33md[39m=[32m"M15 
17h5l-1.405-1.405A2.032 2.032 0 0118 
14.158V11a6.002 6.002 0 00-4-5.659V5a2 2 0 10-4 
0v.341C7.67 6.165 6 8.388 6 11v3.159c0 .538-.214 
1.055-.595 1.436L4 17h5m6 0v1a3 3 0 11-6 0v-1m6 
0H9"[39m
                      
[33mstroke-linecap[39m=[32m"round"[39m
                      
[33mstroke-linejoin[39m=[32m"round"[39m
                      
[33mstroke-width[39m=[32m"2"[39m
                    [36m/>[39m
                  [36m</svg>[39m
                [36m</button>[39m
              [36m</div>[39m
              [36m<div[39m
                [33mclass[39m=[32m"relative 
mx-1"[39m
              [36m>[39m
                [36m<button[39m
                  [33maria-label[39m=[32m"User 
menu"[39m
                  [33mclass[39m=[32m"w-8 h-8 
rounded-full bg-gradient-to-br from-blue-500 
to-indigo-600 flex items-center justify-center 
text-white font-semibold text-sm shadow-sm 
hover:shadow-md transition-all duration-200 ring-2 
ring-white hover:ring-blue-200"[39m
                  
[33mid[39m=[32m"header-user-menu-btn"[39m
                [36m>[39m
                  [0mT[0m
                [36m</button>[39m
              [36m</div>[39m
              [36m<div[39m
                [33mclass[39m=[32m"h-8 w-px 
bg-gray-200 dark:bg-slate-700 mx-2 shrink-0"[39m
              [36m/>[39m
              [36m<div[39m
                [33mclass[39m=[32m"flex flex-col 
items-end leading-tight select-none mr-2"[39m
              [36m>[39m
                [36m<span[39m
                  [33mclass[39m=[32m"text-sm 
font-bold text-gray-800 dark:text-slate-200 
tabular-nums"[39m
                [36m>[39m
                  [0m09:42 PM[0m
                [36m</span>[39m
                [36m<span[39m
                  [33mclass[39m=[32m"text-xs 
text-gray-400 dark:text-slate-500"[39m
                [36m>[39m
                  [0mToday - 11 Mar 2026[0m
                [36m</span>[39m
              [36m</div>[39m
              [36m<button[39m
                [33maria-label[39m=[32m"Toggle 
dark mode"[39m
                [33mclass[39m=[32m"p-2 
rounded-lg text-gray-400 dark:text-slate-400 
hover:text-indigo-600 dark:hover:text-indigo-400 
hover:bg-indigo-50 dark:hover:bg-indigo-900/30 
transition-all duration-200"[39m
                
[33mid[39m=[32m"header-dark-mode-btn"[39m
                [33mtitle[39m=[32m"Switch to 
Dark Mode"[39m
              [36m>[39m
                [36m<svg[39m
                  [33mclass[39m=[32...
[90m [2mΓ¥»[22m Proxy.waitForWrapper node_modules
/@testing-library/dom/dist/wait-for.js:[2m163:27[2
2m[39m
[36m [2mΓ¥»[22m 
src/tests/Dashboard.test.jsx:[2m252:19[22m[39m
    [90m250| [39m
    [90m251| [39m            
[34mrenderDashboard[39m()[33m;[39m
    [90m252| [39m            [35mawait[39m 
[34mwaitFor[39m(() [33m=>[39m {
    [90m   | [39m                  [31m^[39m
    [90m253| [39m                [90m// Both 
staff total and avgDuration will show '--', 
so[39mΓÇª
    [90m254| [39m                [35mconst[39m 
dashes [33m=[39m screen[33m.[39m[34mgetAllByTex
t[39m([32m'--'[39m)[33m;[39m

[31m[2mΓÄ»ΓÄ»ΓÄ»ΓÄ»ΓÄ»ΓÄ»ΓÄ»ΓÄ»ΓÄ»ΓÄ»ΓÄ»ΓÄ»ΓÄ»ΓÄ»Γ
Ä»ΓÄ»ΓÄ»ΓÄ»ΓÄ»ΓÄ»ΓÄ»ΓÄ»ΓÄ»ΓÄ»[2/7]ΓÄ»[22m[39m

[31m[1m[7m FAIL [27m[22m[39m 
src/tests/Dashboard.test.jsx[2m > [22mDashboard 
Page Tests[2m > [22mMissing Data State[2m > 
[22mshould show no comparison data when 
yesterdayComparison is null
[31m[1mTestingLibraryElementError[22m[39m: 
Unable to find an element with the text: No 
comparison data. This could be because the text is 
broken up by multiple elements. In this case, you 
can provide a function for your text matcher to 
make your matcher more flexible.

Ignored nodes: comments, script, style
[36m<body>[39m
  [36m<div>[39m
    [36m<div[39m
      [33mclass[39m=[32m"min-h-screen bg-gray-50 
dark:bg-slate-950 transition-colors 
duration-300"[39m
    [36m>[39m
      [36m<header[39m
        [33mclass[39m=[32m"bg-white 
dark:bg-slate-900 border-b border-gray-200 
dark:border-slate-700 sticky top-0 z-50 h-16 flex 
items-center transition-colors duration-300"[39m
      [36m>[39m
        [36m<div[39m
          [33mclass[39m=[32m"flex items-center 
w-full h-full"[39m
        [36m>[39m
          [36m<div[39m
            [33mclass[39m=[32m"flex items-center 
gap-2.5 px-5 h-full shrink-0 w-56"[39m
          [36m>[39m
            [36m<div[39m
              [33mclass[39m=[32m"w-8 h-8 
rounded-lg bg-gradient-to-br from-blue-500 
to-indigo-600 flex items-center justify-center 
shadow-md"[39m
            [36m>[39m
              [36m<img[39m
                [33malt[39m=[32m"TheatreX 
Logo"[39m
                [33mclass[39m=[32m"w-5 h-5 
brightness-0 invert"[39m
                [33msrc[39m=[32m"/src/assets/thea
trex-logo.svg"[39m
              [36m/>[39m
            [36m</div>[39m
            [36m<span[39m
              [33mclass[39m=[32m"text-xl 
font-bold bg-gradient-to-r from-blue-600 
to-indigo-500 bg-clip-text text-transparent 
tracking-tight select-none"[39m
            [36m>[39m
              [0mTheatreX[0m
            [36m</span>[39m
          [36m</div>[39m
          [36m<div[39m
            [33mclass[39m=[32m"h-8 w-px 
bg-gray-200 dark:bg-slate-700 shrink-0"[39m
          [36m/>[39m
          [36m<div[39m
            [33mclass[39m=[32m"flex-1 px-6"[39m
          [36m>[39m
            [36m<h1[39m
              [33mclass[39m=[32m"text-lg 
font-bold text-gray-900 dark:text-slate-100 
leading-tight"[39m
            [36m>[39m
              [0mTheatre Management Dashboard[0m
            [36m</h1>[39m
            [36m<p[39m
              [33mclass[39m=[32m"text-xs 
text-gray-400 dark:text-slate-500 leading-tight 
mt-0.5"[39m
            [36m>[39m
              [0mReal - time monitoring and 
scheduling overview[0m
            [36m</p>[39m
          [36m</div>[39m
          [36m<div[39m
            [33mclass[39m=[32m"flex items-center 
gap-1 px-4 shrink-0"[39m
          [36m>[39m
            [36m<button[39m
              
[33maria-label[39m=[32m"Search"[39m
              [33mclass[39m=[32m"p-2 rounded-lg 
text-gray-400 dark:text-slate-400 
hover:text-blue-600 hover:bg-blue-50 
dark:hover:bg-blue-900/30 dark:hover:text-blue-400 
transition-all duration-200"[39m
              
[33mid[39m=[32m"header-search-btn"[39m
            [36m>[39m
              [36m<svg[39m
                [33mclass[39m=[32m"w-5 h-5"[39m
                [33mfill[39m=[32m"none"[39m
                
[33mstroke[39m=[32m"currentColor"[39m
                [33mviewBox[39m=[32m"0 0 24 
24"[39m
              [36m>[39m
                [36m<path[39m
                  [33md[39m=[32m"M21 
21l-6-6m2-5a7 7 0 11-14 0 7 7 0 0114 0z"[39m
                  
[33mstroke-linecap[39m=[32m"round"[39m
                  
[33mstroke-linejoin[39m=[32m"round"[39m
                  
[33mstroke-width[39m=[32m"2"[39m
                [36m/>[39m
              [36m</svg>[39m
            [36m</button>[39m
            [36m<div[39m
              [33mclass[39m=[32m"relative"[39m
            [36m>[39m
              [36m<button[39m
                
[33maria-expanded[39m=[32m"false"[39m
                
[33maria-label[39m=[32m"Notifications"[39m
                [33mclass[39m=[32m"relative p-2 
rounded-lg text-gray-400 dark:text-slate-400 
hover:text-blue-600 hover:bg-blue-50 
dark:hover:bg-blue-900/30 dark:hover:text-blue-400 
transition-all duration-200 "[39m
                
[33mid[39m=[32m"header-notifications-btn"[39m
              [36m>[39m
                [36m<svg[39m
                  [33mclass[39m=[32m"w-5 
h-5"[39m
                  [33mfill[39m=[32m"none"[39m
                  
[33mstroke[39m=[32m"currentColor"[39m
                  [33mviewBox[39m=[32m"0 0 24 
24"[39m
                [36m>[39m
                  [36m<path[39m
                    [33md[39m=[32m"M15 
17h5l-1.405-1.405A2.032 2.032 0 0118 
14.158V11a6.002 6.002 0 00-4-5.659V5a2 2 0 10-4 
0v.341C7.67 6.165 6 8.388 6 11v3.159c0 .538-.214 
1.055-.595 1.436L4 17h5m6 0v1a3 3 0 11-6 0v-1m6 
0H9"[39m
                    
[33mstroke-linecap[39m=[32m"round"[39m
                    
[33mstroke-linejoin[39m=[32m"round"[39m
                    
[33mstroke-width[39m=[32m"2"[39m
                  [36m/>[39m
                [36m</svg>[39m
              [36m</button>[39m
            [36m</div>[39m
            [36m<div[39m
              [33mclass[39m=[32m"relative 
mx-1"[39m
            [36m>[39m
              [36m<button[39m
                [33maria-label[39m=[32m"User 
menu"[39m
                [33mclass[39m=[32m"w-8 h-8 
rounded-full bg-gradient-to-br from-blue-500 
to-indigo-600 flex items-center justify-center 
text-white font-semibold text-sm shadow-sm 
hover:shadow-md transition-all duration-200 ring-2 
ring-white hover:ring-blue-200"[39m
                
[33mid[39m=[32m"header-user-menu-btn"[39m
              [36m>[39m
                [0mT[0m
              [36m</button>[39m
            [36m</div>[39m
            [36m<div[39m
              [33mclass[39m=[32m"h-8 w-px 
bg-gray-200 dark:bg-slate-700 mx-2 shrink-0"[39m
            [36m/>[39m
            [36m<div[39m
              [33mclass[39m=[32m"flex flex-col 
items-end leading-tight select-none mr-2"[39m
            [36m>[39m
              [36m<span[39m
                [33mclass[39m=[32m"text-sm 
font-bold text-gray-800 dark:text-slate-200 
tabular-nums"[39m
              [36m>[39m
                [0m09:42 PM[0m
              [36m</span>[39m
              [36m<span[39m
                [33mclass[39m=[32m"text-xs 
text-gray-400 dark:text-slate-500"[39m
              [36m>[39m
                [0mToday - 11 Mar 2026[0m
              [36m</span>[39m
            [36m</div>[39m
            [36m<button[39m
              [33maria-label[39m=[32m"Toggle 
dark mode"[39m
              [33mclass[39m=[32m"p-2 rounded-lg 
text-gray-400 dark:text-slate-400 
hover:text-indigo-600 dark:hover:text-indigo-400 
hover:bg-indigo-50 dark:hover:bg-indigo-900/30 
transition-all duration-200"[39m
              
[33mid[39m=[32m"header-dark-mode-btn"[39m
              [33mtitle[39m=[32m"Switch to Dark 
Mode"[39m
            [36m>[39m
              [36m<svg[39m
                [33mclass[39m=[32m"w-5 h-5"[39m
                [33mfill[39m=[32m"none"[39m
                
[33mstroke[39m=[32m"currentColor"[39m
                [33mviewBox[39m=[32m"0 0 24 
24"[39m
              [36m>[39m
                [36m<path[39m
                  [33md[39m=[32m"M20.354 
15.354A9 9 0 0...

Ignored nodes: comments, script, style
[36m<html>[39m
  [36m<head />[39m
  [36m<body>[39m
    [36m<div>[39m
      [36m<div[39m
        [33mclass[39m=[32m"min-h-screen 
bg-gray-50 dark:bg-slate-950 transition-colors 
duration-300"[39m
      [36m>[39m
        [36m<header[39m
          [33mclass[39m=[32m"bg-white 
dark:bg-slate-900 border-b border-gray-200 
dark:border-slate-700 sticky top-0 z-50 h-16 flex 
items-center transition-colors duration-300"[39m
        [36m>[39m
          [36m<div[39m
            [33mclass[39m=[32m"flex items-center 
w-full h-full"[39m
          [36m>[39m
            [36m<div[39m
              [33mclass[39m=[32m"flex 
items-center gap-2.5 px-5 h-full shrink-0 w-56"[39m
            [36m>[39m
              [36m<div[39m
                [33mclass[39m=[32m"w-8 h-8 
rounded-lg bg-gradient-to-br from-blue-500 
to-indigo-600 flex items-center justify-center 
shadow-md"[39m
              [36m>[39m
                [36m<img[39m
                  [33malt[39m=[32m"TheatreX 
Logo"[39m
                  [33mclass[39m=[32m"w-5 h-5 
brightness-0 invert"[39m
                  [33msrc[39m=[32m"/src/assets/th
eatrex-logo.svg"[39m
                [36m/>[39m
              [36m</div>[39m
              [36m<span[39m
                [33mclass[39m=[32m"text-xl 
font-bold bg-gradient-to-r from-blue-600 
to-indigo-500 bg-clip-text text-transparent 
tracking-tight select-none"[39m
              [36m>[39m
                [0mTheatreX[0m
              [36m</span>[39m
            [36m</div>[39m
            [36m<div[39m
              [33mclass[39m=[32m"h-8 w-px 
bg-gray-200 dark:bg-slate-700 shrink-0"[39m
            [36m/>[39m
            [36m<div[39m
              [33mclass[39m=[32m"flex-1 
px-6"[39m
            [36m>[39m
              [36m<h1[39m
                [33mclass[39m=[32m"text-lg 
font-bold text-gray-900 dark:text-slate-100 
leading-tight"[39m
              [36m>[39m
                [0mTheatre Management Dashboard[0m
              [36m</h1>[39m
              [36m<p[39m
                [33mclass[39m=[32m"text-xs 
text-gray-400 dark:text-slate-500 leading-tight 
mt-0.5"[39m
              [36m>[39m
                [0mReal - time monitoring and 
scheduling overview[0m
              [36m</p>[39m
            [36m</div>[39m
            [36m<div[39m
              [33mclass[39m=[32m"flex 
items-center gap-1 px-4 shrink-0"[39m
            [36m>[39m
              [36m<button[39m
                
[33maria-label[39m=[32m"Search"[39m
                [33mclass[39m=[32m"p-2 
rounded-lg text-gray-400 dark:text-slate-400 
hover:text-blue-600 hover:bg-blue-50 
dark:hover:bg-blue-900/30 dark:hover:text-blue-400 
transition-all duration-200"[39m
                
[33mid[39m=[32m"header-search-btn"[39m
              [36m>[39m
                [36m<svg[39m
                  [33mclass[39m=[32m"w-5 
h-5"[39m
                  [33mfill[39m=[32m"none"[39m
                  
[33mstroke[39m=[32m"currentColor"[39m
                  [33mviewBox[39m=[32m"0 0 24 
24"[39m
                [36m>[39m
                  [36m<path[39m
                    [33md[39m=[32m"M21 
21l-6-6m2-5a7 7 0 11-14 0 7 7 0 0114 0z"[39m
                    
[33mstroke-linecap[39m=[32m"round"[39m
                    
[33mstroke-linejoin[39m=[32m"round"[39m
                    
[33mstroke-width[39m=[32m"2"[39m
                  [36m/>[39m
                [36m</svg>[39m
              [36m</button>[39m
              [36m<div[39m
                [33mclass[39m=[32m"relative"[39m
              [36m>[39m
                [36m<button[39m
                  
[33maria-expanded[39m=[32m"false"[39m
                  
[33maria-label[39m=[32m"Notifications"[39m
                  [33mclass[39m=[32m"relative 
p-2 rounded-lg text-gray-400 dark:text-slate-400 
hover:text-blue-600 hover:bg-blue-50 
dark:hover:bg-blue-900/30 dark:hover:text-blue-400 
transition-all duration-200 "[39m
                  
[33mid[39m=[32m"header-notifications-btn"[39m
                [36m>[39m
                  [36m<svg[39m
                    [33mclass[39m=[32m"w-5 
h-5"[39m
                    [33mfill[39m=[32m"none"[39m
                    
[33mstroke[39m=[32m"currentColor"[39m
                    [33mviewBox[39m=[32m"0 0 24 
24"[39m
                  [36m>[39m
                    [36m<path[39m
                      [33md[39m=[32m"M15 
17h5l-1.405-1.405A2.032 2.032 0 0118 
14.158V11a6.002 6.002 0 00-4-5.659V5a2 2 0 10-4 
0v.341C7.67 6.165 6 8.388 6 11v3.159c0 .538-.214 
1.055-.595 1.436L4 17h5m6 0v1a3 3 0 11-6 0v-1m6 
0H9"[39m
                      
[33mstroke-linecap[39m=[32m"round"[39m
                      
[33mstroke-linejoin[39m=[32m"round"[39m
                      
[33mstroke-width[39m=[32m"2"[39m
                    [36m/>[39m
                  [36m</svg>[39m
                [36m</button>[39m
              [36m</div>[39m
              [36m<div[39m
                [33mclass[39m=[32m"relative 
mx-1"[39m
              [36m>[39m
                [36m<button[39m
                  [33maria-label[39m=[32m"User 
menu"[39m
                  [33mclass[39m=[32m"w-8 h-8 
rounded-full bg-gradient-to-br from-blue-500 
to-indigo-600 flex items-center justify-center 
text-white font-semibold text-sm shadow-sm 
hover:shadow-md transition-all duration-200 ring-2 
ring-white hover:ring-blue-200"[39m
                  
[33mid[39m=[32m"header-user-menu-btn"[39m
                [36m>[39m
                  [0mT[0m
                [36m</button>[39m
              [36m</div>[39m
              [36m<div[39m
                [33mclass[39m=[32m"h-8 w-px 
bg-gray-200 dark:bg-slate-700 mx-2 shrink-0"[39m
              [36m/>[39m
              [36m<div[39m
                [33mclass[39m=[32m"flex flex-col 
items-end leading-tight select-none mr-2"[39m
              [36m>[39m
                [36m<span[39m
                  [33mclass[39m=[32m"text-sm 
font-bold text-gray-800 dark:text-slate-200 
tabular-nums"[39m
                [36m>[39m
                  [0m09:42 PM[0m
                [36m</span>[39m
                [36m<span[39m
                  [33mclass[39m=[32m"text-xs 
text-gray-400 dark:text-slate-500"[39m
                [36m>[39m
                  [0mToday - 11 Mar 2026[0m
                [36m</span>[39m
              [36m</div>[39m
              [36m<button[39m
                [33maria-label[39m=[32m"Toggle 
dark mode"[39m
                [33mclass[39m=[32m"p-2 
rounded-lg text-gray-400 dark:text-slate-400 
hover:text-indigo-600 dark:hover:text-indigo-400 
hover:bg-indigo-50 dark:hover:bg-indigo-900/30 
transition-all duration-200"[39m
                
[33mid[39m=[32m"header-dark-mode-btn"[39m
                [33mtitle[39m=[32m"Switch to 
Dark Mode"[39m
              [36m>[39m
                [36m<svg[39m
                  [33mclass[39m=[32...
[90m [2mΓ¥»[22m Proxy.waitForWrapper node_modules
/@testing-library/dom/dist/wait-for.js:[2m163:27[2
2m[39m
[36m [2mΓ¥»[22m 
src/tests/Dashboard.test.jsx:[2m273:19[22m[39m
    [90m271| [39m
    [90m272| [39m            
[34mrenderDashboard[39m()[33m;[39m
    [90m273| [39m            [35mawait[39m 
[34mwaitFor[39m(() [33m=>[39m {
    [90m   | [39m                  [31m^[39m
    [90m274| [39m                [34mexpect[39m(
screen[33m.[39m[34mgetByText[39m([32m'No 
comparison 
data'[39m))[33m.[39m[34mtoBeInT[39mΓÇª
    [90m275| [39m            })[33m;[39m

[31m[2mΓÄ»ΓÄ»ΓÄ»ΓÄ»ΓÄ»ΓÄ»ΓÄ»ΓÄ»ΓÄ»ΓÄ»ΓÄ»ΓÄ»ΓÄ»ΓÄ»Γ
Ä»ΓÄ»ΓÄ»ΓÄ»ΓÄ»ΓÄ»ΓÄ»ΓÄ»ΓÄ»ΓÄ»[3/7]ΓÄ»[22m[39m

[31m[1m[7m FAIL [27m[22m[39m 
src/tests/Dashboard.test.jsx[2m > [22mDashboard 
Page Tests[2m > [22mError State[2m > [22mshould 
show error message when stats API fails
[31m[1mTestingLibraryElementError[22m[39m: 
Unable to find an element with the text: Error 
Loading Dashboard. This could be because the text 
is broken up by multiple elements. In this case, 
you can provide a function for your text matcher to 
make your matcher more flexible.

Ignored nodes: comments, script, style
[36m<body>[39m
  [36m<div>[39m
    [36m<div[39m
      [33mclass[39m=[32m"min-h-screen bg-gray-50 
dark:bg-slate-950 transition-colors 
duration-300"[39m
    [36m>[39m
      [36m<header[39m
        [33mclass[39m=[32m"bg-white 
dark:bg-slate-900 border-b border-gray-200 
dark:border-slate-700 sticky top-0 z-50 h-16 flex 
items-center transition-colors duration-300"[39m
      [36m>[39m
        [36m<div[39m
          [33mclass[39m=[32m"flex items-center 
w-full h-full"[39m
        [36m>[39m
          [36m<div[39m
            [33mclass[39m=[32m"flex items-center 
gap-2.5 px-5 h-full shrink-0 w-56"[39m
          [36m>[39m
            [36m<div[39m
              [33mclass[39m=[32m"w-8 h-8 
rounded-lg bg-gradient-to-br from-blue-500 
to-indigo-600 flex items-center justify-center 
shadow-md"[39m
            [36m>[39m
              [36m<img[39m
                [33malt[39m=[32m"TheatreX 
Logo"[39m
                [33mclass[39m=[32m"w-5 h-5 
brightness-0 invert"[39m
                [33msrc[39m=[32m"/src/assets/thea
trex-logo.svg"[39m
              [36m/>[39m
            [36m</div>[39m
            [36m<span[39m
              [33mclass[39m=[32m"text-xl 
font-bold bg-gradient-to-r from-blue-600 
to-indigo-500 bg-clip-text text-transparent 
tracking-tight select-none"[39m
            [36m>[39m
              [0mTheatreX[0m
            [36m</span>[39m
          [36m</div>[39m
          [36m<div[39m
            [33mclass[39m=[32m"h-8 w-px 
bg-gray-200 dark:bg-slate-700 shrink-0"[39m
          [36m/>[39m
          [36m<div[39m
            [33mclass[39m=[32m"flex-1 px-6"[39m
          [36m>[39m
            [36m<h1[39m
              [33mclass[39m=[32m"text-lg 
font-bold text-gray-900 dark:text-slate-100 
leading-tight"[39m
            [36m>[39m
              [0mTheatre Management Dashboard[0m
            [36m</h1>[39m
            [36m<p[39m
              [33mclass[39m=[32m"text-xs 
text-gray-400 dark:text-slate-500 leading-tight 
mt-0.5"[39m
            [36m>[39m
              [0mReal - time monitoring and 
scheduling overview[0m
            [36m</p>[39m
          [36m</div>[39m
          [36m<div[39m
            [33mclass[39m=[32m"flex items-center 
gap-1 px-4 shrink-0"[39m
          [36m>[39m
            [36m<button[39m
              
[33maria-label[39m=[32m"Search"[39m
              [33mclass[39m=[32m"p-2 rounded-lg 
text-gray-400 dark:text-slate-400 
hover:text-blue-600 hover:bg-blue-50 
dark:hover:bg-blue-900/30 dark:hover:text-blue-400 
transition-all duration-200"[39m
              
[33mid[39m=[32m"header-search-btn"[39m
            [36m>[39m
              [36m<svg[39m
                [33mclass[39m=[32m"w-5 h-5"[39m
                [33mfill[39m=[32m"none"[39m
                
[33mstroke[39m=[32m"currentColor"[39m
                [33mviewBox[39m=[32m"0 0 24 
24"[39m
              [36m>[39m
                [36m<path[39m
                  [33md[39m=[32m"M21 
21l-6-6m2-5a7 7 0 11-14 0 7 7 0 0114 0z"[39m
                  
[33mstroke-linecap[39m=[32m"round"[39m
                  
[33mstroke-linejoin[39m=[32m"round"[39m
                  
[33mstroke-width[39m=[32m"2"[39m
                [36m/>[39m
              [36m</svg>[39m
            [36m</button>[39m
            [36m<div[39m
              [33mclass[39m=[32m"relative"[39m
            [36m>[39m
              [36m<button[39m
                
[33maria-expanded[39m=[32m"false"[39m
                
[33maria-label[39m=[32m"Notifications"[39m
                [33mclass[39m=[32m"relative p-2 
rounded-lg text-gray-400 dark:text-slate-400 
hover:text-blue-600 hover:bg-blue-50 
dark:hover:bg-blue-900/30 dark:hover:text-blue-400 
transition-all duration-200 "[39m
                
[33mid[39m=[32m"header-notifications-btn"[39m
              [36m>[39m
                [36m<svg[39m
                  [33mclass[39m=[32m"w-5 
h-5"[39m
                  [33mfill[39m=[32m"none"[39m
                  
[33mstroke[39m=[32m"currentColor"[39m
                  [33mviewBox[39m=[32m"0 0 24 
24"[39m
                [36m>[39m
                  [36m<path[39m
                    [33md[39m=[32m"M15 
17h5l-1.405-1.405A2.032 2.032 0 0118 
14.158V11a6.002 6.002 0 00-4-5.659V5a2 2 0 10-4 
0v.341C7.67 6.165 6 8.388 6 11v3.159c0 .538-.214 
1.055-.595 1.436L4 17h5m6 0v1a3 3 0 11-6 0v-1m6 
0H9"[39m
                    
[33mstroke-linecap[39m=[32m"round"[39m
                    
[33mstroke-linejoin[39m=[32m"round"[39m
                    
[33mstroke-width[39m=[32m"2"[39m
                  [36m/>[39m
                [36m</svg>[39m
              [36m</button>[39m
            [36m</div>[39m
            [36m<div[39m
              [33mclass[39m=[32m"relative 
mx-1"[39m
            [36m>[39m
              [36m<button[39m
                [33maria-label[39m=[32m"User 
menu"[39m
                [33mclass[39m=[32m"w-8 h-8 
rounded-full bg-gradient-to-br from-blue-500 
to-indigo-600 flex items-center justify-center 
text-white font-semibold text-sm shadow-sm 
hover:shadow-md transition-all duration-200 ring-2 
ring-white hover:ring-blue-200"[39m
                
[33mid[39m=[32m"header-user-menu-btn"[39m
              [36m>[39m
                [0mT[0m
              [36m</button>[39m
            [36m</div>[39m
            [36m<div[39m
              [33mclass[39m=[32m"h-8 w-px 
bg-gray-200 dark:bg-slate-700 mx-2 shrink-0"[39m
            [36m/>[39m
            [36m<div[39m
              [33mclass[39m=[32m"flex flex-col 
items-end leading-tight select-none mr-2"[39m
            [36m>[39m
              [36m<span[39m
                [33mclass[39m=[32m"text-sm 
font-bold text-gray-800 dark:text-slate-200 
tabular-nums"[39m
              [36m>[39m
                [0m09:42 PM[0m
              [36m</span>[39m
              [36m<span[39m
                [33mclass[39m=[32m"text-xs 
text-gray-400 dark:text-slate-500"[39m
              [36m>[39m
                [0mToday - 11 Mar 2026[0m
              [36m</span>[39m
            [36m</div>[39m
            [36m<button[39m
              [33maria-label[39m=[32m"Toggle 
dark mode"[39m
              [33mclass[39m=[32m"p-2 rounded-lg 
text-gray-400 dark:text-slate-400 
hover:text-indigo-600 dark:hover:text-indigo-400 
hover:bg-indigo-50 dark:hover:bg-indigo-900/30 
transition-all duration-200"[39m
              
[33mid[39m=[32m"header-dark-mode-btn"[39m
              [33mtitle[39m=[32m"Switch to Dark 
Mode"[39m
            [36m>[39m
              [36m<svg[39m
                [33mclass[39m=[32m"w-5 h-5"[39m
                [33mfill[39m=[32m"none"[39m
                
[33mstroke[39m=[32m"currentColor"[39m
                [33mviewBox[39m=[32m"0 0 24 
24"[39m
              [36m>[39m
                [36m<path[39m
                  [33md[39m=[32m"M20.354 
15.354A9 9 0 0...

Ignored nodes: comments, script, style
[36m<html>[39m
  [36m<head />[39m
  [36m<body>[39m
    [36m<div>[39m
      [36m<div[39m
        [33mclass[39m=[32m"min-h-screen 
bg-gray-50 dark:bg-slate-950 transition-colors 
duration-300"[39m
      [36m>[39m
        [36m<header[39m
          [33mclass[39m=[32m"bg-white 
dark:bg-slate-900 border-b border-gray-200 
dark:border-slate-700 sticky top-0 z-50 h-16 flex 
items-center transition-colors duration-300"[39m
        [36m>[39m
          [36m<div[39m
            [33mclass[39m=[32m"flex items-center 
w-full h-full"[39m
          [36m>[39m
            [36m<div[39m
              [33mclass[39m=[32m"flex 
items-center gap-2.5 px-5 h-full shrink-0 w-56"[39m
            [36m>[39m
              [36m<div[39m
                [33mclass[39m=[32m"w-8 h-8 
rounded-lg bg-gradient-to-br from-blue-500 
to-indigo-600 flex items-center justify-center 
shadow-md"[39m
              [36m>[39m
                [36m<img[39m
                  [33malt[39m=[32m"TheatreX 
Logo"[39m
                  [33mclass[39m=[32m"w-5 h-5 
brightness-0 invert"[39m
                  [33msrc[39m=[32m"/src/assets/th
eatrex-logo.svg"[39m
                [36m/>[39m
              [36m</div>[39m
              [36m<span[39m
                [33mclass[39m=[32m"text-xl 
font-bold bg-gradient-to-r from-blue-600 
to-indigo-500 bg-clip-text text-transparent 
tracking-tight select-none"[39m
              [36m>[39m
                [0mTheatreX[0m
              [36m</span>[39m
            [36m</div>[39m
            [36m<div[39m
              [33mclass[39m=[32m"h-8 w-px 
bg-gray-200 dark:bg-slate-700 shrink-0"[39m
            [36m/>[39m
            [36m<div[39m
              [33mclass[39m=[32m"flex-1 
px-6"[39m
            [36m>[39m
              [36m<h1[39m
                [33mclass[39m=[32m"text-lg 
font-bold text-gray-900 dark:text-slate-100 
leading-tight"[39m
              [36m>[39m
                [0mTheatre Management Dashboard[0m
              [36m</h1>[39m
              [36m<p[39m
                [33mclass[39m=[32m"text-xs 
text-gray-400 dark:text-slate-500 leading-tight 
mt-0.5"[39m
              [36m>[39m
                [0mReal - time monitoring and 
scheduling overview[0m
              [36m</p>[39m
            [36m</div>[39m
            [36m<div[39m
              [33mclass[39m=[32m"flex 
items-center gap-1 px-4 shrink-0"[39m
            [36m>[39m
              [36m<button[39m
                
[33maria-label[39m=[32m"Search"[39m
                [33mclass[39m=[32m"p-2 
rounded-lg text-gray-400 dark:text-slate-400 
hover:text-blue-600 hover:bg-blue-50 
dark:hover:bg-blue-900/30 dark:hover:text-blue-400 
transition-all duration-200"[39m
                
[33mid[39m=[32m"header-search-btn"[39m
              [36m>[39m
                [36m<svg[39m
                  [33mclass[39m=[32m"w-5 
h-5"[39m
                  [33mfill[39m=[32m"none"[39m
                  
[33mstroke[39m=[32m"currentColor"[39m
                  [33mviewBox[39m=[32m"0 0 24 
24"[39m
                [36m>[39m
                  [36m<path[39m
                    [33md[39m=[32m"M21 
21l-6-6m2-5a7 7 0 11-14 0 7 7 0 0114 0z"[39m
                    
[33mstroke-linecap[39m=[32m"round"[39m
                    
[33mstroke-linejoin[39m=[32m"round"[39m
                    
[33mstroke-width[39m=[32m"2"[39m
                  [36m/>[39m
                [36m</svg>[39m
              [36m</button>[39m
              [36m<div[39m
                [33mclass[39m=[32m"relative"[39m
              [36m>[39m
                [36m<button[39m
                  
[33maria-expanded[39m=[32m"false"[39m
                  
[33maria-label[39m=[32m"Notifications"[39m
                  [33mclass[39m=[32m"relative 
p-2 rounded-lg text-gray-400 dark:text-slate-400 
hover:text-blue-600 hover:bg-blue-50 
dark:hover:bg-blue-900/30 dark:hover:text-blue-400 
transition-all duration-200 "[39m
                  
[33mid[39m=[32m"header-notifications-btn"[39m
                [36m>[39m
                  [36m<svg[39m
                    [33mclass[39m=[32m"w-5 
h-5"[39m
                    [33mfill[39m=[32m"none"[39m
                    
[33mstroke[39m=[32m"currentColor"[39m
                    [33mviewBox[39m=[32m"0 0 24 
24"[39m
                  [36m>[39m
                    [36m<path[39m
                      [33md[39m=[32m"M15 
17h5l-1.405-1.405A2.032 2.032 0 0118 
14.158V11a6.002 6.002 0 00-4-5.659V5a2 2 0 10-4 
0v.341C7.67 6.165 6 8.388 6 11v3.159c0 .538-.214 
1.055-.595 1.436L4 17h5m6 0v1a3 3 0 11-6 0v-1m6 
0H9"[39m
                      
[33mstroke-linecap[39m=[32m"round"[39m
                      
[33mstroke-linejoin[39m=[32m"round"[39m
                      
[33mstroke-width[39m=[32m"2"[39m
                    [36m/>[39m
                  [36m</svg>[39m
                [36m</button>[39m
              [36m</div>[39m
              [36m<div[39m
                [33mclass[39m=[32m"relative 
mx-1"[39m
              [36m>[39m
                [36m<button[39m
                  [33maria-label[39m=[32m"User 
menu"[39m
                  [33mclass[39m=[32m"w-8 h-8 
rounded-full bg-gradient-to-br from-blue-500 
to-indigo-600 flex items-center justify-center 
text-white font-semibold text-sm shadow-sm 
hover:shadow-md transition-all duration-200 ring-2 
ring-white hover:ring-blue-200"[39m
                  
[33mid[39m=[32m"header-user-menu-btn"[39m
                [36m>[39m
                  [0mT[0m
                [36m</button>[39m
              [36m</div>[39m
              [36m<div[39m
                [33mclass[39m=[32m"h-8 w-px 
bg-gray-200 dark:bg-slate-700 mx-2 shrink-0"[39m
              [36m/>[39m
              [36m<div[39m
                [33mclass[39m=[32m"flex flex-col 
items-end leading-tight select-none mr-2"[39m
              [36m>[39m
                [36m<span[39m
                  [33mclass[39m=[32m"text-sm 
font-bold text-gray-800 dark:text-slate-200 
tabular-nums"[39m
                [36m>[39m
                  [0m09:42 PM[0m
                [36m</span>[39m
                [36m<span[39m
                  [33mclass[39m=[32m"text-xs 
text-gray-400 dark:text-slate-500"[39m
                [36m>[39m
                  [0mToday - 11 Mar 2026[0m
                [36m</span>[39m
              [36m</div>[39m
              [36m<button[39m
                [33maria-label[39m=[32m"Toggle 
dark mode"[39m
                [33mclass[39m=[32m"p-2 
rounded-lg text-gray-400 dark:text-slate-400 
hover:text-indigo-600 dark:hover:text-indigo-400 
hover:bg-indigo-50 dark:hover:bg-indigo-900/30 
transition-all duration-200"[39m
                
[33mid[39m=[32m"header-dark-mode-btn"[39m
                [33mtitle[39m=[32m"Switch to 
Dark Mode"[39m
              [36m>[39m
                [36m<svg[39m
                  [33mclass[39m=[32...
[90m [2mΓ¥»[22m Proxy.waitForWrapper node_modules
/@testing-library/dom/dist/wait-for.js:[2m163:27[2
2m[39m
[36m [2mΓ¥»[22m 
src/tests/Dashboard.test.jsx:[2m289:19[22m[39m
    [90m287| [39m
    [90m288| [39m            
[34mrenderDashboard[39m()[33m;[39m
    [90m289| [39m            [35mawait[39m 
[34mwaitFor[39m(() [33m=>[39m {
    [90m   | [39m                  [31m^[39m
    [90m290| [39m                [34mexpect[39m(
screen[33m.[39m[34mgetByText[39m([32m'Error 
Loading Dashboard'[39m))[33m.[39m[34mto[39mΓÇª
    [90m291| [39m            })[33m;[39m

[31m[2mΓÄ»ΓÄ»ΓÄ»ΓÄ»ΓÄ»ΓÄ»ΓÄ»ΓÄ»ΓÄ»ΓÄ»ΓÄ»ΓÄ»ΓÄ»ΓÄ»Γ
Ä»ΓÄ»ΓÄ»ΓÄ»ΓÄ»ΓÄ»ΓÄ»ΓÄ»ΓÄ»ΓÄ»[4/7]ΓÄ»[22m[39m

[31m[1m[7m FAIL [27m[22m[39m 
src/tests/Dashboard.test.jsx[2m > [22mDashboard 
Page Tests[2m > [22mError State[2m > [22mshould 
show Retry button on error
[31m[1mTestingLibraryElementError[22m[39m: 
Unable to find an element with the text: Retry. 
This could be because the text is broken up by 
multiple elements. In this case, you can provide a 
function for your text matcher to make your matcher 
more flexible.

Ignored nodes: comments, script, style
[36m<body>[39m
  [36m<div>[39m
    [36m<div[39m
      [33mclass[39m=[32m"min-h-screen bg-gray-50 
dark:bg-slate-950 transition-colors 
duration-300"[39m
    [36m>[39m
      [36m<header[39m
        [33mclass[39m=[32m"bg-white 
dark:bg-slate-900 border-b border-gray-200 
dark:border-slate-700 sticky top-0 z-50 h-16 flex 
items-center transition-colors duration-300"[39m
      [36m>[39m
        [36m<div[39m
          [33mclass[39m=[32m"flex items-center 
w-full h-full"[39m
        [36m>[39m
          [36m<div[39m
            [33mclass[39m=[32m"flex items-center 
gap-2.5 px-5 h-full shrink-0 w-56"[39m
          [36m>[39m
            [36m<div[39m
              [33mclass[39m=[32m"w-8 h-8 
rounded-lg bg-gradient-to-br from-blue-500 
to-indigo-600 flex items-center justify-center 
shadow-md"[39m
            [36m>[39m
              [36m<img[39m
                [33malt[39m=[32m"TheatreX 
Logo"[39m
                [33mclass[39m=[32m"w-5 h-5 
brightness-0 invert"[39m
                [33msrc[39m=[32m"/src/assets/thea
trex-logo.svg"[39m
              [36m/>[39m
            [36m</div>[39m
            [36m<span[39m
              [33mclass[39m=[32m"text-xl 
font-bold bg-gradient-to-r from-blue-600 
to-indigo-500 bg-clip-text text-transparent 
tracking-tight select-none"[39m
            [36m>[39m
              [0mTheatreX[0m
            [36m</span>[39m
          [36m</div>[39m
          [36m<div[39m
            [33mclass[39m=[32m"h-8 w-px 
bg-gray-200 dark:bg-slate-700 shrink-0"[39m
          [36m/>[39m
          [36m<div[39m
            [33mclass[39m=[32m"flex-1 px-6"[39m
          [36m>[39m
            [36m<h1[39m
              [33mclass[39m=[32m"text-lg 
font-bold text-gray-900 dark:text-slate-100 
leading-tight"[39m
            [36m>[39m
              [0mTheatre Management Dashboard[0m
            [36m</h1>[39m
            [36m<p[39m
              [33mclass[39m=[32m"text-xs 
text-gray-400 dark:text-slate-500 leading-tight 
mt-0.5"[39m
            [36m>[39m
              [0mReal - time monitoring and 
scheduling overview[0m
            [36m</p>[39m
          [36m</div>[39m
          [36m<div[39m
            [33mclass[39m=[32m"flex items-center 
gap-1 px-4 shrink-0"[39m
          [36m>[39m
            [36m<button[39m
              
[33maria-label[39m=[32m"Search"[39m
              [33mclass[39m=[32m"p-2 rounded-lg 
text-gray-400 dark:text-slate-400 
hover:text-blue-600 hover:bg-blue-50 
dark:hover:bg-blue-900/30 dark:hover:text-blue-400 
transition-all duration-200"[39m
              
[33mid[39m=[32m"header-search-btn"[39m
            [36m>[39m
              [36m<svg[39m
                [33mclass[39m=[32m"w-5 h-5"[39m
                [33mfill[39m=[32m"none"[39m
                
[33mstroke[39m=[32m"currentColor"[39m
                [33mviewBox[39m=[32m"0 0 24 
24"[39m
              [36m>[39m
                [36m<path[39m
                  [33md[39m=[32m"M21 
21l-6-6m2-5a7 7 0 11-14 0 7 7 0 0114 0z"[39m
                  
[33mstroke-linecap[39m=[32m"round"[39m
                  
[33mstroke-linejoin[39m=[32m"round"[39m
                  
[33mstroke-width[39m=[32m"2"[39m
                [36m/>[39m
              [36m</svg>[39m
            [36m</button>[39m
            [36m<div[39m
              [33mclass[39m=[32m"relative"[39m
            [36m>[39m
              [36m<button[39m
                
[33maria-expanded[39m=[32m"false"[39m
                
[33maria-label[39m=[32m"Notifications"[39m
                [33mclass[39m=[32m"relative p-2 
rounded-lg text-gray-400 dark:text-slate-400 
hover:text-blue-600 hover:bg-blue-50 
dark:hover:bg-blue-900/30 dark:hover:text-blue-400 
transition-all duration-200 "[39m
                
[33mid[39m=[32m"header-notifications-btn"[39m
              [36m>[39m
                [36m<svg[39m
                  [33mclass[39m=[32m"w-5 
h-5"[39m
                  [33mfill[39m=[32m"none"[39m
                  
[33mstroke[39m=[32m"currentColor"[39m
                  [33mviewBox[39m=[32m"0 0 24 
24"[39m
                [36m>[39m
                  [36m<path[39m
                    [33md[39m=[32m"M15 
17h5l-1.405-1.405A2.032 2.032 0 0118 
14.158V11a6.002 6.002 0 00-4-5.659V5a2 2 0 10-4 
0v.341C7.67 6.165 6 8.388 6 11v3.159c0 .538-.214 
1.055-.595 1.436L4 17h5m6 0v1a3 3 0 11-6 0v-1m6 
0H9"[39m
                    
[33mstroke-linecap[39m=[32m"round"[39m
                    
[33mstroke-linejoin[39m=[32m"round"[39m
                    
[33mstroke-width[39m=[32m"2"[39m
                  [36m/>[39m
                [36m</svg>[39m
              [36m</button>[39m
            [36m</div>[39m
            [36m<div[39m
              [33mclass[39m=[32m"relative 
mx-1"[39m
            [36m>[39m
              [36m<button[39m
                [33maria-label[39m=[32m"User 
menu"[39m
                [33mclass[39m=[32m"w-8 h-8 
rounded-full bg-gradient-to-br from-blue-500 
to-indigo-600 flex items-center justify-center 
text-white font-semibold text-sm shadow-sm 
hover:shadow-md transition-all duration-200 ring-2 
ring-white hover:ring-blue-200"[39m
                
[33mid[39m=[32m"header-user-menu-btn"[39m
              [36m>[39m
                [0mT[0m
              [36m</button>[39m
            [36m</div>[39m
            [36m<div[39m
              [33mclass[39m=[32m"h-8 w-px 
bg-gray-200 dark:bg-slate-700 mx-2 shrink-0"[39m
            [36m/>[39m
            [36m<div[39m
              [33mclass[39m=[32m"flex flex-col 
items-end leading-tight select-none mr-2"[39m
            [36m>[39m
              [36m<span[39m
                [33mclass[39m=[32m"text-sm 
font-bold text-gray-800 dark:text-slate-200 
tabular-nums"[39m
              [36m>[39m
                [0m09:42 PM[0m
              [36m</span>[39m
              [36m<span[39m
                [33mclass[39m=[32m"text-xs 
text-gray-400 dark:text-slate-500"[39m
              [36m>[39m
                [0mToday - 11 Mar 2026[0m
              [36m</span>[39m
            [36m</div>[39m
            [36m<button[39m
              [33maria-label[39m=[32m"Toggle 
dark mode"[39m
              [33mclass[39m=[32m"p-2 rounded-lg 
text-gray-400 dark:text-slate-400 
hover:text-indigo-600 dark:hover:text-indigo-400 
hover:bg-indigo-50 dark:hover:bg-indigo-900/30 
transition-all duration-200"[39m
              
[33mid[39m=[32m"header-dark-mode-btn"[39m
              [33mtitle[39m=[32m"Switch to Dark 
Mode"[39m
            [36m>[39m
              [36m<svg[39m
                [33mclass[39m=[32m"w-5 h-5"[39m
                [33mfill[39m=[32m"none"[39m
                
[33mstroke[39m=[32m"currentColor"[39m
                [33mviewBox[39m=[32m"0 0 24 
24"[39m
              [36m>[39m
                [36m<path[39m
                  [33md[39m=[32m"M20.354 
15.354A9 9 0 0...

Ignored nodes: comments, script, style
[36m<html>[39m
  [36m<head />[39m
  [36m<body>[39m
    [36m<div>[39m
      [36m<div[39m
        [33mclass[39m=[32m"min-h-screen 
bg-gray-50 dark:bg-slate-950 transition-colors 
duration-300"[39m
      [36m>[39m
        [36m<header[39m
          [33mclass[39m=[32m"bg-white 
dark:bg-slate-900 border-b border-gray-200 
dark:border-slate-700 sticky top-0 z-50 h-16 flex 
items-center transition-colors duration-300"[39m
        [36m>[39m
          [36m<div[39m
            [33mclass[39m=[32m"flex items-center 
w-full h-full"[39m
          [36m>[39m
            [36m<div[39m
              [33mclass[39m=[32m"flex 
items-center gap-2.5 px-5 h-full shrink-0 w-56"[39m
            [36m>[39m
              [36m<div[39m
                [33mclass[39m=[32m"w-8 h-8 
rounded-lg bg-gradient-to-br from-blue-500 
to-indigo-600 flex items-center justify-center 
shadow-md"[39m
              [36m>[39m
                [36m<img[39m
                  [33malt[39m=[32m"TheatreX 
Logo"[39m
                  [33mclass[39m=[32m"w-5 h-5 
brightness-0 invert"[39m
                  [33msrc[39m=[32m"/src/assets/th
eatrex-logo.svg"[39m
                [36m/>[39m
              [36m</div>[39m
              [36m<span[39m
                [33mclass[39m=[32m"text-xl 
font-bold bg-gradient-to-r from-blue-600 
to-indigo-500 bg-clip-text text-transparent 
tracking-tight select-none"[39m
              [36m>[39m
                [0mTheatreX[0m
              [36m</span>[39m
            [36m</div>[39m
            [36m<div[39m
              [33mclass[39m=[32m"h-8 w-px 
bg-gray-200 dark:bg-slate-700 shrink-0"[39m
            [36m/>[39m
            [36m<div[39m
              [33mclass[39m=[32m"flex-1 
px-6"[39m
            [36m>[39m
              [36m<h1[39m
                [33mclass[39m=[32m"text-lg 
font-bold text-gray-900 dark:text-slate-100 
leading-tight"[39m
              [36m>[39m
                [0mTheatre Management Dashboard[0m
              [36m</h1>[39m
              [36m<p[39m
                [33mclass[39m=[32m"text-xs 
text-gray-400 dark:text-slate-500 leading-tight 
mt-0.5"[39m
              [36m>[39m
                [0mReal - time monitoring and 
scheduling overview[0m
              [36m</p>[39m
            [36m</div>[39m
            [36m<div[39m
              [33mclass[39m=[32m"flex 
items-center gap-1 px-4 shrink-0"[39m
            [36m>[39m
              [36m<button[39m
                
[33maria-label[39m=[32m"Search"[39m
                [33mclass[39m=[32m"p-2 
rounded-lg text-gray-400 dark:text-slate-400 
hover:text-blue-600 hover:bg-blue-50 
dark:hover:bg-blue-900/30 dark:hover:text-blue-400 
transition-all duration-200"[39m
                
[33mid[39m=[32m"header-search-btn"[39m
              [36m>[39m
                [36m<svg[39m
                  [33mclass[39m=[32m"w-5 
h-5"[39m
                  [33mfill[39m=[32m"none"[39m
                  
[33mstroke[39m=[32m"currentColor"[39m
                  [33mviewBox[39m=[32m"0 0 24 
24"[39m
                [36m>[39m
                  [36m<path[39m
                    [33md[39m=[32m"M21 
21l-6-6m2-5a7 7 0 11-14 0 7 7 0 0114 0z"[39m
                    
[33mstroke-linecap[39m=[32m"round"[39m
                    
[33mstroke-linejoin[39m=[32m"round"[39m
                    
[33mstroke-width[39m=[32m"2"[39m
                  [36m/>[39m
                [36m</svg>[39m
              [36m</button>[39m
              [36m<div[39m
                [33mclass[39m=[32m"relative"[39m
              [36m>[39m
                [36m<button[39m
                  
[33maria-expanded[39m=[32m"false"[39m
                  
[33maria-label[39m=[32m"Notifications"[39m
                  [33mclass[39m=[32m"relative 
p-2 rounded-lg text-gray-400 dark:text-slate-400 
hover:text-blue-600 hover:bg-blue-50 
dark:hover:bg-blue-900/30 dark:hover:text-blue-400 
transition-all duration-200 "[39m
                  
[33mid[39m=[32m"header-notifications-btn"[39m
                [36m>[39m
                  [36m<svg[39m
                    [33mclass[39m=[32m"w-5 
h-5"[39m
                    [33mfill[39m=[32m"none"[39m
                    
[33mstroke[39m=[32m"currentColor"[39m
                    [33mviewBox[39m=[32m"0 0 24 
24"[39m
                  [36m>[39m
                    [36m<path[39m
                      [33md[39m=[32m"M15 
17h5l-1.405-1.405A2.032 2.032 0 0118 
14.158V11a6.002 6.002 0 00-4-5.659V5a2 2 0 10-4 
0v.341C7.67 6.165 6 8.388 6 11v3.159c0 .538-.214 
1.055-.595 1.436L4 17h5m6 0v1a3 3 0 11-6 0v-1m6 
0H9"[39m
                      
[33mstroke-linecap[39m=[32m"round"[39m
                      
[33mstroke-linejoin[39m=[32m"round"[39m
                      
[33mstroke-width[39m=[32m"2"[39m
                    [36m/>[39m
                  [36m</svg>[39m
                [36m</button>[39m
              [36m</div>[39m
              [36m<div[39m
                [33mclass[39m=[32m"relative 
mx-1"[39m
              [36m>[39m
                [36m<button[39m
                  [33maria-label[39m=[32m"User 
menu"[39m
                  [33mclass[39m=[32m"w-8 h-8 
rounded-full bg-gradient-to-br from-blue-500 
to-indigo-600 flex items-center justify-center 
text-white font-semibold text-sm shadow-sm 
hover:shadow-md transition-all duration-200 ring-2 
ring-white hover:ring-blue-200"[39m
                  
[33mid[39m=[32m"header-user-menu-btn"[39m
                [36m>[39m
                  [0mT[0m
                [36m</button>[39m
              [36m</div>[39m
              [36m<div[39m
                [33mclass[39m=[32m"h-8 w-px 
bg-gray-200 dark:bg-slate-700 mx-2 shrink-0"[39m
              [36m/>[39m
              [36m<div[39m
                [33mclass[39m=[32m"flex flex-col 
items-end leading-tight select-none mr-2"[39m
              [36m>[39m
                [36m<span[39m
                  [33mclass[39m=[32m"text-sm 
font-bold text-gray-800 dark:text-slate-200 
tabular-nums"[39m
                [36m>[39m
                  [0m09:42 PM[0m
                [36m</span>[39m
                [36m<span[39m
                  [33mclass[39m=[32m"text-xs 
text-gray-400 dark:text-slate-500"[39m
                [36m>[39m
                  [0mToday - 11 Mar 2026[0m
                [36m</span>[39m
              [36m</div>[39m
              [36m<button[39m
                [33maria-label[39m=[32m"Toggle 
dark mode"[39m
                [33mclass[39m=[32m"p-2 
rounded-lg text-gray-400 dark:text-slate-400 
hover:text-indigo-600 dark:hover:text-indigo-400 
hover:bg-indigo-50 dark:hover:bg-indigo-900/30 
transition-all duration-200"[39m
                
[33mid[39m=[32m"header-dark-mode-btn"[39m
                [33mtitle[39m=[32m"Switch to 
Dark Mode"[39m
              [36m>[39m
                [36m<svg[39m
                  [33mclass[39m=[32...
[90m [2mΓ¥»[22m Proxy.waitForWrapper node_modules
/@testing-library/dom/dist/wait-for.js:[2m163:27[2
2m[39m
[36m [2mΓ¥»[22m 
src/tests/Dashboard.test.jsx:[2m300:19[22m[39m
    [90m298| [39m
    [90m299| [39m            
[34mrenderDashboard[39m()[33m;[39m
    [90m300| [39m            [35mawait[39m 
[34mwaitFor[39m(() [33m=>[39m {
    [90m   | [39m                  [31m^[39m
    [90m301| [39m                [34mexpect[39m(
screen[33m.[39m[34mgetByText[39m([32m'Retry'[3
9m))[33m.[39m[34mtoBeInTheDocument[39m()[33m;[
39m
    [90m302| [39m            })[33m;[39m

[31m[2mΓÄ»ΓÄ»ΓÄ»ΓÄ»ΓÄ»ΓÄ»ΓÄ»ΓÄ»ΓÄ»ΓÄ»ΓÄ»ΓÄ»ΓÄ»ΓÄ»Γ
Ä»ΓÄ»ΓÄ»ΓÄ»ΓÄ»ΓÄ»ΓÄ»ΓÄ»ΓÄ»ΓÄ»[5/7]ΓÄ»[22m[39m

[31m[1m[7m FAIL [27m[22m[39m 
src/tests/Dashboard.test.jsx[2m > [22mDashboard 
Page Tests[2m > [22mError State[2m > [22mshould 
show empty surgeries when surgeries API fails
[31m[1mTestingLibraryElementError[22m[39m: 
Unable to find an element with the text: Error 
Loading Dashboard. This could be because the text 
is broken up by multiple elements. In this case, 
you can provide a function for your text matcher to 
make your matcher more flexible.

Ignored nodes: comments, script, style
[36m<body>[39m
  [36m<div>[39m
    [36m<div[39m
      [33mclass[39m=[32m"min-h-screen bg-gray-50 
dark:bg-slate-950 transition-colors 
duration-300"[39m
    [36m>[39m
      [36m<header[39m
        [33mclass[39m=[32m"bg-white 
dark:bg-slate-900 border-b border-gray-200 
dark:border-slate-700 sticky top-0 z-50 h-16 flex 
items-center transition-colors duration-300"[39m
      [36m>[39m
        [36m<div[39m
          [33mclass[39m=[32m"flex items-center 
w-full h-full"[39m
        [36m>[39m
          [36m<div[39m
            [33mclass[39m=[32m"flex items-center 
gap-2.5 px-5 h-full shrink-0 w-56"[39m
          [36m>[39m
            [36m<div[39m
              [33mclass[39m=[32m"w-8 h-8 
rounded-lg bg-gradient-to-br from-blue-500 
to-indigo-600 flex items-center justify-center 
shadow-md"[39m
            [36m>[39m
              [36m<img[39m
                [33malt[39m=[32m"TheatreX 
Logo"[39m
                [33mclass[39m=[32m"w-5 h-5 
brightness-0 invert"[39m
                [33msrc[39m=[32m"/src/assets/thea
trex-logo.svg"[39m
              [36m/>[39m
            [36m</div>[39m
            [36m<span[39m
              [33mclass[39m=[32m"text-xl 
font-bold bg-gradient-to-r from-blue-600 
to-indigo-500 bg-clip-text text-transparent 
tracking-tight select-none"[39m
            [36m>[39m
              [0mTheatreX[0m
            [36m</span>[39m
          [36m</div>[39m
          [36m<div[39m
            [33mclass[39m=[32m"h-8 w-px 
bg-gray-200 dark:bg-slate-700 shrink-0"[39m
          [36m/>[39m
          [36m<div[39m
            [33mclass[39m=[32m"flex-1 px-6"[39m
          [36m>[39m
            [36m<h1[39m
              [33mclass[39m=[32m"text-lg 
font-bold text-gray-900 dark:text-slate-100 
leading-tight"[39m
            [36m>[39m
              [0mTheatre Management Dashboard[0m
            [36m</h1>[39m
            [36m<p[39m
              [33mclass[39m=[32m"text-xs 
text-gray-400 dark:text-slate-500 leading-tight 
mt-0.5"[39m
            [36m>[39m
              [0mReal - time monitoring and 
scheduling overview[0m
            [36m</p>[39m
          [36m</div>[39m
          [36m<div[39m
            [33mclass[39m=[32m"flex items-center 
gap-1 px-4 shrink-0"[39m
          [36m>[39m
            [36m<button[39m
              
[33maria-label[39m=[32m"Search"[39m
              [33mclass[39m=[32m"p-2 rounded-lg 
text-gray-400 dark:text-slate-400 
hover:text-blue-600 hover:bg-blue-50 
dark:hover:bg-blue-900/30 dark:hover:text-blue-400 
transition-all duration-200"[39m
              
[33mid[39m=[32m"header-search-btn"[39m
            [36m>[39m
              [36m<svg[39m
                [33mclass[39m=[32m"w-5 h-5"[39m
                [33mfill[39m=[32m"none"[39m
                
[33mstroke[39m=[32m"currentColor"[39m
                [33mviewBox[39m=[32m"0 0 24 
24"[39m
              [36m>[39m
                [36m<path[39m
                  [33md[39m=[32m"M21 
21l-6-6m2-5a7 7 0 11-14 0 7 7 0 0114 0z"[39m
                  
[33mstroke-linecap[39m=[32m"round"[39m
                  
[33mstroke-linejoin[39m=[32m"round"[39m
                  
[33mstroke-width[39m=[32m"2"[39m
                [36m/>[39m
              [36m</svg>[39m
            [36m</button>[39m
            [36m<div[39m
              [33mclass[39m=[32m"relative"[39m
            [36m>[39m
              [36m<button[39m
                
[33maria-expanded[39m=[32m"false"[39m
                
[33maria-label[39m=[32m"Notifications"[39m
                [33mclass[39m=[32m"relative p-2 
rounded-lg text-gray-400 dark:text-slate-400 
hover:text-blue-600 hover:bg-blue-50 
dark:hover:bg-blue-900/30 dark:hover:text-blue-400 
transition-all duration-200 "[39m
                
[33mid[39m=[32m"header-notifications-btn"[39m
              [36m>[39m
                [36m<svg[39m
                  [33mclass[39m=[32m"w-5 
h-5"[39m
                  [33mfill[39m=[32m"none"[39m
                  
[33mstroke[39m=[32m"currentColor"[39m
                  [33mviewBox[39m=[32m"0 0 24 
24"[39m
                [36m>[39m
                  [36m<path[39m
                    [33md[39m=[32m"M15 
17h5l-1.405-1.405A2.032 2.032 0 0118 
14.158V11a6.002 6.002 0 00-4-5.659V5a2 2 0 10-4 
0v.341C7.67 6.165 6 8.388 6 11v3.159c0 .538-.214 
1.055-.595 1.436L4 17h5m6 0v1a3 3 0 11-6 0v-1m6 
0H9"[39m
                    
[33mstroke-linecap[39m=[32m"round"[39m
                    
[33mstroke-linejoin[39m=[32m"round"[39m
                    
[33mstroke-width[39m=[32m"2"[39m
                  [36m/>[39m
                [36m</svg>[39m
              [36m</button>[39m
            [36m</div>[39m
            [36m<div[39m
              [33mclass[39m=[32m"relative 
mx-1"[39m
            [36m>[39m
              [36m<button[39m
                [33maria-label[39m=[32m"User 
menu"[39m
                [33mclass[39m=[32m"w-8 h-8 
rounded-full bg-gradient-to-br from-blue-500 
to-indigo-600 flex items-center justify-center 
text-white font-semibold text-sm shadow-sm 
hover:shadow-md transition-all duration-200 ring-2 
ring-white hover:ring-blue-200"[39m
                
[33mid[39m=[32m"header-user-menu-btn"[39m
              [36m>[39m
                [0mT[0m
              [36m</button>[39m
            [36m</div>[39m
            [36m<div[39m
              [33mclass[39m=[32m"h-8 w-px 
bg-gray-200 dark:bg-slate-700 mx-2 shrink-0"[39m
            [36m/>[39m
            [36m<div[39m
              [33mclass[39m=[32m"flex flex-col 
items-end leading-tight select-none mr-2"[39m
            [36m>[39m
              [36m<span[39m
                [33mclass[39m=[32m"text-sm 
font-bold text-gray-800 dark:text-slate-200 
tabular-nums"[39m
              [36m>[39m
                [0m09:42 PM[0m
              [36m</span>[39m
              [36m<span[39m
                [33mclass[39m=[32m"text-xs 
text-gray-400 dark:text-slate-500"[39m
              [36m>[39m
                [0mToday - 11 Mar 2026[0m
              [36m</span>[39m
            [36m</div>[39m
            [36m<button[39m
              [33maria-label[39m=[32m"Toggle 
dark mode"[39m
              [33mclass[39m=[32m"p-2 rounded-lg 
text-gray-400 dark:text-slate-400 
hover:text-indigo-600 dark:hover:text-indigo-400 
hover:bg-indigo-50 dark:hover:bg-indigo-900/30 
transition-all duration-200"[39m
              
[33mid[39m=[32m"header-dark-mode-btn"[39m
              [33mtitle[39m=[32m"Switch to Dark 
Mode"[39m
            [36m>[39m
              [36m<svg[39m
                [33mclass[39m=[32m"w-5 h-5"[39m
                [33mfill[39m=[32m"none"[39m
                
[33mstroke[39m=[32m"currentColor"[39m
                [33mviewBox[39m=[32m"0 0 24 
24"[39m
              [36m>[39m
                [36m<path[39m
                  [33md[39m=[32m"M20.354 
15.354A9 9 0 0...

Ignored nodes: comments, script, style
[36m<html>[39m
  [36m<head />[39m
  [36m<body>[39m
    [36m<div>[39m
      [36m<div[39m
        [33mclass[39m=[32m"min-h-screen 
bg-gray-50 dark:bg-slate-950 transition-colors 
duration-300"[39m
      [36m>[39m
        [36m<header[39m
          [33mclass[39m=[32m"bg-white 
dark:bg-slate-900 border-b border-gray-200 
dark:border-slate-700 sticky top-0 z-50 h-16 flex 
items-center transition-colors duration-300"[39m
        [36m>[39m
          [36m<div[39m
            [33mclass[39m=[32m"flex items-center 
w-full h-full"[39m
          [36m>[39m
            [36m<div[39m
              [33mclass[39m=[32m"flex 
items-center gap-2.5 px-5 h-full shrink-0 w-56"[39m
            [36m>[39m
              [36m<div[39m
                [33mclass[39m=[32m"w-8 h-8 
rounded-lg bg-gradient-to-br from-blue-500 
to-indigo-600 flex items-center justify-center 
shadow-md"[39m
              [36m>[39m
                [36m<img[39m
                  [33malt[39m=[32m"TheatreX 
Logo"[39m
                  [33mclass[39m=[32m"w-5 h-5 
brightness-0 invert"[39m
                  [33msrc[39m=[32m"/src/assets/th
eatrex-logo.svg"[39m
                [36m/>[39m
              [36m</div>[39m
              [36m<span[39m
                [33mclass[39m=[32m"text-xl 
font-bold bg-gradient-to-r from-blue-600 
to-indigo-500 bg-clip-text text-transparent 
tracking-tight select-none"[39m
              [36m>[39m
                [0mTheatreX[0m
              [36m</span>[39m
            [36m</div>[39m
            [36m<div[39m
              [33mclass[39m=[32m"h-8 w-px 
bg-gray-200 dark:bg-slate-700 shrink-0"[39m
            [36m/>[39m
            [36m<div[39m
              [33mclass[39m=[32m"flex-1 
px-6"[39m
            [36m>[39m
              [36m<h1[39m
                [33mclass[39m=[32m"text-lg 
font-bold text-gray-900 dark:text-slate-100 
leading-tight"[39m
              [36m>[39m
                [0mTheatre Management Dashboard[0m
              [36m</h1>[39m
              [36m<p[39m
                [33mclass[39m=[32m"text-xs 
text-gray-400 dark:text-slate-500 leading-tight 
mt-0.5"[39m
              [36m>[39m
                [0mReal - time monitoring and 
scheduling overview[0m
              [36m</p>[39m
            [36m</div>[39m
            [36m<div[39m
              [33mclass[39m=[32m"flex 
items-center gap-1 px-4 shrink-0"[39m
            [36m>[39m
              [36m<button[39m
                
[33maria-label[39m=[32m"Search"[39m
                [33mclass[39m=[32m"p-2 
rounded-lg text-gray-400 dark:text-slate-400 
hover:text-blue-600 hover:bg-blue-50 
dark:hover:bg-blue-900/30 dark:hover:text-blue-400 
transition-all duration-200"[39m
                
[33mid[39m=[32m"header-search-btn"[39m
              [36m>[39m
                [36m<svg[39m
                  [33mclass[39m=[32m"w-5 
h-5"[39m
                  [33mfill[39m=[32m"none"[39m
                  
[33mstroke[39m=[32m"currentColor"[39m
                  [33mviewBox[39m=[32m"0 0 24 
24"[39m
                [36m>[39m
                  [36m<path[39m
                    [33md[39m=[32m"M21 
21l-6-6m2-5a7 7 0 11-14 0 7 7 0 0114 0z"[39m
                    
[33mstroke-linecap[39m=[32m"round"[39m
                    
[33mstroke-linejoin[39m=[32m"round"[39m
                    
[33mstroke-width[39m=[32m"2"[39m
                  [36m/>[39m
                [36m</svg>[39m
              [36m</button>[39m
              [36m<div[39m
                [33mclass[39m=[32m"relative"[39m
              [36m>[39m
                [36m<button[39m
                  
[33maria-expanded[39m=[32m"false"[39m
                  
[33maria-label[39m=[32m"Notifications"[39m
                  [33mclass[39m=[32m"relative 
p-2 rounded-lg text-gray-400 dark:text-slate-400 
hover:text-blue-600 hover:bg-blue-50 
dark:hover:bg-blue-900/30 dark:hover:text-blue-400 
transition-all duration-200 "[39m
                  
[33mid[39m=[32m"header-notifications-btn"[39m
                [36m>[39m
                  [36m<svg[39m
                    [33mclass[39m=[32m"w-5 
h-5"[39m
                    [33mfill[39m=[32m"none"[39m
                    
[33mstroke[39m=[32m"currentColor"[39m
                    [33mviewBox[39m=[32m"0 0 24 
24"[39m
                  [36m>[39m
                    [36m<path[39m
                      [33md[39m=[32m"M15 
17h5l-1.405-1.405A2.032 2.032 0 0118 
14.158V11a6.002 6.002 0 00-4-5.659V5a2 2 0 10-4 
0v.341C7.67 6.165 6 8.388 6 11v3.159c0 .538-.214 
1.055-.595 1.436L4 17h5m6 0v1a3 3 0 11-6 0v-1m6 
0H9"[39m
                      
[33mstroke-linecap[39m=[32m"round"[39m
                      
[33mstroke-linejoin[39m=[32m"round"[39m
                      
[33mstroke-width[39m=[32m"2"[39m
                    [36m/>[39m
                  [36m</svg>[39m
                [36m</button>[39m
              [36m</div>[39m
              [36m<div[39m
                [33mclass[39m=[32m"relative 
mx-1"[39m
              [36m>[39m
                [36m<button[39m
                  [33maria-label[39m=[32m"User 
menu"[39m
                  [33mclass[39m=[32m"w-8 h-8 
rounded-full bg-gradient-to-br from-blue-500 
to-indigo-600 flex items-center justify-center 
text-white font-semibold text-sm shadow-sm 
hover:shadow-md transition-all duration-200 ring-2 
ring-white hover:ring-blue-200"[39m
                  
[33mid[39m=[32m"header-user-menu-btn"[39m
                [36m>[39m
                  [0mT[0m
                [36m</button>[39m
              [36m</div>[39m
              [36m<div[39m
                [33mclass[39m=[32m"h-8 w-px 
bg-gray-200 dark:bg-slate-700 mx-2 shrink-0"[39m
              [36m/>[39m
              [36m<div[39m
                [33mclass[39m=[32m"flex flex-col 
items-end leading-tight select-none mr-2"[39m
              [36m>[39m
                [36m<span[39m
                  [33mclass[39m=[32m"text-sm 
font-bold text-gray-800 dark:text-slate-200 
tabular-nums"[39m
                [36m>[39m
                  [0m09:42 PM[0m
                [36m</span>[39m
                [36m<span[39m
                  [33mclass[39m=[32m"text-xs 
text-gray-400 dark:text-slate-500"[39m
                [36m>[39m
                  [0mToday - 11 Mar 2026[0m
                [36m</span>[39m
              [36m</div>[39m
              [36m<button[39m
                [33maria-label[39m=[32m"Toggle 
dark mode"[39m
                [33mclass[39m=[32m"p-2 
rounded-lg text-gray-400 dark:text-slate-400 
hover:text-indigo-600 dark:hover:text-indigo-400 
hover:bg-indigo-50 dark:hover:bg-indigo-900/30 
transition-all duration-200"[39m
                
[33mid[39m=[32m"header-dark-mode-btn"[39m
                [33mtitle[39m=[32m"Switch to 
Dark Mode"[39m
              [36m>[39m
                [36m<svg[39m
                  [33mclass[39m=[32...
[90m [2mΓ¥»[22m Proxy.waitForWrapper node_modules
/@testing-library/dom/dist/wait-for.js:[2m163:27[2
2m[39m
[36m [2mΓ¥»[22m 
src/tests/Dashboard.test.jsx:[2m311:19[22m[39m
    [90m309| [39m
    [90m310| [39m            
[34mrenderDashboard[39m()[33m;[39m
    [90m311| [39m            [35mawait[39m 
[34mwaitFor[39m(() [33m=>[39m {
    [90m   | [39m                  [31m^[39m
    [90m312| [39m                [34mexpect[39m(
screen[33m.[39m[34mgetByText[39m([32m'Error 
Loading Dashboard'[39m))[33m.[39m[34mto[39mΓÇª
    [90m313| [39m            })[33m;[39m

[31m[2mΓÄ»ΓÄ»ΓÄ»ΓÄ»ΓÄ»ΓÄ»ΓÄ»ΓÄ»ΓÄ»ΓÄ»ΓÄ»ΓÄ»ΓÄ»ΓÄ»Γ
Ä»ΓÄ»ΓÄ»ΓÄ»ΓÄ»ΓÄ»ΓÄ»ΓÄ»ΓÄ»ΓÄ»[6/7]ΓÄ»[22m[39m

[31m[1m[7m FAIL [27m[22m[39m 
src/tests/Dashboard.test.jsx[2m > [22mDashboard 
Page Tests[2m > [22mNavigation[2m > [22mshould 
navigate to /surgeries/new when Add New Surgery is 
clicked
[31m[1mTestingLibraryElementError[22m[39m: 
Unable to find an element with the text: + Add New 
Surgery. This could be because the text is broken 
up by multiple elements. In this case, you can 
provide a function for your text matcher to make 
your matcher more flexible.

Ignored nodes: comments, script, style
[36m<body>[39m
  [36m<div>[39m
    [36m<div[39m
      [33mclass[39m=[32m"min-h-screen bg-gray-50 
dark:bg-slate-950 transition-colors 
duration-300"[39m
    [36m>[39m
      [36m<header[39m
        [33mclass[39m=[32m"bg-white 
dark:bg-slate-900 border-b border-gray-200 
dark:border-slate-700 sticky top-0 z-50 h-16 flex 
items-center transition-colors duration-300"[39m
      [36m>[39m
        [36m<div[39m
          [33mclass[39m=[32m"flex items-center 
w-full h-full"[39m
        [36m>[39m
          [36m<div[39m
            [33mclass[39m=[32m"flex items-center 
gap-2.5 px-5 h-full shrink-0 w-56"[39m
          [36m>[39m
            [36m<div[39m
              [33mclass[39m=[32m"w-8 h-8 
rounded-lg bg-gradient-to-br from-blue-500 
to-indigo-600 flex items-center justify-center 
shadow-md"[39m
            [36m>[39m
              [36m<img[39m
                [33malt[39m=[32m"TheatreX 
Logo"[39m
                [33mclass[39m=[32m"w-5 h-5 
brightness-0 invert"[39m
                [33msrc[39m=[32m"/src/assets/thea
trex-logo.svg"[39m
              [36m/>[39m
            [36m</div>[39m
            [36m<span[39m
              [33mclass[39m=[32m"text-xl 
font-bold bg-gradient-to-r from-blue-600 
to-indigo-500 bg-clip-text text-transparent 
tracking-tight select-none"[39m
            [36m>[39m
              [0mTheatreX[0m
            [36m</span>[39m
          [36m</div>[39m
          [36m<div[39m
            [33mclass[39m=[32m"h-8 w-px 
bg-gray-200 dark:bg-slate-700 shrink-0"[39m
          [36m/>[39m
          [36m<div[39m
            [33mclass[39m=[32m"flex-1 px-6"[39m
          [36m>[39m
            [36m<h1[39m
              [33mclass[39m=[32m"text-lg 
font-bold text-gray-900 dark:text-slate-100 
leading-tight"[39m
            [36m>[39m
              [0mTheatre Management Dashboard[0m
            [36m</h1>[39m
            [36m<p[39m
              [33mclass[39m=[32m"text-xs 
text-gray-400 dark:text-slate-500 leading-tight 
mt-0.5"[39m
            [36m>[39m
              [0mReal - time monitoring and 
scheduling overview[0m
            [36m</p>[39m
          [36m</div>[39m
          [36m<div[39m
            [33mclass[39m=[32m"flex items-center 
gap-1 px-4 shrink-0"[39m
          [36m>[39m
            [36m<button[39m
              
[33maria-label[39m=[32m"Search"[39m
              [33mclass[39m=[32m"p-2 rounded-lg 
text-gray-400 dark:text-slate-400 
hover:text-blue-600 hover:bg-blue-50 
dark:hover:bg-blue-900/30 dark:hover:text-blue-400 
transition-all duration-200"[39m
              
[33mid[39m=[32m"header-search-btn"[39m
            [36m>[39m
              [36m<svg[39m
                [33mclass[39m=[32m"w-5 h-5"[39m
                [33mfill[39m=[32m"none"[39m
                
[33mstroke[39m=[32m"currentColor"[39m
                [33mviewBox[39m=[32m"0 0 24 
24"[39m
              [36m>[39m
                [36m<path[39m
                  [33md[39m=[32m"M21 
21l-6-6m2-5a7 7 0 11-14 0 7 7 0 0114 0z"[39m
                  
[33mstroke-linecap[39m=[32m"round"[39m
                  
[33mstroke-linejoin[39m=[32m"round"[39m
                  
[33mstroke-width[39m=[32m"2"[39m
                [36m/>[39m
              [36m</svg>[39m
            [36m</button>[39m
            [36m<div[39m
              [33mclass[39m=[32m"relative"[39m
            [36m>[39m
              [36m<button[39m
                
[33maria-expanded[39m=[32m"false"[39m
                
[33maria-label[39m=[32m"Notifications"[39m
                [33mclass[39m=[32m"relative p-2 
rounded-lg text-gray-400 dark:text-slate-400 
hover:text-blue-600 hover:bg-blue-50 
dark:hover:bg-blue-900/30 dark:hover:text-blue-400 
transition-all duration-200 "[39m
                
[33mid[39m=[32m"header-notifications-btn"[39m
              [36m>[39m
                [36m<svg[39m
                  [33mclass[39m=[32m"w-5 
h-5"[39m
                  [33mfill[39m=[32m"none"[39m
                  
[33mstroke[39m=[32m"currentColor"[39m
                  [33mviewBox[39m=[32m"0 0 24 
24"[39m
                [36m>[39m
                  [36m<path[39m
                    [33md[39m=[32m"M15 
17h5l-1.405-1.405A2.032 2.032 0 0118 
14.158V11a6.002 6.002 0 00-4-5.659V5a2 2 0 10-4 
0v.341C7.67 6.165 6 8.388 6 11v3.159c0 .538-.214 
1.055-.595 1.436L4 17h5m6 0v1a3 3 0 11-6 0v-1m6 
0H9"[39m
                    
[33mstroke-linecap[39m=[32m"round"[39m
                    
[33mstroke-linejoin[39m=[32m"round"[39m
                    
[33mstroke-width[39m=[32m"2"[39m
                  [36m/>[39m
                [36m</svg>[39m
              [36m</button>[39m
            [36m</div>[39m
            [36m<div[39m
              [33mclass[39m=[32m"relative 
mx-1"[39m
            [36m>[39m
              [36m<button[39m
                [33maria-label[39m=[32m"User 
menu"[39m
                [33mclass[39m=[32m"w-8 h-8 
rounded-full bg-gradient-to-br from-blue-500 
to-indigo-600 flex items-center justify-center 
text-white font-semibold text-sm shadow-sm 
hover:shadow-md transition-all duration-200 ring-2 
ring-white hover:ring-blue-200"[39m
                
[33mid[39m=[32m"header-user-menu-btn"[39m
              [36m>[39m
                [0mT[0m
              [36m</button>[39m
            [36m</div>[39m
            [36m<div[39m
              [33mclass[39m=[32m"h-8 w-px 
bg-gray-200 dark:bg-slate-700 mx-2 shrink-0"[39m
            [36m/>[39m
            [36m<div[39m
              [33mclass[39m=[32m"flex flex-col 
items-end leading-tight select-none mr-2"[39m
            [36m>[39m
              [36m<span[39m
                [33mclass[39m=[32m"text-sm 
font-bold text-gray-800 dark:text-slate-200 
tabular-nums"[39m
              [36m>[39m
                [0m09:42 PM[0m
              [36m</span>[39m
              [36m<span[39m
                [33mclass[39m=[32m"text-xs 
text-gray-400 dark:text-slate-500"[39m
              [36m>[39m
                [0mToday - 11 Mar 2026[0m
              [36m</span>[39m
            [36m</div>[39m
            [36m<button[39m
              [33maria-label[39m=[32m"Toggle 
dark mode"[39m
              [33mclass[39m=[32m"p-2 rounded-lg 
text-gray-400 dark:text-slate-400 
hover:text-indigo-600 dark:hover:text-indigo-400 
hover:bg-indigo-50 dark:hover:bg-indigo-900/30 
transition-all duration-200"[39m
              
[33mid[39m=[32m"header-dark-mode-btn"[39m
              [33mtitle[39m=[32m"Switch to Dark 
Mode"[39m
            [36m>[39m
              [36m<svg[39m
                [33mclass[39m=[32m"w-5 h-5"[39m
                [33mfill[39m=[32m"none"[39m
                
[33mstroke[39m=[32m"currentColor"[39m
                [33mviewBox[39m=[32m"0 0 24 
24"[39m
              [36m>[39m
                [36m<path[39m
                  [33md[39m=[32m"M20.354 
15.354A9 9 0 0...

Ignored nodes: comments, script, style
[36m<html>[39m
  [36m<head />[39m
  [36m<body>[39m
    [36m<div>[39m
      [36m<div[39m
        [33mclass[39m=[32m"min-h-screen 
bg-gray-50 dark:bg-slate-950 transition-colors 
duration-300"[39m
      [36m>[39m
        [36m<header[39m
          [33mclass[39m=[32m"bg-white 
dark:bg-slate-900 border-b border-gray-200 
dark:border-slate-700 sticky top-0 z-50 h-16 flex 
items-center transition-colors duration-300"[39m
        [36m>[39m
          [36m<div[39m
            [33mclass[39m=[32m"flex items-center 
w-full h-full"[39m
          [36m>[39m
            [36m<div[39m
              [33mclass[39m=[32m"flex 
items-center gap-2.5 px-5 h-full shrink-0 w-56"[39m
            [36m>[39m
              [36m<div[39m
                [33mclass[39m=[32m"w-8 h-8 
rounded-lg bg-gradient-to-br from-blue-500 
to-indigo-600 flex items-center justify-center 
shadow-md"[39m
              [36m>[39m
                [36m<img[39m
                  [33malt[39m=[32m"TheatreX 
Logo"[39m
                  [33mclass[39m=[32m"w-5 h-5 
brightness-0 invert"[39m
                  [33msrc[39m=[32m"/src/assets/th
eatrex-logo.svg"[39m
                [36m/>[39m
              [36m</div>[39m
              [36m<span[39m
                [33mclass[39m=[32m"text-xl 
font-bold bg-gradient-to-r from-blue-600 
to-indigo-500 bg-clip-text text-transparent 
tracking-tight select-none"[39m
              [36m>[39m
                [0mTheatreX[0m
              [36m</span>[39m
            [36m</div>[39m
            [36m<div[39m
              [33mclass[39m=[32m"h-8 w-px 
bg-gray-200 dark:bg-slate-700 shrink-0"[39m
            [36m/>[39m
            [36m<div[39m
              [33mclass[39m=[32m"flex-1 
px-6"[39m
            [36m>[39m
              [36m<h1[39m
                [33mclass[39m=[32m"text-lg 
font-bold text-gray-900 dark:text-slate-100 
leading-tight"[39m
              [36m>[39m
                [0mTheatre Management Dashboard[0m
              [36m</h1>[39m
              [36m<p[39m
                [33mclass[39m=[32m"text-xs 
text-gray-400 dark:text-slate-500 leading-tight 
mt-0.5"[39m
              [36m>[39m
                [0mReal - time monitoring and 
scheduling overview[0m
              [36m</p>[39m
            [36m</div>[39m
            [36m<div[39m
              [33mclass[39m=[32m"flex 
items-center gap-1 px-4 shrink-0"[39m
            [36m>[39m
              [36m<button[39m
                
[33maria-label[39m=[32m"Search"[39m
                [33mclass[39m=[32m"p-2 
rounded-lg text-gray-400 dark:text-slate-400 
hover:text-blue-600 hover:bg-blue-50 
dark:hover:bg-blue-900/30 dark:hover:text-blue-400 
transition-all duration-200"[39m
                
[33mid[39m=[32m"header-search-btn"[39m
              [36m>[39m
                [36m<svg[39m
                  [33mclass[39m=[32m"w-5 
h-5"[39m
                  [33mfill[39m=[32m"none"[39m
                  
[33mstroke[39m=[32m"currentColor"[39m
                  [33mviewBox[39m=[32m"0 0 24 
24"[39m
                [36m>[39m
                  [36m<path[39m
                    [33md[39m=[32m"M21 
21l-6-6m2-5a7 7 0 11-14 0 7 7 0 0114 0z"[39m
                    
[33mstroke-linecap[39m=[32m"round"[39m
                    
[33mstroke-linejoin[39m=[32m"round"[39m
                    
[33mstroke-width[39m=[32m"2"[39m
                  [36m/>[39m
                [36m</svg>[39m
              [36m</button>[39m
              [36m<div[39m
                [33mclass[39m=[32m"relative"[39m
              [36m>[39m
                [36m<button[39m
                  
[33maria-expanded[39m=[32m"false"[39m
                  
[33maria-label[39m=[32m"Notifications"[39m
                  [33mclass[39m=[32m"relative 
p-2 rounded-lg text-gray-400 dark:text-slate-400 
hover:text-blue-600 hover:bg-blue-50 
dark:hover:bg-blue-900/30 dark:hover:text-blue-400 
transition-all duration-200 "[39m
                  
[33mid[39m=[32m"header-notifications-btn"[39m
                [36m>[39m
                  [36m<svg[39m
                    [33mclass[39m=[32m"w-5 
h-5"[39m
                    [33mfill[39m=[32m"none"[39m
                    
[33mstroke[39m=[32m"currentColor"[39m
                    [33mviewBox[39m=[32m"0 0 24 
24"[39m
                  [36m>[39m
                    [36m<path[39m
                      [33md[39m=[32m"M15 
17h5l-1.405-1.405A2.032 2.032 0 0118 
14.158V11a6.002 6.002 0 00-4-5.659V5a2 2 0 10-4 
0v.341C7.67 6.165 6 8.388 6 11v3.159c0 .538-.214 
1.055-.595 1.436L4 17h5m6 0v1a3 3 0 11-6 0v-1m6 
0H9"[39m
                      
[33mstroke-linecap[39m=[32m"round"[39m
                      
[33mstroke-linejoin[39m=[32m"round"[39m
                      
[33mstroke-width[39m=[32m"2"[39m
                    [36m/>[39m
                  [36m</svg>[39m
                [36m</button>[39m
              [36m</div>[39m
              [36m<div[39m
                [33mclass[39m=[32m"relative 
mx-1"[39m
              [36m>[39m
                [36m<button[39m
                  [33maria-label[39m=[32m"User 
menu"[39m
                  [33mclass[39m=[32m"w-8 h-8 
rounded-full bg-gradient-to-br from-blue-500 
to-indigo-600 flex items-center justify-center 
text-white font-semibold text-sm shadow-sm 
hover:shadow-md transition-all duration-200 ring-2 
ring-white hover:ring-blue-200"[39m
                  
[33mid[39m=[32m"header-user-menu-btn"[39m
                [36m>[39m
                  [0mT[0m
                [36m</button>[39m
              [36m</div>[39m
              [36m<div[39m
                [33mclass[39m=[32m"h-8 w-px 
bg-gray-200 dark:bg-slate-700 mx-2 shrink-0"[39m
              [36m/>[39m
              [36m<div[39m
                [33mclass[39m=[32m"flex flex-col 
items-end leading-tight select-none mr-2"[39m
              [36m>[39m
                [36m<span[39m
                  [33mclass[39m=[32m"text-sm 
font-bold text-gray-800 dark:text-slate-200 
tabular-nums"[39m
                [36m>[39m
                  [0m09:42 PM[0m
                [36m</span>[39m
[2m Test Files [22m [1m[31m1 failed[39m[22m[90m (1)[39m
[2m      Tests [22m [1m[31m7 failed[39m[22m[2m | [22m[1m[32m14 passed[39m[22m[90m (21)[39m
[2m   Start at [22m 21:42:33
[2m   Duration [22m 9.37s[2m (transform 174ms, setup 229ms, collect 488ms, tests 7.73s, environment 390ms, prepare 151ms)[22m

                [36m<span[39m
                  [33mclass[39m=[32m"text-xs 
text-gray-400 dark:text-slate-500"[39m
                [36m>[39m
                  [0mToday - 11 Mar 2026[0m
                [36m</span>[39m
              [36m</div>[39m
              [36m<button[39m
                [33maria-label[39m=[32m"Toggle 
dark mode"[39m
                [33mclass[39m=[32m"p-2 
rounded-lg text-gray-400 dark:text-slate-400 
hover:text-indigo-600 dark:hover:text-indigo-400 
hover:bg-indigo-50 dark:hover:bg-indigo-900/30 
transition-all duration-200"[39m
                
[33mid[39m=[32m"header-dark-mode-btn"[39m
                [33mtitle[39m=[32m"Switch to 
Dark Mode"[39m
              [36m>[39m
                [36m<svg[39m
                  [33mclass[39m=[32...
[90m [2mΓ¥»[22m Proxy.waitForWrapper node_modules
/@testing-library/dom/dist/wait-for.js:[2m163:27[2
2m[39m
[36m [2mΓ¥»[22m 
src/tests/Dashboard.test.jsx:[2m332:19[22m[39m
    [90m330| [39m        
[34mit[39m([32m'should navigate to 
/surgeries/new when Add New Surgery is [39mΓÇª
    [90m331| [39m            
[34mrenderDashboard[39m()[33m;[39m
    [90m332| [39m            [35mawait[39m 
[34mwaitFor[39m(() [33m=>[39m {
    [90m   | [39m                  [31m^[39m
    [90m333| [39m                [34mexpect[39m(
screen[33m.[39m[34mgetByText[39m([32m'+ Add 
New Surgery'[39m))[33m.[39m[34mtoBeInTh[39mΓÇª
    [90m334| [39m            })[33m;[39m

[31m[2mΓÄ»ΓÄ»ΓÄ»ΓÄ»ΓÄ»ΓÄ»ΓÄ»ΓÄ»ΓÄ»ΓÄ»ΓÄ»ΓÄ»ΓÄ»ΓÄ»Γ
Ä»ΓÄ»ΓÄ»ΓÄ»ΓÄ»ΓÄ»ΓÄ»ΓÄ»ΓÄ»ΓÄ»[7/7]ΓÄ»[22m[39m

